<html>
<body>
<pre>
<h1>µVision Build Log</h1>
<h2>Tool Versions:</h2>
IDE-Version: ¦ÌVision V5.26.2.0
Copyright (C) 2018 ARM Ltd and ARM Germany GmbH. All rights reserved.
License Information: Jiang Jihai, ff, LIC=9N0AR-KG9SG-JPJZQ-NF6V3-APN1M-H1Z9Z
 
Tool Versions:
Toolchain:       MDK-ARM Professional  Version: 5.26.2.0
Toolchain Path:  D:\program\keil5\ARM\ARMCC\Bin
C Compiler:      Armcc.exe V5.06 update 6 (build 750)
Assembler:       Armasm.exe V5.06 update 6 (build 750)
Linker/Locator:  ArmLink.exe V5.06 update 6 (build 750)
Library Manager: ArmAr.exe V5.06 update 6 (build 750)
Hex Converter:   FromElf.exe V5.06 update 6 (build 750)
CPU DLL:         SARMCM3.DLL V5.26.2.0
Dialog DLL:      DCM.DLL V1.17.2.0
Target DLL:      STLink\ST-LINKIII-KEIL_SWO.dll V2.0.14.0_KEIL
Dialog DLL:      TCM.DLL V1.36.1.0
 
<h2>Project:</h2>
E:\project code\FJY-LED8-DRIVER\ARM_MDK\FJY-LED8-DRIVER.uvprojx
Project File Date:  01/23/2019

<h2>Output:</h2>
*** Using Compiler 'V5.06 update 6 (build 750)', folder: 'D:\program\keil5\ARM\ARMCC\Bin'
Build target 'Target 1'
compiling ledpower.c...
compiling main.c...
..\Source\USER\main.c(79): warning:  #111-D: statement is unreachable
    return 0;
..\Source\USER\main.c: 1 warning, 0 errors
compiling scheduler.c...
compiling adc.c...
compiling stmflash.c...
compiling dmx512.c...
compiling delay.c...
compiling mymath.c...
compiling debug.c...
compiling rdm_slave.c...
compiling panle.c...
linking...
Program Size: Code=28688 RO-data=1020 RW-data=676 ZI-data=1057180  
".\Objects\FJY-LED8-DRIVER.axf" - 0 Error(s), 1 Warning(s).

<h2>Software Packages used:</h2>

Package Vendor: Keil
                http://www.keil.com/pack/Keil.STM32F1xx_DFP.1.0.5.pack
                Keil.STM32F1xx_DFP.1.0.5
                STMicroelectronics STM32F1 Series Device Support, Drivers and Examples

<h2>Collection of Component include folders:</h2>
  .\RTE\_Target_1
  D:\program\keil5\ARM\PACK\Keil\STM32F1xx_DFP\1.0.5\Device\Include

<h2>Collection of Component Files used:</h2>
Build Time Elapsed:  00:00:02
</pre>
</body>
</html>
