Component: ARM Compiler 5.06 update 6 (build 750) Tool: armlink [4d35ed]

==============================================================================

Section Cross References

    main.o(i.GPIO_init) refers to stm32f10x_rcc.o(i.RCC_APB2PeriphClockCmd) for RCC_APB2PeriphClockCmd
    main.o(i.GPIO_init) refers to stm32f10x_gpio.o(i.GPIO_PinRemapConfig) for GPIO_PinRemapConfig
    main.o(i.GPIO_init) refers to stm32f10x_gpio.o(i.GPIO_Init) for GPIO_Init
    main.o(i.handle_dmx_data) refers to dflt_clz.o(x$fpl$dflt) for __aeabi_i2d
    main.o(i.handle_dmx_data) refers to ddiv.o(x$fpl$ddiv) for __aeabi_ddiv
    main.o(i.handle_dmx_data) refers to d2f.o(x$fpl$d2f) for __aeabi_d2f
    main.o(i.handle_dmx_data) refers to ledpower.o(i.SetLedPower) for SetLedPower
    main.o(i.handle_dmx_data) refers to feqf.o(x$fpl$feqf) for __aeabi_cfcmpeq
    main.o(i.handle_dmx_data) refers to dfixu.o(x$fpl$dfixu) for __aeabi_d2uiz
    main.o(i.handle_dmx_data) refers to ledpower.o(i.SetLedPowerOpen) for SetLedPowerOpen
    main.o(i.handle_dmx_data) refers to pwm16.o(i.set_pwm) for set_pwm
    main.o(i.handle_dmx_data) refers to main.o(.bss) for Sys
    main.o(i.handle_dmx_data) refers to dmx512.o(.data) for DMX512_RX_BUF
    main.o(i.handle_dmx_data) refers to main.o(.data) for max_current
    main.o(i.main) refers to misc.o(i.NVIC_PriorityGroupConfig) for NVIC_PriorityGroupConfig
    main.o(i.main) refers to delay.o(i.SysTick_Configuration) for SysTick_Configuration
    main.o(i.main) refers to main.o(i.GPIO_init) for GPIO_init
    main.o(i.main) refers to debug.o(i.Debug_init) for Debug_init
    main.o(i.main) refers to pwm16.o(i.PWM16_init) for PWM16_init
    main.o(i.main) refers to stmflash.o(i.LoadConfig) for LoadConfig
    main.o(i.main) refers to adc.o(i.ADC1Init) for ADC1Init
    main.o(i.main) refers to dmx512.o(i.dmx512_init) for dmx512_init
    main.o(i.main) refers to ledpower.o(i.ledpower_init) for ledpower_init
    main.o(i.main) refers to debug.o(i.Debug_printf) for Debug_printf
    main.o(i.main) refers to panle.o(i.PanleInit) for PanleInit
    main.o(i.main) refers to delay.o(i.delay_ms) for delay_ms
    main.o(i.main) refers to scheduler.o(i.Duty_Loop) for Duty_Loop
    main.o(i.main) refers to main.o(.bss) for Sys
    system_stm32f10x.o(i.SetSysClock) refers to system_stm32f10x.o(i.SetSysClockTo72) for SetSysClockTo72
    system_stm32f10x.o(i.SystemCoreClockUpdate) refers to system_stm32f10x.o(.data) for SystemCoreClock
    system_stm32f10x.o(i.SystemInit) refers to system_stm32f10x.o(i.SetSysClock) for SetSysClock
    scheduler.o(i.Duty_10ms) refers to delay.o(i.GetSysTime_us) for GetSysTime_us
    scheduler.o(i.Duty_10ms) refers to fflt_clz.o(x$fpl$ffltu) for __aeabi_ui2f
    scheduler.o(i.Duty_10ms) refers to fdiv.o(x$fpl$fdiv) for __aeabi_fdiv
    scheduler.o(i.Duty_10ms) refers to faddsub_clz.o(x$fpl$fsub) for __aeabi_fsub
    scheduler.o(i.Duty_10ms) refers to ledpower.o(i.find_min_current_task) for find_min_current_task
    scheduler.o(i.Duty_10ms) refers to main.o(i.handle_dmx_data) for handle_dmx_data
    scheduler.o(i.Duty_10ms) refers to scheduler.o(.bss) for duty_time
    scheduler.o(i.Duty_20ms) refers to delay.o(i.GetSysTime_us) for GetSysTime_us
    scheduler.o(i.Duty_20ms) refers to fflt_clz.o(x$fpl$ffltu) for __aeabi_ui2f
    scheduler.o(i.Duty_20ms) refers to fdiv.o(x$fpl$fdiv) for __aeabi_fdiv
    scheduler.o(i.Duty_20ms) refers to faddsub_clz.o(x$fpl$fsub) for __aeabi_fsub
    scheduler.o(i.Duty_20ms) refers to scheduler.o(.bss) for duty_time
    scheduler.o(i.Duty_2ms) refers to delay.o(i.GetSysTime_us) for GetSysTime_us
    scheduler.o(i.Duty_2ms) refers to fflt_clz.o(x$fpl$ffltu) for __aeabi_ui2f
    scheduler.o(i.Duty_2ms) refers to fdiv.o(x$fpl$fdiv) for __aeabi_fdiv
    scheduler.o(i.Duty_2ms) refers to faddsub_clz.o(x$fpl$fsub) for __aeabi_fsub
    scheduler.o(i.Duty_2ms) refers to rdm_slave.o(i.LedDrvRDMRecevieTask) for LedDrvRDMRecevieTask
    scheduler.o(i.Duty_2ms) refers to scheduler.o(.bss) for duty_time
    scheduler.o(i.Duty_50ms) refers to delay.o(i.GetSysTime_us) for GetSysTime_us
    scheduler.o(i.Duty_50ms) refers to fflt_clz.o(x$fpl$ffltu) for __aeabi_ui2f
    scheduler.o(i.Duty_50ms) refers to fdiv.o(x$fpl$fdiv) for __aeabi_fdiv
    scheduler.o(i.Duty_50ms) refers to dmx512.o(i.change_baude) for change_baude
    scheduler.o(i.Duty_50ms) refers to wdg.o(i.IWDG_Feed) for IWDG_Feed
    scheduler.o(i.Duty_50ms) refers to faddsub_clz.o(x$fpl$fsub) for __aeabi_fsub
    scheduler.o(i.Duty_50ms) refers to scheduler.o(.bss) for duty_time
    scheduler.o(i.Duty_5ms) refers to delay.o(i.GetSysTime_us) for GetSysTime_us
    scheduler.o(i.Duty_5ms) refers to fflt_clz.o(x$fpl$ffltu) for __aeabi_ui2f
    scheduler.o(i.Duty_5ms) refers to fdiv.o(x$fpl$fdiv) for __aeabi_fdiv
    scheduler.o(i.Duty_5ms) refers to faddsub_clz.o(x$fpl$fsub) for __aeabi_fsub
    scheduler.o(i.Duty_5ms) refers to ledpower.o(i.ledpower_task) for ledpower_task
[...]
    __rt_heap_descriptor                     0x0800055d   Thumb Code     8  rt_heap_descriptor_intlibspace.o(.text)
    __aeabi_errno_addr                       0x08000565   Thumb Code     8  rt_errno_addr_intlibspace.o(.text)
    __errno$intlibspace                      0x08000565   Thumb Code     0  rt_errno_addr_intlibspace.o(.text)
    __rt_errno_addr$intlibspace              0x08000565   Thumb Code     0  rt_errno_addr_intlibspace.o(.text)
    __use_no_heap                            0x0800056d   Thumb Code     2  hguard.o(.text)
    __heap$guard                             0x0800056f   Thumb Code     2  hguard.o(.text)
    _terminate_user_alloc                    0x08000571   Thumb Code     2  init_alloc.o(.text)
    _init_user_alloc                         0x08000573   Thumb Code     2  init_alloc.o(.text)
    __Heap_Full                              0x08000575   Thumb Code    34  init_alloc.o(.text)
    __Heap_Broken                            0x08000597   Thumb Code     6  init_alloc.o(.text)
    _init_alloc                              0x0800059d   Thumb Code    94  init_alloc.o(.text)
    __Heap_Initialize                        0x080005fb   Thumb Code    10  h1_init.o(.text)
    __Heap_DescSize                          0x08000605   Thumb Code     4  h1_init.o(.text)
    __read_errno                             0x08000609   Thumb Code    10  _rserrno.o(.text)
    __set_errno                              0x08000613   Thumb Code    12  _rserrno.o(.text)
    _printf_pre_padding                      0x0800061f   Thumb Code    44  _printf_pad.o(.text)
    _printf_post_padding                     0x0800064b   Thumb Code    34  _printf_pad.o(.text)
    _printf_truncate_signed                  0x0800066d   Thumb Code    18  _printf_truncate.o(.text)
    _printf_truncate_unsigned                0x0800067f   Thumb Code    18  _printf_truncate.o(.text)
    _printf_str                              0x08000691   Thumb Code    82  _printf_str.o(.text)
    _printf_int_dec                          0x080006e5   Thumb Code   104  _printf_dec.o(.text)
    _printf_charcount                        0x0800075d   Thumb Code    40  _printf_charcount.o(.text)
    _printf_char_common                      0x0800078f   Thumb Code    32  _printf_char_common.o(.text)
    _sputc                                   0x080007b5   Thumb Code    10  _sputc.o(.text)
    _printf_wctomb                           0x080007c1   Thumb Code   182  _printf_wctomb.o(.text)
    _printf_longlong_dec                     0x0800087d   Thumb Code   108  _printf_longlong_dec.o(.text)
    _printf_longlong_oct                     0x080008f9   Thumb Code    66  _printf_oct_int_ll.o(.text)
    _printf_int_oct                          0x0800093b   Thumb Code    24  _printf_oct_int_ll.o(.text)
    _printf_ll_oct                           0x08000953   Thumb Code    12  _printf_oct_int_ll.o(.text)
    _printf_longlong_hex                     0x08000969   Thumb Code    86  _printf_hex_int_ll_ptr.o(.text)
    _printf_int_hex                          0x080009bf   Thumb Code    28  _printf_hex_int_ll_ptr.o(.text)
    _printf_ll_hex                           0x080009db   Thumb Code    12  _printf_hex_int_ll_ptr.o(.text)
    _printf_hex_ptr                          0x080009e7   Thumb Code    18  _printf_hex_int_ll_ptr.o(.text)
    __printf                                 0x080009fd   Thumb Code   388  __printf_flags_ss_wp.o(.text)
    __strtod_int                             0x08000bc1   Thumb Code    90  strtod.o(.text)
    strtol                                   0x08000c29   Thumb Code   112  strtol.o(.text)
    __user_libspace                          0x08000c99   Thumb Code     8  libspace.o(.text)
    __user_perproc_libspace                  0x08000c99   Thumb Code     0  libspace.o(.text)
    __user_perthread_libspace                0x08000c99   Thumb Code     0  libspace.o(.text)
    __rt_ctype_table                         0x08000ca1   Thumb Code    16  rt_ctype_table.o(.text)
    __Heap_ProvideMemory                     0x08000cb1   Thumb Code    52  h1_extend.o(.text)
    _ll_udiv10                               0x08000ce5   Thumb Code   138  lludiv10.o(.text)
    isspace                                  0x08000d6f   Thumb Code    18  isspace.o(.text)
    _printf_int_common                       0x08000d81   Thumb Code   178  _printf_intcommon.o(.text)
    __lib_sel_fp_printf                      0x08000e33   Thumb Code     2  _printf_fp_dec.o(.text)
    _printf_fp_dec_real                      0x08000fe5   Thumb Code   620  _printf_fp_dec.o(.text)
    _printf_fp_hex_real                      0x08001251   Thumb Code   756  _printf_fp_hex.o(.text)
    _printf_cs_common                        0x0800154d   Thumb Code    20  _printf_char.o(.text)
    _printf_char                             0x08001561   Thumb Code    16  _printf_char.o(.text)
    _printf_string                           0x08001571   Thumb Code     8  _printf_char.o(.text)
    _printf_lcs_common                       0x08001579   Thumb Code    20  _printf_wchar.o(.text)
    _printf_wchar                            0x0800158d   Thumb Code    16  _printf_wchar.o(.text)
    _printf_wstring                          0x0800159d   Thumb Code     8  _printf_wchar.o(.text)
    _sgetc                                   0x080015a5   Thumb Code    30  _sgetc.o(.text)
    _sbackspace                              0x080015c3   Thumb Code    34  _sgetc.o(.text)
    _strtoul                                 0x080015e5   Thumb Code   158  _strtoul.o(.text)
    _wcrtomb                                 0x08001683   Thumb Code    64  _wcrtomb.o(.text)
    __rt_SIGRTMEM                            0x080016c3   Thumb Code    14  defsig_rtmem_outer.o(.text)
    __I$use$semihosting                      0x080016d1   Thumb Code     0  use_no_semi.o(.text)
    __use_no_semihosting_swi                 0x080016d1   Thumb Code     2  use_no_semi.o(.text)
    __semihosting_library_function           0x080016d3   Thumb Code     0  indicate_semi.o(.text)
    __user_setup_stackheap                   0x080016d3   Thumb Code    74  sys_stackheap_outer.o(.text)
    __rt_locale                              0x0800171d   Thumb Code     8  rt_locale_intlibspace.o(.text)
    _printf_fp_infnan                        0x08001725   Thumb Code   112  _printf_fp_infnan.o(.text)
    _chval                                   0x080017a5   Thumb Code    28  _chval.o(.text)
    _scanf_really_real                       0x08001a0d   Thumb Code   684  scanf_fp.o(.text)
    _btod_etento                             0x08001cb9   Thumb Code   224  bigflt0.o(.text)
    exit                                     0x08001d9d   Thumb Code    18  exit.o(.text)
    __sig_exit                               0x08001daf   Thumb Code    10  defsig_exit.o(.text)
    __rt_SIGRTMEM_inner                      0x08001db9   Thumb Code    22  defsig_rtmem_inner.o(.text)
    strcmp                                   0x08001e09   Thumb Code   128  strcmpv7m.o(.text)
    _sys_exit                                0x08001e89   Thumb Code     8  sys_exit.o(.text)
    __default_signal_display                 0x08001e95   Thumb Code    50  defsig_general.o(.text)
    _ttywrch                                 0x08001ec7   Thumb Code    14  sys_wrch.o(.text)
    _scanf_really_hex_real                   0x08001ed5   Thumb Code   786  scanf_hexfp.o(.text)
    _scanf_really_infnan                     0x080021f5   Thumb Code   292  scanf_infnan.o(.text)
    __aeabi_llsl                             0x08002329   Thumb Code     0  llshl.o(.text)
    _ll_shift_l                              0x08002329   Thumb Code    38  llshl.o(.text)
    _btod_d2e                                0x0800234f   Thumb Code    62  btod.o(CL$$btod_d2e)
    _d2e_denorm_low                          0x0800238d   Thumb Code    70  btod.o(CL$$btod_d2e_denorm_low)
    _d2e_norm_op1                            0x080023d3   Thumb Code    96  btod.o(CL$$btod_d2e_norm_op1)
    __btod_div_common                        0x08002433   Thumb Code   696  btod.o(CL$$btod_div_common)
    _e2d                                     0x0800276d   Thumb Code   122  btod.o(CL$$btod_e2d)
    _e2e                                     0x080027f1   Thumb Code   220  btod.o(CL$$btod_e2e)
    _btod_ediv                               0x080028cd   Thumb Code    42  btod.o(CL$$btod_ediv)
    _btod_edivd                              0x080028f7   Thumb Code    42  btod.o(CL$$btod_edivd)
    _btod_emul                               0x08002921   Thumb Code    42  btod.o(CL$$btod_emul)
    _btod_emuld                              0x0800294b   Thumb Code    42  btod.o(CL$$btod_emuld)
    __btod_mult_common                       0x08002975   Thumb Code   580  btod.o(CL$$btod_mult_common)
    ADC1Init                                 0x08002bb9   Thumb Code   270  adc.o(i.ADC1Init)
    ADC_Cmd                                  0x08002cd9   Thumb Code    22  stm32f10x_adc.o(i.ADC_Cmd)
    ADC_DMACmd                               0x08002cef   Thumb Code    22  stm32f10x_adc.o(i.ADC_DMACmd)
    ADC_DeInit                               0x08002d05   Thumb Code    78  stm32f10x_adc.o(i.ADC_DeInit)
    ADC_GetCalibrationStatus                 0x08002d61   Thumb Code    20  stm32f10x_adc.o(i.ADC_GetCalibrationStatus)
    ADC_GetResetCalibrationStatus            0x08002d75   Thumb Code    20  stm32f10x_adc.o(i.ADC_GetResetCalibrationStatus)
    ADC_Init                                 0x08002d89   Thumb Code    70  stm32f10x_adc.o(i.ADC_Init)
    ADC_RegularChannelConfig                 0x08002dd9   Thumb Code   184  stm32f10x_adc.o(i.ADC_RegularChannelConfig)
    ADC_ResetCalibration                     0x08002e91   Thumb Code    10  stm32f10x_adc.o(i.ADC_ResetCalibration)
    ADC_SoftwareStartConvCmd                 0x08002e9b   Thumb Code    22  stm32f10x_adc.o(i.ADC_SoftwareStartConvCmd)
    ADC_StartCalibration                     0x08002eb1   Thumb Code    10  stm32f10x_adc.o(i.ADC_StartCalibration)
    BusFault_Handler                         0x08002ebb   Thumb Code     4  stm32f10x_it.o(i.BusFault_Handler)
    DMA1_Channel1_IRQHandler                 0x08002ec1   Thumb Code   544  adc.o(i.DMA1_Channel1_IRQHandler)
    DMA1_Channel7_IRQHandler                 0x08003129   Thumb Code    74  dmx512.o(i.DMA1_Channel7_IRQHandler)
    DebugMon_Handler                         0x08003185   Thumb Code     2  stm32f10x_it.o(i.DebugMon_Handler)
    Debug_init                               0x08003189   Thumb Code   178  debug.o(i.Debug_init)
    Debug_printf                             0x08003245   Thumb Code    56  debug.o(i.Debug_printf)
    Duty_10ms                                0x0800327d   Thumb Code    68  scheduler.o(i.Duty_10ms)
    Duty_1ms                                 0x080032c9   Thumb Code     2  scheduler.o(i.Duty_1ms)
    Duty_20ms                                0x080032cd   Thumb Code    60  scheduler.o(i.Duty_20ms)
    Duty_2ms                                 0x08003311   Thumb Code    64  scheduler.o(i.Duty_2ms)
    Duty_50ms                                0x08003359   Thumb Code    68  scheduler.o(i.Duty_50ms)
    Duty_5ms                                 0x080033a5   Thumb Code    70  scheduler.o(i.Duty_5ms)
    Duty_Loop                                0x080033f5   Thumb Code   122  scheduler.o(i.Duty_Loop)
    EXTI3_IRQHandler                         0x08003475   Thumb Code   132  dmx512.o(i.EXTI3_IRQHandler)
    EXTI_Init                                0x0800352d   Thumb Code   142  stm32f10x_exti.o(i.EXTI_Init)
    GPIO_EXTILineConfig                      0x080035c1   Thumb Code    60  stm32f10x_gpio.o(i.GPIO_EXTILineConfig)
    GPIO_Init                                0x08003601   Thumb Code   278  stm32f10x_gpio.o(i.GPIO_Init)
    GPIO_PinRemapConfig                      0x08003719   Thumb Code   138  stm32f10x_gpio.o(i.GPIO_PinRemapConfig)
    GPIO_init                                0x080037a9   Thumb Code    88  main.o(i.GPIO_init)
    GetCmdResponse                           0x08003815   Thumb Code   252  rdm_slave.o(i.GetCmdResponse)
    GetSysTime_us                            0x08003919   Thumb Code    48  delay.o(i.GetSysTime_us)
    HardFault_Handler                        0x0800394d   Thumb Code     4  stm32f10x_it.o(i.HardFault_Handler)
    IWDG_Feed                                0x08003951   Thumb Code     8  wdg.o(i.IWDG_Feed)
    IWDG_ReloadCounter                       0x08003959   Thumb Code    10  stm32f10x_iwdg.o(i.IWDG_ReloadCounter)
    LedDrvRDMRecevieTask                     0x08003969   Thumb Code    22  rdm_slave.o(i.LedDrvRDMRecevieTask)
    LoadConfig                               0x08003989   Thumb Code    46  stmflash.o(i.LoadConfig)
    Loop_check                               0x080039c5   Thumb Code    86  scheduler.o(i.Loop_check)
    MallocRDMTxBuf                           0x08003a21   Thumb Code    56  dmx512.o(i.MallocRDMTxBuf)
    MemManage_Handler                        0x08003a89   Thumb Code     4  stm32f10x_it.o(i.MemManage_Handler)
    NMI_Handler                              0x08003a8d   Thumb Code     2  stm32f10x_it.o(i.NMI_Handler)
    NVIC_Init                                0x08003a91   Thumb Code   100  misc.o(i.NVIC_Init)
    NVIC_PriorityGroupConfig                 0x08003b01   Thumb Code    10  misc.o(i.NVIC_PriorityGroupConfig)
    NeuralPID_SetExp                         0x08003b15   Thumb Code     4  neuralpid.o(i.NeuralPID_SetExp)
    PWM16_init                               0x08003b19   Thumb Code    46  pwm16.o(i.PWM16_init)
    PanleInit                                0x08003b49   Thumb Code    46  panle.o(i.PanleInit)
    PendSV_Handler                           0x08003b89   Thumb Code     2  stm32f10x_it.o(i.PendSV_Handler)
    RCC_ADCCLKConfig                         0x08003b8d   Thumb Code    18  stm32f10x_rcc.o(i.RCC_ADCCLKConfig)
    RCC_AHBPeriphClockCmd                    0x08003ba5   Thumb Code    26  stm32f10x_rcc.o(i.RCC_AHBPeriphClockCmd)
    RCC_APB1PeriphClockCmd                   0x08003bc5   Thumb Code    26  stm32f10x_rcc.o(i.RCC_APB1PeriphClockCmd)
    RCC_APB1PeriphResetCmd                   0x08003be5   Thumb Code    26  stm32f10x_rcc.o(i.RCC_APB1PeriphResetCmd)
    RCC_APB2PeriphClockCmd                   0x08003c05   Thumb Code    26  stm32f10x_rcc.o(i.RCC_APB2PeriphClockCmd)
    RCC_APB2PeriphResetCmd                   0x08003c25   Thumb Code    26  stm32f10x_rcc.o(i.RCC_APB2PeriphResetCmd)
    RCC_GetClocksFreq                        0x08003c45   Thumb Code   192  stm32f10x_rcc.o(i.RCC_GetClocksFreq)
    RDMDMASend                               0x08003d21   Thumb Code   126  dmx512.o(i.RDMDMASend)
    RDMSlaveHandle                           0x08003dad   Thumb Code   108  rdm_slave.o(i.RDMSlaveHandle)
    RDM_Receive                              0x08003e1d   Thumb Code    58  rdm.o(i.RDM_Receive)
    RDM_RecevieRst                           0x08003e57   Thumb Code    18  rdm.o(i.RDM_RecevieRst)
    STMFLASH_ErasePage                       0x08003e69   Thumb Code    72  stmflash.o(i.STMFLASH_ErasePage)
    STMFLASH_GetStatus                       0x08003eb5   Thumb Code    38  stmflash.o(i.STMFLASH_GetStatus)
    STMFLASH_Lock                            0x08003ee1   Thumb Code    14  stmflash.o(i.STMFLASH_Lock)
    STMFLASH_Read                            0x08003ef5   Thumb Code    34  stmflash.o(i.STMFLASH_Read)
    STMFLASH_ReadHalfWord                    0x08003f17   Thumb Code     6  stmflash.o(i.STMFLASH_ReadHalfWord)
    STMFLASH_Unlock                          0x08003f1d   Thumb Code    12  stmflash.o(i.STMFLASH_Unlock)
    STMFLASH_WaitDone                        0x08003f35   Thumb Code    42  stmflash.o(i.STMFLASH_WaitDone)
    STMFLASH_Write                           0x08003f61   Thumb Code   224  stmflash.o(i.STMFLASH_Write)
    STMFLASH_WriteHalfWord                   0x08004049   Thumb Code    58  stmflash.o(i.STMFLASH_WriteHalfWord)
    STMFLASH_Write_NoCheck                   0x08004089   Thumb Code    38  stmflash.o(i.STMFLASH_Write_NoCheck)
    SVC_Handler                              0x080040af   Thumb Code     2  stm32f10x_it.o(i.SVC_Handler)
    SaveConfig                               0x080040b1   Thumb Code    14  stmflash.o(i.SaveConfig)
    SetLedPower                              0x080040c9   Thumb Code   114  ledpower.o(i.SetLedPower)
    SetLedPowerOpen                          0x08004159   Thumb Code    40  ledpower.o(i.SetLedPowerOpen)
    SignleNeuralAdaptivPID                   0x0800426d   Thumb Code  1226  neuralpid.o(i.SignleNeuralAdaptivPID)
    SysTick_CLKSourceConfig                  0x08004737   Thumb Code    40  misc.o(i.SysTick_CLKSourceConfig)
    SysTick_Configuration                    0x08004761   Thumb Code   104  delay.o(i.SysTick_Configuration)
    SysTick_Handler                          0x080047d1   Thumb Code    18  delay.o(i.SysTick_Handler)
    SystemInit                               0x080047e9   Thumb Code    78  system_stm32f10x.o(i.SystemInit)
    TIM2_PWM_Init                            0x08004849   Thumb Code   200  pwm16.o(i.TIM2_PWM_Init)
    TIM3_PWM_Init                            0x0800491d   Thumb Code   174  pwm16.o(i.TIM3_PWM_Init)
    TIM4_PWM_Init                            0x080049d9   Thumb Code   166  pwm16.o(i.TIM4_PWM_Init)
    TIM5_PWM_Init                            0x08004a89   Thumb Code   164  pwm16.o(i.TIM5_PWM_Init)
    TIM6_IRQHandler                          0x08004b35   Thumb Code    32  dmx512.o(i.TIM6_IRQHandler)
    TIM_ClearITPendingBit                    0x08004b5d   Thumb Code     6  stm32f10x_tim.o(i.TIM_ClearITPendingBit)
    TIM_Cmd                                  0x08004b63   Thumb Code    24  stm32f10x_tim.o(i.TIM_Cmd)
    TIM_GetITStatus                          0x08004b7b   Thumb Code    34  stm32f10x_tim.o(i.TIM_GetITStatus)
    TIM_ITConfig                             0x08004b9d   Thumb Code    18  stm32f10x_tim.o(i.TIM_ITConfig)
    TIM_OC1Init                              0x08004bb1   Thumb Code   132  stm32f10x_tim.o(i.TIM_OC1Init)
    TIM_OC1PreloadConfig                     0x08004c49   Thumb Code    18  stm32f10x_tim.o(i.TIM_OC1PreloadConfig)
    TIM_OC2Init                              0x08004c5d   Thumb Code   154  stm32f10x_tim.o(i.TIM_OC2Init)
    TIM_OC2PreloadConfig                     0x08004d01   Thumb Code    26  stm32f10x_tim.o(i.TIM_OC2PreloadConfig)
    TIM_OC3Init                              0x08004d1d   Thumb Code   150  stm32f10x_tim.o(i.TIM_OC3Init)
    TIM_OC3PreloadConfig                     0x08004dbd   Thumb Code    18  stm32f10x_tim.o(i.TIM_OC3PreloadConfig)
    TIM_OC4Init                              0x08004dd1   Thumb Code   114  stm32f10x_tim.o(i.TIM_OC4Init)
    TIM_OC4PreloadConfig                     0x08004e4d   Thumb Code    26  stm32f10x_tim.o(i.TIM_OC4PreloadConfig)
    TIM_SetCompare1                          0x08004e67   Thumb Code     4  stm32f10x_tim.o(i.TIM_SetCompare1)
    TIM_SetCompare2                          0x08004e6b   Thumb Code     4  stm32f10x_tim.o(i.TIM_SetCompare2)
    TIM_SetCompare3                          0x08004e6f   Thumb Code     4  stm32f10x_tim.o(i.TIM_SetCompare3)
    TIM_SetCompare4                          0x08004e73   Thumb Code     6  stm32f10x_tim.o(i.TIM_SetCompare4)
    TIM_TimeBaseInit                         0x08004e79   Thumb Code   122  stm32f10x_tim.o(i.TIM_TimeBaseInit)
    UART4_IRQHandler                         0x08004f1d   Thumb Code    90  debug.o(i.UART4_IRQHandler)
    USART2_IRQHandler                        0x08004f7d   Thumb Code   154  dmx512.o(i.USART2_IRQHandler)
    USART_Cmd                                0x0800502d   Thumb Code    24  stm32f10x_usart.o(i.USART_Cmd)
    USART_GetFlagStatus                      0x08005045   Thumb Code    26  stm32f10x_usart.o(i.USART_GetFlagStatus)
    USART_GetITStatus                        0x0800505f   Thumb Code    84  stm32f10x_usart.o(i.USART_GetITStatus)
    USART_ITConfig                           0x080050b3   Thumb Code    74  stm32f10x_usart.o(i.USART_ITConfig)
    USART_Init                               0x080050fd   Thumb Code   210  stm32f10x_usart.o(i.USART_Init)
    USART_ReceiveData                        0x080051d5   Thumb Code    10  stm32f10x_usart.o(i.USART_ReceiveData)
    UsageFault_Handler                       0x080051df   Thumb Code     4  stm32f10x_it.o(i.UsageFault_Handler)
    __ARM_fpclassify                         0x080051e3   Thumb Code    40  fpclassify.o(i.__ARM_fpclassify)
    __mathlib_dbl_overflow                   0x0800520b   Thumb Code    14  dunder.o(i.__mathlib_dbl_overflow)
    __mathlib_dbl_underflow                  0x08005219   Thumb Code    10  dunder.o(i.__mathlib_dbl_underflow)
    __mathlib_narrow                         0x08005229   Thumb Code    16  narrow.o(i.__mathlib_narrow)
    __mathlib_tofloat                        0x08005239   Thumb Code   184  narrow.o(i.__mathlib_tofloat)
    __support_ldexp                          0x080052f5   Thumb Code    22  ldexp.o(i.__support_ldexp)
    _is_digit                                0x0800530b   Thumb Code    14  __printf_wp.o(i._is_digit)
    atof                                     0x08005319   Thumb Code    42  atof.o(i.atof)
    change_baude                             0x08005345   Thumb Code    70  dmx512.o(i.change_baude)
    debug_send_str                           0x08005399   Thumb Code    34  debug.o(i.debug_send_str)
    delay_ms                                 0x080053c1   Thumb Code    24  delay.o(i.delay_ms)
    delay_us                                 0x080053d9   Thumb Code    24  delay.o(i.delay_us)
    dmx512_init                              0x080053f1   Thumb Code   464  dmx512.o(i.dmx512_init)
    find_min_current_task                    0x080055dd   Thumb Code   144  ledpower.o(i.find_min_current_task)
    frexp                                    0x08005689   Thumb Code    80  frexp.o(i.frexp)
    handle_dmx_data                          0x080056e1   Thumb Code   324  main.o(i.handle_dmx_data)
    ldexp                                    0x08005845   Thumb Code   116  ldexp.o(i.ldexp)
    ledpower_init                            0x080058b9   Thumb Code    58  ledpower.o(i.ledpower_init)
    ledpower_task                            0x0800590d   Thumb Code    64  ledpower.o(i.ledpower_task)
    main                                     0x0800595d   Thumb Code    84  main.o(i.main)
    my_mem_free                              0x080059cd   Thumb Code    96  malloc.o(i.my_mem_free)
    my_mem_init                              0x08005a39   Thumb Code    54  malloc.o(i.my_mem_init)
    my_mem_malloc                            0x08005a7d   Thumb Code   156  malloc.o(i.my_mem_malloc)
    my_mem_perused                           0x08005b25   Thumb Code    54  malloc.o(i.my_mem_perused)
    myfree                                   0x08005b65   Thumb Code    30  malloc.o(i.myfree)
    mymalloc                                 0x08005b89   Thumb Code    34  malloc.o(i.mymalloc)
    mymemset                                 0x08005bb1   Thumb Code    20  malloc.o(i.mymemset)
    set_pwm                                  0x08005bc5   Thumb Code   254  pwm16.o(i.set_pwm)
    slect_ch                                 0x08005cd1   Thumb Code   130  adc.o(i.slect_ch)
    uart_duty                                0x08005d5d   Thumb Code   224  debug.o(i.uart_duty)
    uart_resiver                             0x08005e89   Thumb Code   100  debug.o(i.uart_resiver)
    _get_lc_numeric                          0x08005ef5   Thumb Code    44  lc_numeric_c.o(locale$$code)
    _get_lc_ctype                            0x08005f21   Thumb Code    44  lc_ctype_c.o(locale$$code)
    __aeabi_d2f                              0x08005f4d   Thumb Code     0  d2f.o(x$fpl$d2f)
    _d2f                                     0x08005f4d   Thumb Code    98  d2f.o(x$fpl$d2f)
    __aeabi_dadd                             0x08005fb1   Thumb Code     0  daddsub_clz.o(x$fpl$dadd)
    _dadd                                    0x08005fb1   Thumb Code   332  daddsub_clz.o(x$fpl$dadd)
    __fpl_dcheck_NaN1                        0x08006101   Thumb Code    10  dcheck1.o(x$fpl$dcheck1)
    __fpl_dcmp_Inf                           0x08006111   Thumb Code    24  dcmpi.o(x$fpl$dcmpinf)
    __aeabi_ddiv                             0x08006129   Thumb Code     0  ddiv.o(x$fpl$ddiv)
    _ddiv                                    0x08006129   Thumb Code   552  ddiv.o(x$fpl$ddiv)
    __aeabi_cdcmpeq                          0x080063d9   Thumb Code     0  deqf.o(x$fpl$deqf)
    _dcmpeq                                  0x080063d9   Thumb Code   120  deqf.o(x$fpl$deqf)
    __aeabi_d2uiz                            0x08006451   Thumb Code     0  dfixu.o(x$fpl$dfixu)
    _dfixu                                   0x08006451   Thumb Code    90  dfixu.o(x$fpl$dfixu)
    __aeabi_i2d                              0x080064ab   Thumb Code     0  dflt_clz.o(x$fpl$dflt)
    _dflt                                    0x080064ab   Thumb Code    46  dflt_clz.o(x$fpl$dflt)
    __aeabi_ui2d                             0x080064d9   Thumb Code     0  dflt_clz.o(x$fpl$dfltu)
    _dfltu                                   0x080064d9   Thumb Code    38  dflt_clz.o(x$fpl$dfltu)
    __aeabi_cdcmple                          0x08006501   Thumb Code     0  dleqf.o(x$fpl$dleqf)
    _dcmple                                  0x08006501   Thumb Code   120  dleqf.o(x$fpl$dleqf)
    __fpl_dcmple_InfNaN                      0x08006563   Thumb Code     0  dleqf.o(x$fpl$dleqf)
    __aeabi_dmul                             0x08006579   Thumb Code     0  dmul.o(x$fpl$dmul)
    _dmul                                    0x08006579   Thumb Code   332  dmul.o(x$fpl$dmul)
    __fpl_dnaninf                            0x080066cd   Thumb Code   156  dnaninf.o(x$fpl$dnaninf)
    __fpl_dretinf                            0x08006769   Thumb Code    12  dretinf.o(x$fpl$dretinf)
    __aeabi_cdrcmple                         0x08006775   Thumb Code     0  drleqf.o(x$fpl$drleqf)
    _drcmple                                 0x08006775   Thumb Code   108  drleqf.o(x$fpl$drleqf)
    __aeabi_dsub                             0x080067e1   Thumb Code     0  daddsub_clz.o(x$fpl$dsub)
    _dsub                                    0x080067e1   Thumb Code   464  daddsub_clz.o(x$fpl$dsub)
    __aeabi_f2d                              0x080069b5   Thumb Code     0  f2d.o(x$fpl$f2d)
    _f2d                                     0x080069b5   Thumb Code    86  f2d.o(x$fpl$f2d)
    __aeabi_fadd                             0x08006a0d   Thumb Code     0  faddsub_clz.o(x$fpl$fadd)
    _fadd                                    0x08006a0d   Thumb Code   196  faddsub_clz.o(x$fpl$fadd)
    __fpl_fcmp_Inf                           0x08006ad1   Thumb Code    24  fcmpi.o(x$fpl$fcmpinf)
    __aeabi_fdiv                             0x08006ae9   Thumb Code     0  fdiv.o(x$fpl$fdiv)
    _fdiv                                    0x08006ae9   Thumb Code   384  fdiv.o(x$fpl$fdiv)
    __aeabi_cfcmpeq                          0x08006c6d   Thumb Code     0  feqf.o(x$fpl$feqf)
    _fcmpeq                                  0x08006c6d   Thumb Code   104  feqf.o(x$fpl$feqf)
    __aeabi_f2uiz                            0x08006cd5   Thumb Code     0  ffixu.o(x$fpl$ffixu)
    _ffixu                                   0x08006cd5   Thumb Code    62  ffixu.o(x$fpl$ffixu)
    __aeabi_ui2f                             0x08006d15   Thumb Code     0  fflt_clz.o(x$fpl$ffltu)
    _ffltu                                   0x08006d15   Thumb Code    38  fflt_clz.o(x$fpl$ffltu)
    __aeabi_cfcmple                          0x08006d3d   Thumb Code     0  fleqf.o(x$fpl$fleqf)
    _fcmple                                  0x08006d3d   Thumb Code   104  fleqf.o(x$fpl$fleqf)
    __fpl_fcmple_InfNaN                      0x08006d8f   Thumb Code     0  fleqf.o(x$fpl$fleqf)
    __aeabi_fmul                             0x08006da5   Thumb Code     0  fmul.o(x$fpl$fmul)
    _fmul                                    0x08006da5   Thumb Code   258  fmul.o(x$fpl$fmul)
    __fpl_fnaninf                            0x08006ea7   Thumb Code   140  fnaninf.o(x$fpl$fnaninf)
    __fpl_fretinf                            0x08006f33   Thumb Code    10  fretinf.o(x$fpl$fretinf)
    __aeabi_cfrcmple                         0x08006f3d   Thumb Code     0  frleqf.o(x$fpl$frleqf)
    _frcmple                                 0x08006f3d   Thumb Code    98  frleqf.o(x$fpl$frleqf)
    __aeabi_frsub                            0x08006f9f   Thumb Code     0  faddsub_clz.o(x$fpl$frsb)
    _frsb                                    0x08006f9f   Thumb Code    20  faddsub_clz.o(x$fpl$frsb)
    __aeabi_fsub                             0x08006fb5   Thumb Code     0  faddsub_clz.o(x$fpl$fsub)
    _fsub                                    0x08006fb5   Thumb Code   234  faddsub_clz.o(x$fpl$fsub)
    __ieee_status                            0x0800709f   Thumb Code     6  istatus.o(x$fpl$ieeestatus)
    _printf_fp_dec                           0x080070a5   Thumb Code     4  printf1.o(x$fpl$printf1)
    _printf_fp_hex                           0x080070a9   Thumb Code     4  printf2.o(x$fpl$printf2)
    __fpl_return_NaN                         0x080070ad   Thumb Code   100  retnan.o(x$fpl$retnan)
    __ARM_scalbn                             0x08007111   Thumb Code    92  scalbn.o(x$fpl$scalbn)
    _scanf_real                              0x0800716d   Thumb Code     4  scanf1.o(x$fpl$scanf1)
    _scanf_hex_real                          0x08007171   Thumb Code     4  scanf2.o(x$fpl$scanf2)
    _scanf_infnan                            0x08007175   Thumb Code     4  scanf2.o(x$fpl$scanf2)
    __fpl_cmpreturn                          0x08007179   Thumb Code    48  trapv.o(x$fpl$trapveneer)
    Initnpid                                 0x080071a8   Data          64  ledpower.o(.constdata)
    __I$use$fp                               0x080071a8   Number         0  usenofp.o(x$fpl$usenofp)
    memtblsize                               0x080071f8   Data           8  malloc.o(.constdata)
    memblksize                               0x08007200   Data           8  malloc.o(.constdata)
    memsize                                  0x08007208   Data           8  malloc.o(.constdata)
    A_DUID                                   0x08007210   Data           6  panle.o(.constdata)
    B_DUID                                   0x08007216   Data           6  panle.o(.constdata)
    Region$$Table$$Base                      0x08007318   Number         0  anon$$obj.o(Region$$Table)
    Region$$Table$$Limit                     0x08007338   Number         0  anon$$obj.o(Region$$Table)
    __aeabi_HUGE_VAL                         0x08007338   Data           0  fpconst.o(c$$dinf)
    __aeabi_HUGE_VALL                        0x08007338   Data           0  fpconst.o(c$$dinf)
    __aeabi_INFINITY                         0x08007338   Data           0  fpconst.o(c$$dinf)
    __dInf                                   0x08007338   Data           0  fpconst.o(c$$dinf)
    __huge_val                               0x08007338   Data           0  fpconst.o(c$$dinf)
    __dbl_max                                0x08007340   Data           0  fpconst.o(c$$dmax)
    __ctype                                  0x08007371   Data           0  lc_ctype_c.o(locale$$data)
    I_changes                                0x20000000   Data           2  main.o(.data)
    sum_erro                                 0x20000002   Data           1  main.o(.data)
    max_current                              0x20000004   Data          10  main.o(.data)
    MIN_CURRENT                              0x20000010   Data          20  ledpower.o(.data)
    CURRENT_MIN_PWM                          0x20000024   Data          10  ledpower.o(.data)
    adc_data                                 0x20000030   Data           4  adc.o(.data)
    rfb                                      0x20000034   Data          20  adc.o(.data)
    last_t                                   0x20000048   Data           2  adc.o(.data)
    tim1                                     0x2000004a   Data           2  adc.o(.data)
    RDM_SendBuf                              0x20000050   Data           4  dmx512.o(.data)
    tim_over                                 0x20000054   Data           4  dmx512.o(.data)
    break_tim                                0x20000058   Data           4  dmx512.o(.data)
    DMX512_RX_BUF                            0x2000005c   Data         513  dmx512.o(.data)
    DMX512_RX_CNT                            0x2000025e   Data           2  dmx512.o(.data)
    TEST_SUM                                 0x20000260   Data           1  dmx512.o(.data)
    SUM_CNT                                  0x20000264   Data           4  dmx512.o(.data)
    tim                                      0x20000268   Data           2  dmx512.o(.data)
    baude                                    0x2000026c   Data           4  dmx512.o(.data)
    baude_last                               0x20000270   Data           4  dmx512.o(.data)
    sysTickUptime                            0x20000278   Data           4  delay.o(.data)
    USART_RX_STA                             0x2000027c   Data           2  debug.o(.data)
    mallco_dev                               0x20000280   Data          28  malloc.o(.data)
    led_drv_rdm_rev                          0x2000029c   Data           6  rdm_slave.o(.data)
    default_data                             0x200002b8   Data          16  main.o(.bss)
    EXP_PWM                                  0x200002c8   Data          10  main.o(.bss)
    DMX_CTL_I                                0x200002d4   Data          20  main.o(.bss)
    Last_DMX_CTL_I                           0x200002e8   Data          20  main.o(.bss)
    EXP_OUT_I                                0x200002fc   Data          20  main.o(.bss)
    Sys                                      0x20000310   Data          36  main.o(.bss)
    loop                                     0x20000334   Data          16  scheduler.o(.bss)
    duty_time                                0x20000344   Data          48  scheduler.o(.bss)
    Pid_I_true                               0x20000378   Data         200  ledpower.o(.bss)
    Pid_I_lpf                                0x20000440   Data         200  ledpower.o(.bss)
    pwm_out                                  0x20000508   Data          20  ledpower.o(.bss)
    I_npid                                   0x2000051c   Data         320  ledpower.o(.bss)
    ADC1_BUFFER                              0x2000065c   Data          60  adc.o(.bss)
    ADCH                                     0x20000698   Data          20  adc.o(.bss)
    ADCM                                     0x200006ac   Data          20  adc.o(.bss)
    ADCL                                     0x200006c0   Data          20  adc.o(.bss)
    I_true                                   0x200006d4   Data          20  adc.o(.bss)
    I_lpf                                    0x200006e8   Data          20  adc.o(.bss)
    STMFLASH_BUF                             0x200006fc   Data        2048  stmflash.o(.bss)
    USART_RX_BUF                             0x20000efc   Data         200  debug.o(.bss)
    pwm                                      0x20000fc4   Data         128  debug.o(.bss)
    mem1base                                 0x20001060   Data        5120  malloc.o(.bss)
    mem1mapbase                              0x20002460   Data         320  malloc.o(.bss)
    __libspace_start                         0x200025a0   Data          96  libspace.o(.bss)
    __temporary_stack_top$libspace           0x20002600   Data           0  libspace.o(.bss)
    mem2base                                 0x68000000   Data       983040  malloc.o(.ARM.__AT_0x68000000)
    mem2mapbase                              0x680f0000   Data       61440  malloc.o(.ARM.__AT_0x680F0000)



==============================================================================

Memory Map of the image

  Image Entry point : 0x08000131

  Load Region LR_IROM1 (Base: 0x08000000, Size: 0x0000772c, Max: 0x00040000, ABSOLUTE, COMPRESSED[0x000074d0])

    Execution Region ER_IROM1 (Exec base: 0x08000000, Load base: 0x08000000, Size: 0x00007474, Max: 0x00040000, ABSOLUTE)

    Exec Addr    Load Addr    Size         Type   Attr      Idx    E Section Name        Object

    0x08000000   0x08000000   0x00000130   Data   RO         3178    RESET               startup_stm32f10x_hd.o
    0x08000130   0x08000130   0x00000008   Code   RO         3276  * !!!main             c_w.l(__main.o)
    0x08000138   0x08000138   0x00000034   Code   RO         3807    !!!scatter          c_w.l(__scatter.o)
    0x0800016c   0x0800016c   0x0000005a   Code   RO         3805    !!dczerorl2         c_w.l(__dczerorl2.o)
    0x080001c6   0x080001c6   0x00000002   PAD
    0x080001c8   0x080001c8   0x0000001c   Code   RO         3809    !!handler_zi        c_w.l(__scatter_zi.o)
    0x080001e4   0x080001e4   0x00000000   Code   RO         3460    .ARM.Collect$$_printf_percent$$00000000  c_w.l(_printf_percent.o)
    0x080001e4   0x080001e4   0x00000006   Code   RO         3449    .ARM.Collect$$_printf_percent$$00000001  c_w.l(_printf_n.o)
    0x080001ea   0x080001ea   0x00000006   Code   RO         3451    .ARM.Collect$$_printf_percent$$00000002  c_w.l(_printf_p.o)
    0x080001f0   0x080001f0   0x00000006   Code   RO         3456    .ARM.Collect$$_printf_percent$$00000003  c_w.l(_printf_f.o)
    0x080001f6   0x080001f6   0x00000006   Code   RO         3457    .ARM.Collect$$_printf_percent$$00000004  c_w.l(_printf_e.o)
    0x080001fc   0x080001fc   0x00000006   Code   RO         3458    .ARM.Collect$$_printf_percent$$00000005  c_w.l(_printf_g.o)
    0x08000202   0x08000202   0x00000006   Code   RO         3459    .ARM.Collect$$_printf_percent$$00000006  c_w.l(_printf_a.o)
    0x08000208   0x08000208   0x0000000a   Code   RO         3464    .ARM.Collect$$_printf_percent$$00000007  c_w.l(_printf_ll.o)
    0x08000212   0x08000212   0x00000006   Code   RO         3453    .ARM.Collect$$_printf_percent$$00000008  c_w.l(_printf_i.o)
    0x08000218   0x08000218   0x00000006   Code   RO         3454    .ARM.Collect$$_printf_percent$$00000009  c_w.l(_printf_d.o)
    0x0800021e   0x0800021e   0x00000006   Code   RO         3455    .ARM.Collect$$_printf_percent$$0000000A  c_w.l(_printf_u.o)
    0x08000224   0x08000224   0x00000006   Code   RO         3452    .ARM.Collect$$_printf_percent$$0000000B  c_w.l(_printf_o.o)
    0x0800022a   0x0800022a   0x00000006   Code   RO         3450    .ARM.Collect$$_printf_percent$$0000000C  c_w.l(_printf_x.o)
    0x08000230   0x08000230   0x00000006   Code   RO         3461    .ARM.Collect$$_printf_percent$$0000000D  c_w.l(_printf_lli.o)
    0x08000236   0x08000236   0x00000006   Code   RO         3462    .ARM.Collect$$_printf_percent$$0000000E  c_w.l(_printf_lld.o)
    0x0800023c   0x0800023c   0x00000006   Code   RO         3463    .ARM.Collect$$_printf_percent$$0000000F  c_w.l(_printf_llu.o)
    0x08000242   0x08000242   0x00000006   Code   RO         3468    .ARM.Collect$$_printf_percent$$00000010  c_w.l(_printf_llo.o)
    0x08000248   0x08000248   0x00000006   Code   RO         3469    .ARM.Collect$$_printf_percent$$00000011  c_w.l(_printf_llx.o)
    0x0800024e   0x0800024e   0x0000000a   Code   RO         3465    .ARM.Collect$$_printf_percent$$00000012  c_w.l(_printf_l.o)
    0x08000258   0x08000258   0x00000006   Code   RO         3447    .ARM.Collect$$_printf_percent$$00000013  c_w.l(_printf_c.o)
    0x0800025e   0x0800025e   0x00000006   Code   RO         3448    .ARM.Collect$$_printf_percent$$00000014  c_w.l(_printf_s.o)
    0x08000264   0x08000264   0x00000006   Code   RO         3466    .ARM.Collect$$_printf_percent$$00000015  c_w.l(_printf_lc.o)
    0x0800026a   0x0800026a   0x00000006   Code   RO         3467    .ARM.Collect$$_printf_percent$$00000016  c_w.l(_printf_ls.o)
    0x08000270   0x08000270   0x00000004   Code   RO         3589    .ARM.Collect$$_printf_percent$$00000017  c_w.l(_printf_percent_end.o)
    0x08000274   0x08000274   0x00000002   Code   RO         3677    .ARM.Collect$$libinit$$00000000  c_w.l(libinit.o)
    0x08000276   0x08000276   0x00000000   Code   RO         3477    .ARM.Collect$$libinit$$00000002  c_w.l(libinit2.o)
    0x08000276   0x08000276   0x00000000   Code   RO         3479    .ARM.Collect$$libinit$$00000004  c_w.l(libinit2.o)
    0x08000276   0x08000276   0x00000008   Code   RO         3480    .ARM.Collect$$libinit$$00000005  c_w.l(libinit2.o)
    0x0800027e   0x0800027e   0x00000000   Code   RO         3482    .ARM.Collect$$libinit$$0000000A  c_w.l(libinit2.o)
    0x0800027e   0x0800027e   0x00000000   Code   RO         3484    .ARM.Collect$$libinit$$0000000C  c_w.l(libinit2.o)
    0x0800027e   0x0800027e   0x00000000   Code   RO         3486    .ARM.Collect$$libinit$$0000000E  c_w.l(libinit2.o)
    0x0800027e   0x0800027e   0x00000006   Code   RO         3487    .ARM.Collect$$libinit$$0000000F  c_w.l(libinit2.o)
    0x08000284   0x08000284   0x00000000   Code   RO         3489    .ARM.Collect$$libinit$$00000011  c_w.l(libinit2.o)
    0x08000284   0x08000284   0x0000000c   Code   RO         3490    .ARM.Collect$$libinit$$00000012  c_w.l(libinit2.o)
    0x08000290   0x08000290   0x00000000   Code   RO         3491    .ARM.Collect$$libinit$$00000013  c_w.l(libinit2.o)
    0x08000290   0x08000290   0x00000000   Code   RO         3493    .ARM.Collect$$libinit$$00000015  c_w.l(libinit2.o)
    0x08000290   0x08000290   0x0000000a   Code   RO         3494    .ARM.Collect$$libinit$$00000016  c_w.l(libinit2.o)
    0x0800029a   0x0800029a   0x00000000   Code   RO         3495    .ARM.Collect$$libinit$$00000017  c_w.l(libinit2.o)
    0x0800029a   0x0800029a   0x00000000   Code   RO         3497    .ARM.Collect$$libinit$$00000019  c_w.l(libinit2.o)
    0x0800029a   0x0800029a   0x00000000   Code   RO         3499    .ARM.Collect$$libinit$$0000001B  c_w.l(libinit2.o)
    0x0800029a   0x0800029a   0x00000000   Code   RO         3501    .ARM.Collect$$libinit$$0000001D  c_w.l(libinit2.o)
    0x0800029a   0x0800029a   0x00000000   Code   RO         3503    .ARM.Collect$$libinit$$0000001F  c_w.l(libinit2.o)
    0x0800029a   0x0800029a   0x00000000   Code   RO         3505    .ARM.Collect$$libinit$$00000021  c_w.l(libinit2.o)
    0x0800029a   0x0800029a   0x00000000   Code   RO         3507    .ARM.Collect$$libinit$$00000023  c_w.l(libinit2.o)
    0x0800029a   0x0800029a   0x00000000   Code   RO         3509    .ARM.Collect$$libinit$$00000025  c_w.l(libinit2.o)
    0x0800029a   0x0800029a   0x00000000   Code   RO         3513    .ARM.Collect$$libinit$$0000002C  c_w.l(libinit2.o)
    0x0800029a   0x0800029a   0x00000000   Code   RO         3515    .ARM.Collect$$libinit$$0000002E  c_w.l(libinit2.o)
    0x0800029a   0x0800029a   0x00000000   Code   RO         3517    .ARM.Collect$$libinit$$00000030  c_w.l(libinit2.o)
    0x0800029a   0x0800029a   0x00000000   Code   RO         3519    .ARM.Collect$$libinit$$00000032  c_w.l(libinit2.o)
    0x0800029a   0x0800029a   0x00000002   Code   RO         3520    .ARM.Collect$$libinit$$00000033  c_w.l(libinit2.o)
    0x0800029c   0x0800029c   0x00000002   Code   RO         3767    .ARM.Collect$$libshutdown$$00000000  c_w.l(libshutdown.o)
    0x0800029e   0x0800029e   0x00000000   Code   RO         3695    .ARM.Collect$$libshutdown$$00000002  c_w.l(libshutdown2.o)
    0x0800029e   0x0800029e   0x00000000   Code   RO         3697    .ARM.Collect$$libshutdown$$00000004  c_w.l(libshutdown2.o)
    0x0800029e   0x0800029e   0x00000000   Code   RO         3700    .ARM.Collect$$libshutdown$$00000007  c_w.l(libshutdown2.o)
    0x0800029e   0x0800029e   0x00000000   Code   RO         3703    .ARM.Collect$$libshutdown$$0000000A  c_w.l(libshutdown2.o)
    0x0800029e   0x0800029e   0x00000000   Code   RO         3705    .ARM.Collect$$libshutdown$$0000000C  c_w.l(libshutdown2.o)
    0x0800029e   0x0800029e   0x00000000   Code   RO         3708    .ARM.Collect$$libshutdown$$0000000F  c_w.l(libshutdown2.o)
    0x0800029e   0x0800029e   0x00000002   Code   RO         3709    .ARM.Collect$$libshutdown$$00000010  c_w.l(libshutdown2.o)
    0x080002a0   0x080002a0   0x00000000   Code   RO         3346    .ARM.Collect$$rtentry$$00000000  c_w.l(__rtentry.o)
    0x080002a0   0x080002a0   0x00000000   Code   RO         3548    .ARM.Collect$$rtentry$$00000002  c_w.l(__rtentry2.o)
    0x080002a0   0x080002a0   0x00000006   Code   RO         3560    .ARM.Collect$$rtentry$$00000004  c_w.l(__rtentry4.o)
    0x080002a6   0x080002a6   0x00000000   Code   RO         3550    .ARM.Collect$$rtentry$$00000009  c_w.l(__rtentry2.o)
    0x080002a6   0x080002a6   0x00000004   Code   RO         3551    .ARM.Collect$$rtentry$$0000000A  c_w.l(__rtentry2.o)
    0x080002aa   0x080002aa   0x00000000   Code   RO         3553    .ARM.Collect$$rtentry$$0000000C  c_w.l(__rtentry2.o)
    0x080002aa   0x080002aa   0x00000008   Code   RO         3554    .ARM.Collect$$rtentry$$0000000D  c_w.l(__rtentry2.o)
    0x080002b2   0x080002b2   0x00000002   Code   RO         3684    .ARM.Collect$$rtexit$$00000000  c_w.l(rtexit.o)
    0x080002b4   0x080002b4   0x00000000   Code   RO         3729    .ARM.Collect$$rtexit$$00000002  c_w.l(rtexit2.o)
    0x080002b4   0x080002b4   0x00000004   Code   RO         3730    .ARM.Collect$$rtexit$$00000003  c_w.l(rtexit2.o)
    0x080002b8   0x080002b8   0x00000006   Code   RO         3731    .ARM.Collect$$rtexit$$00000004  c_w.l(rtexit2.o)
    0x080002be   0x080002be   0x00000002   PAD
    0x080002c0   0x080002c0   0x00000000   Code   RO         3566    .emb_text           c_w.l(maybetermalloc1.o)
    0x080002c0   0x080002c0   0x00000040   Code   RO         3179    .text               startup_stm32f10x_hd.o
    0x08000300   0x08000300   0x0000005e   Code   RO         3204    .text               c_w.l(h1_alloc.o)
    0x0800035e   0x0800035e   0x0000004e   Code   RO         3206    .text               c_w.l(h1_free.o)
    0x080003ac   0x080003ac   0x00000024   Code   RO         3262    .text               c_w.l(vsprintf.o)
    0x080003d0   0x080003d0   0x0000001a   Code   RO         3264    .text               c_w.l(atoi.o)
    0x080003ea   0x080003ea   0x00000024   Code   RO         3266    .text               c_w.l(strstr.o)
    0x0800040e   0x0800040e   0x00000058   Code   RO         3268    .text               c_w.l(memcmp.o)
    0x08000466   0x08000466   0x0000008a   Code   RO         3270    .text               c_w.l(rt_memcpy_v6.o)
    0x080004f0   0x080004f0   0x00000064   Code   RO         3272    .text               c_w.l(rt_memcpy_w.o)
    0x08000554   0x08000554   0x00000006   Code   RO         3274    .text               c_w.l(heapauxi.o)
    0x0800055a   0x0800055a   0x00000002   PAD
    0x0800055c   0x0800055c   0x00000008   Code   RO         3350    .text               c_w.l(rt_heap_descriptor_intlibspace.o)
    0x08000564   0x08000564   0x00000008   Code   RO         3355    .text               c_w.l(rt_errno_addr_intlibspace.o)
    0x0800056c   0x0800056c   0x00000004   Code   RO         3357    .text               c_w.l(hguard.o)
    0x08000570   0x08000570   0x0000008a   Code   RO         3359    .text               c_w.l(init_alloc.o)
    0x080005fa   0x080005fa   0x0000000e   Code   RO         3363    .text               c_w.l(h1_init.o)
    0x08000608   0x08000608   0x00000016   Code   RO         3377    .text               c_w.l(_rserrno.o)
    0x0800061e   0x0800061e   0x0000004e   Code   RO         3381    .text               c_w.l(_printf_pad.o)
    0x0800066c   0x0800066c   0x00000024   Code   RO         3383    .text               c_w.l(_printf_truncate.o)
    0x08000690   0x08000690   0x00000052   Code   RO         3385    .text               c_w.l(_printf_str.o)
    0x080006e2   0x080006e2   0x00000002   PAD
    0x080006e4   0x080006e4   0x00000078   Code   RO         3387    .text               c_w.l(_printf_dec.o)
    0x0800075c   0x0800075c   0x00000028   Code   RO         3389    .text               c_w.l(_printf_charcount.o)
    0x08000784   0x08000784   0x00000030   Code   RO         3391    .text               c_w.l(_printf_char_common.o)
    0x080007b4   0x080007b4   0x0000000a   Code   RO         3393    .text               c_w.l(_sputc.o)
    0x080007be   0x080007be   0x00000002   PAD
    0x080007c0   0x080007c0   0x000000bc   Code   RO         3395    .text               c_w.l(_printf_wctomb.o)
    0x0800087c   0x0800087c   0x0000007c   Code   RO         3398    .text               c_w.l(_printf_longlong_dec.o)
    0x080008f8   0x080008f8   0x00000070   Code   RO         3404    .text               c_w.l(_printf_oct_int_ll.o)
    0x08000968   0x08000968   0x00000094   Code   RO         3424    .text               c_w.l(_printf_hex_int_ll_ptr.o)
    0x080009fc   0x080009fc   0x00000188   Code   RO         3444    .text               c_w.l(__printf_flags_ss_wp.o)
    0x08000b84   0x08000b84   0x000000a4   Code   RO         3470    .text               c_w.l(strtod.o)
    0x08000c28   0x08000c28   0x00000070   Code   RO         3472    .text               c_w.l(strtol.o)
    0x08000c98   0x08000c98   0x00000008   Code   RO         3544    .text               c_w.l(libspace.o)
    0x08000ca0   0x08000ca0   0x00000010   Code   RO         3562    .text               c_w.l(rt_ctype_table.o)
    0x08000cb0   0x08000cb0   0x00000034   Code   RO         3568    .text               c_w.l(h1_extend.o)
    0x08000ce4   0x08000ce4   0x0000008a   Code   RO         3572    .text               c_w.l(lludiv10.o)
    0x08000d6e   0x08000d6e   0x00000012   Code   RO         3574    .text               c_w.l(isspace.o)
    0x08000d80   0x08000d80   0x000000b2   Code   RO         3576    .text               c_w.l(_printf_intcommon.o)
    0x08000e32   0x08000e32   0x0000041e   Code   RO         3578    .text               c_w.l(_printf_fp_dec.o)
    0x08001250   0x08001250   0x000002fc   Code   RO         3580    .text               c_w.l(_printf_fp_hex.o)
    0x0800154c   0x0800154c   0x0000002c   Code   RO         3585    .text               c_w.l(_printf_char.o)
    0x08001578   0x08001578   0x0000002c   Code   RO         3587    .text               c_w.l(_printf_wchar.o)
    0x080015a4   0x080015a4   0x00000040   Code   RO         3590    .text               c_w.l(_sgetc.o)
    0x080015e4   0x080015e4   0x0000009e   Code   RO         3592    .text               c_w.l(_strtoul.o)
    0x08001682   0x08001682   0x00000040   Code   RO         3594    .text               c_w.l(_wcrtomb.o)
    0x080016c2   0x080016c2   0x0000000e   Code   RO         3599    .text               c_w.l(defsig_rtmem_outer.o)
    0x080016d0   0x080016d0   0x00000002   Code   RO         3612    .text               c_w.l(use_no_semi.o)
    0x080016d2   0x080016d2   0x00000000   Code   RO         3614    .text               c_w.l(indicate_semi.o)
    0x080016d2   0x080016d2   0x0000004a   Code   RO         3615    .text               c_w.l(sys_stackheap_outer.o)
    0x0800171c   0x0800171c   0x00000008   Code   RO         3622    .text               c_w.l(rt_locale_intlibspace.o)
    0x08001724   0x08001724   0x00000080   Code   RO         3626    .text               c_w.l(_printf_fp_infnan.o)
    0x080017a4   0x080017a4   0x0000001c   Code   RO         3628    .text               c_w.l(_chval.o)
    0x080017c0   0x080017c0   0x000004f8   Code   RO         3630    .text               c_w.l(scanf_fp.o)
    0x08001cb8   0x08001cb8   0x000000e4   Code   RO         3632    .text               c_w.l(bigflt0.o)
    0x08001d9c   0x08001d9c   0x00000012   Code   RO         3660    .text               c_w.l(exit.o)
    0x08001dae   0x08001dae   0x0000000a   Code   RO         3662    .text               c_w.l(defsig_exit.o)
    0x08001db8   0x08001db8   0x00000050   Code   RO         3664    .text               c_w.l(defsig_rtmem_inner.o)
    0x08001e08   0x08001e08   0x00000080   Code   RO         3666    .text               c_w.l(strcmpv7m.o)
    0x08001e88   0x08001e88   0x0000000c   Code   RO         3682    .text               c_w.l(sys_exit.o)
    0x08001e94   0x08001e94   0x00000032   Code   RO         3692    .text               c_w.l(defsig_general.o)
    0x08001ec6   0x08001ec6   0x0000000e   Code   RO         3726    .text               c_w.l(sys_wrch.o)
    0x08001ed4   0x08001ed4   0x00000320   Code   RO         3735    .text               c_w.l(scanf_hexfp.o)
    0x080021f4   0x080021f4   0x00000134   Code   RO         3737    .text               c_w.l(scanf_infnan.o)
    0x08002328   0x08002328   0x00000026   Code   RO         3747    .text               c_w.l(llshl.o)
    0x0800234e   0x0800234e   0x0000003e   Code   RO         3635    CL$$btod_d2e        c_w.l(btod.o)
    0x0800238c   0x0800238c   0x00000046   Code   RO         3637    CL$$btod_d2e_denorm_low  c_w.l(btod.o)
    0x080023d2   0x080023d2   0x00000060   Code   RO         3636    CL$$btod_d2e_norm_op1  c_w.l(btod.o)
    0x08002432   0x08002432   0x00000338   Code   RO         3645    CL$$btod_div_common  c_w.l(btod.o)
    0x0800276a   0x0800276a   0x00000002   PAD
    0x0800276c   0x0800276c   0x00000084   Code   RO         3643    CL$$btod_e2d        c_w.l(btod.o)
    0x080027f0   0x080027f0   0x000000dc   Code   RO         3642    CL$$btod_e2e        c_w.l(btod.o)
    0x080028cc   0x080028cc   0x0000002a   Code   RO         3639    CL$$btod_ediv       c_w.l(btod.o)
    0x080028f6   0x080028f6   0x0000002a   Code   RO         3641    CL$$btod_edivd      c_w.l(btod.o)
    0x08002920   0x08002920   0x0000002a   Code   RO         3638    CL$$btod_emul       c_w.l(btod.o)
    0x0800294a   0x0800294a   0x0000002a   Code   RO         3640    CL$$btod_emuld      c_w.l(btod.o)
    0x08002974   0x08002974   0x00000244   Code   RO         3644    CL$$btod_mult_common  c_w.l(btod.o)
    0x08002bb8   0x08002bb8   0x00000120   Code   RO          472    i.ADC1Init          adc.o
    0x08002cd8   0x08002cd8   0x00000016   Code   RO         1206    i.ADC_Cmd           stm32f10x_adc.o
    0x08002cee   0x08002cee   0x00000016   Code   RO         1207    i.ADC_DMACmd        stm32f10x_adc.o
    0x08002d04   0x08002d04   0x0000005c   Code   RO         1208    i.ADC_DeInit        stm32f10x_adc.o
    0x08002d60   0x08002d60   0x00000014   Code   RO         1214    i.ADC_GetCalibrationStatus  stm32f10x_adc.o
    0x08002d74   0x08002d74   0x00000014   Code   RO         1220    i.ADC_GetResetCalibrationStatus  stm32f10x_adc.o
    0x08002d88   0x08002d88   0x00000050   Code   RO         1224    i.ADC_Init          stm32f10x_adc.o
    0x08002dd8   0x08002dd8   0x000000b8   Code   RO         1228    i.ADC_RegularChannelConfig  stm32f10x_adc.o
    0x08002e90   0x08002e90   0x0000000a   Code   RO         1229    i.ADC_ResetCalibration  stm32f10x_adc.o
    0x08002e9a   0x08002e9a   0x00000016   Code   RO         1231    i.ADC_SoftwareStartConvCmd  stm32f10x_adc.o
    0x08002eb0   0x08002eb0   0x0000000a   Code   RO         1233    i.ADC_StartCalibration  stm32f10x_adc.o
    0x08002eba   0x08002eba   0x00000004   Code   RO          229    i.BusFault_Handler  stm32f10x_it.o
    0x08002ebe   0x08002ebe   0x00000002   PAD
    0x08002ec0   0x08002ec0   0x00000268   Code   RO          473    i.DMA1_Channel1_IRQHandler  adc.o
    0x08003128   0x08003128   0x0000005c   Code   RO          507    i.DMA1_Channel7_IRQHandler  dmx512.o
    0x08003184   0x08003184   0x00000002   Code   RO          230    i.DebugMon_Handler  stm32f10x_it.o
    0x08003186   0x08003186   0x00000002   PAD
    0x08003188   0x08003188   0x000000bc   Code   RO          975    i.Debug_init        debug.o
    0x08003244   0x08003244   0x00000038   Code   RO          976    i.Debug_printf      debug.o
    0x0800327c   0x0800327c   0x0000004c   Code   RO          286    i.Duty_10ms         scheduler.o
    0x080032c8   0x080032c8   0x00000002   Code   RO          287    i.Duty_1ms          scheduler.o
    0x080032ca   0x080032ca   0x00000002   PAD
    0x080032cc   0x080032cc   0x00000044   Code   RO          288    i.Duty_20ms         scheduler.o
    0x08003310   0x08003310   0x00000048   Code   RO          289    i.Duty_2ms          scheduler.o
    0x08003358   0x08003358   0x0000004c   Code   RO          290    i.Duty_50ms         scheduler.o
    0x080033a4   0x080033a4   0x00000050   Code   RO          291    i.Duty_5ms          scheduler.o
    0x080033f4   0x080033f4   0x00000080   Code   RO          292    i.Duty_Loop         scheduler.o
    0x08003474   0x08003474   0x000000b8   Code   RO          509    i.EXTI3_IRQHandler  dmx512.o
    0x0800352c   0x0800352c   0x00000094   Code   RO         1710    i.EXTI_Init         stm32f10x_exti.o
    0x080035c0   0x080035c0   0x00000040   Code   RO         1935    i.GPIO_EXTILineConfig  stm32f10x_gpio.o
    0x08003600   0x08003600   0x00000116   Code   RO         1938    i.GPIO_Init         stm32f10x_gpio.o
    0x08003716   0x08003716   0x00000002   PAD
    0x08003718   0x08003718   0x00000090   Code   RO         1940    i.GPIO_PinRemapConfig  stm32f10x_gpio.o
    0x080037a8   0x080037a8   0x0000006c   Code   RO            1    i.GPIO_init         main.o
    0x08003814   0x08003814   0x00000104   Code   RO         1134    i.GetCmdResponse    rdm_slave.o
    0x08003918   0x08003918   0x00000034   Code   RO          716    i.GetSysTime_us     delay.o
    0x0800394c   0x0800394c   0x00000004   Code   RO          231    i.HardFault_Handler  stm32f10x_it.o
    0x08003950   0x08003950   0x00000008   Code   RO          957    i.IWDG_Feed         wdg.o
    0x08003958   0x08003958   0x00000010   Code   RO         2048    i.IWDG_ReloadCounter  stm32f10x_iwdg.o
    0x08003968   0x08003968   0x00000020   Code   RO         1135    i.LedDrvRDMRecevieTask  rdm_slave.o
    0x08003988   0x08003988   0x0000003c   Code   RO          628    i.LoadConfig        stmflash.o
    0x080039c4   0x080039c4   0x0000005c   Code   RO          293    i.Loop_check        scheduler.o
    0x08003a20   0x08003a20   0x00000068   Code   RO          510    i.MallocRDMTxBuf    dmx512.o
    0x08003a88   0x08003a88   0x00000004   Code   RO          232    i.MemManage_Handler  stm32f10x_it.o
    0x08003a8c   0x08003a8c   0x00000002   Code   RO          233    i.NMI_Handler       stm32f10x_it.o
    0x08003a8e   0x08003a8e   0x00000002   PAD
    0x08003a90   0x08003a90   0x00000070   Code   RO         1164    i.NVIC_Init         misc.o
    0x08003b00   0x08003b00   0x00000014   Code   RO         1165    i.NVIC_PriorityGroupConfig  misc.o
    0x08003b14   0x08003b14   0x00000004   Code   RO          454    i.NeuralPID_SetExp  neuralpid.o
    0x08003b18   0x08003b18   0x0000002e   Code   RO          586    i.PWM16_init        pwm16.o
    0x08003b46   0x08003b46   0x00000002   PAD
    0x08003b48   0x08003b48   0x00000040   Code   RO         3183    i.PanleInit         panle.o
    0x08003b88   0x08003b88   0x00000002   Code   RO          234    i.PendSV_Handler    stm32f10x_it.o
    0x08003b8a   0x08003b8a   0x00000002   PAD
    0x08003b8c   0x08003b8c   0x00000018   Code   RO         2238    i.RCC_ADCCLKConfig  stm32f10x_rcc.o
    0x08003ba4   0x08003ba4   0x00000020   Code   RO         2239    i.RCC_AHBPeriphClockCmd  stm32f10x_rcc.o
    0x08003bc4   0x08003bc4   0x00000020   Code   RO         2240    i.RCC_APB1PeriphClockCmd  stm32f10x_rcc.o
    0x08003be4   0x08003be4   0x00000020   Code   RO         2241    i.RCC_APB1PeriphResetCmd  stm32f10x_rcc.o
    0x08003c04   0x08003c04   0x00000020   Code   RO         2242    i.RCC_APB2PeriphClockCmd  stm32f10x_rcc.o
    0x08003c24   0x08003c24   0x00000020   Code   RO         2243    i.RCC_APB2PeriphResetCmd  stm32f10x_rcc.o
    0x08003c44   0x08003c44   0x000000dc   Code   RO         2250    i.RCC_GetClocksFreq  stm32f10x_rcc.o
    0x08003d20   0x08003d20   0x0000008c   Code   RO          511    i.RDMDMASend        dmx512.o
    0x08003dac   0x08003dac   0x00000070   Code   RO         1136    i.RDMSlaveHandle    rdm_slave.o
    0x08003e1c   0x08003e1c   0x0000003a   Code   RO         1104    i.RDM_Receive       rdm.o
    0x08003e56   0x08003e56   0x00000012   Code   RO         1105    i.RDM_RecevieRst    rdm.o
    0x08003e68   0x08003e68   0x0000004c   Code   RO          629    i.STMFLASH_ErasePage  stmflash.o
    0x08003eb4   0x08003eb4   0x0000002c   Code   RO          630    i.STMFLASH_GetStatus  stmflash.o
    0x08003ee0   0x08003ee0   0x00000014   Code   RO          631    i.STMFLASH_Lock     stmflash.o
    0x08003ef4   0x08003ef4   0x00000022   Code   RO          632    i.STMFLASH_Read     stmflash.o
    0x08003f16   0x08003f16   0x00000006   Code   RO          633    i.STMFLASH_ReadHalfWord  stmflash.o
    0x08003f1c   0x08003f1c   0x00000018   Code   RO          634    i.STMFLASH_Unlock   stmflash.o
    0x08003f34   0x08003f34   0x0000002a   Code   RO          635    i.STMFLASH_WaitDone  stmflash.o
    0x08003f5e   0x08003f5e   0x00000002   PAD
    0x08003f60   0x08003f60   0x000000e8   Code   RO          636    i.STMFLASH_Write    stmflash.o
    0x08004048   0x08004048   0x00000040   Code   RO          637    i.STMFLASH_WriteHalfWord  stmflash.o
    0x08004088   0x08004088   0x00000026   Code   RO          638    i.STMFLASH_Write_NoCheck  stmflash.o
    0x080040ae   0x080040ae   0x00000002   Code   RO          235    i.SVC_Handler       stm32f10x_it.o
    0x080040b0   0x080040b0   0x00000018   Code   RO          639    i.SaveConfig        stmflash.o
    0x080040c8   0x080040c8   0x00000090   Code   RO          401    i.SetLedPower       ledpower.o
    0x08004158   0x08004158   0x0000002c   Code   RO          402    i.SetLedPowerOpen   ledpower.o
    0x08004184   0x08004184   0x00000008   Code   RO          195    i.SetSysClock       system_stm32f10x.o
    0x0800418c   0x0800418c   0x000000e0   Code   RO          196    i.SetSysClockTo72   system_stm32f10x.o
    0x0800426c   0x0800426c   0x000004ca   Code   RO          455    i.SignleNeuralAdaptivPID  neuralpid.o
    0x08004736   0x08004736   0x00000028   Code   RO         1168    i.SysTick_CLKSourceConfig  misc.o
    0x0800475e   0x0800475e   0x00000002   PAD
    0x08004760   0x08004760   0x00000070   Code   RO          717    i.SysTick_Configuration  delay.o
    0x080047d0   0x080047d0   0x00000018   Code   RO          718    i.SysTick_Handler   delay.o
    0x080047e8   0x080047e8   0x00000060   Code   RO          198    i.SystemInit        system_stm32f10x.o
    0x08004848   0x08004848   0x000000d4   Code   RO          587    i.TIM2_PWM_Init     pwm16.o
    0x0800491c   0x0800491c   0x000000bc   Code   RO          588    i.TIM3_PWM_Init     pwm16.o
    0x080049d8   0x080049d8   0x000000b0   Code   RO          589    i.TIM4_PWM_Init     pwm16.o
    0x08004a88   0x08004a88   0x000000ac   Code   RO          590    i.TIM5_PWM_Init     pwm16.o
    0x08004b34   0x08004b34   0x00000028   Code   RO          512    i.TIM6_IRQHandler   dmx512.o
    0x08004b5c   0x08004b5c   0x00000006   Code   RO         2449    i.TIM_ClearITPendingBit  stm32f10x_tim.o
    0x08004b62   0x08004b62   0x00000018   Code   RO         2454    i.TIM_Cmd           stm32f10x_tim.o
    0x08004b7a   0x08004b7a   0x00000022   Code   RO         2475    i.TIM_GetITStatus   stm32f10x_tim.o
    0x08004b9c   0x08004b9c   0x00000012   Code   RO         2479    i.TIM_ITConfig      stm32f10x_tim.o
    0x08004bae   0x08004bae   0x00000002   PAD
    0x08004bb0   0x08004bb0   0x00000098   Code   RO         2483    i.TIM_OC1Init       stm32f10x_tim.o
    0x08004c48   0x08004c48   0x00000012   Code   RO         2486    i.TIM_OC1PreloadConfig  stm32f10x_tim.o
    0x08004c5a   0x08004c5a   0x00000002   PAD
    0x08004c5c   0x08004c5c   0x000000a4   Code   RO         2488    i.TIM_OC2Init       stm32f10x_tim.o
    0x08004d00   0x08004d00   0x0000001a   Code   RO         2491    i.TIM_OC2PreloadConfig  stm32f10x_tim.o
    0x08004d1a   0x08004d1a   0x00000002   PAD
    0x08004d1c   0x08004d1c   0x000000a0   Code   RO         2493    i.TIM_OC3Init       stm32f10x_tim.o
    0x08004dbc   0x08004dbc   0x00000012   Code   RO         2496    i.TIM_OC3PreloadConfig  stm32f10x_tim.o
    0x08004dce   0x08004dce   0x00000002   PAD
    0x08004dd0   0x08004dd0   0x0000007c   Code   RO         2498    i.TIM_OC4Init       stm32f10x_tim.o
    0x08004e4c   0x08004e4c   0x0000001a   Code   RO         2500    i.TIM_OC4PreloadConfig  stm32f10x_tim.o
    0x08004e66   0x08004e66   0x00000004   Code   RO         2515    i.TIM_SetCompare1   stm32f10x_tim.o
    0x08004e6a   0x08004e6a   0x00000004   Code   RO         2516    i.TIM_SetCompare2   stm32f10x_tim.o
    0x08004e6e   0x08004e6e   0x00000004   Code   RO         2517    i.TIM_SetCompare3   stm32f10x_tim.o
    0x08004e72   0x08004e72   0x00000006   Code   RO         2518    i.TIM_SetCompare4   stm32f10x_tim.o
    0x08004e78   0x08004e78   0x000000a4   Code   RO         2525    i.TIM_TimeBaseInit  stm32f10x_tim.o
    0x08004f1c   0x08004f1c   0x00000060   Code   RO          977    i.UART4_IRQHandler  debug.o
    0x08004f7c   0x08004f7c   0x000000b0   Code   RO          513    i.USART2_IRQHandler  dmx512.o
    0x0800502c   0x0800502c   0x00000018   Code   RO         2990    i.USART_Cmd         stm32f10x_usart.o
    0x08005044   0x08005044   0x0000001a   Code   RO         2993    i.USART_GetFlagStatus  stm32f10x_usart.o
    0x0800505e   0x0800505e   0x00000054   Code   RO         2994    i.USART_GetITStatus  stm32f10x_usart.o
    0x080050b2   0x080050b2   0x0000004a   Code   RO         2996    i.USART_ITConfig    stm32f10x_usart.o
    0x080050fc   0x080050fc   0x000000d8   Code   RO         2997    i.USART_Init        stm32f10x_usart.o
    0x080051d4   0x080051d4   0x0000000a   Code   RO         3004    i.USART_ReceiveData  stm32f10x_usart.o
    0x080051de   0x080051de   0x00000004   Code   RO          236    i.UsageFault_Handler  stm32f10x_it.o
    0x080051e2   0x080051e2   0x00000028   Code   RO         3680    i.__ARM_fpclassify  m_ws.l(fpclassify.o)
    0x0800520a   0x0800520a   0x0000000e   Code   RO         3788    i.__mathlib_dbl_overflow  m_ws.l(dunder.o)
    0x08005218   0x08005218   0x00000010   Code   RO         3790    i.__mathlib_dbl_underflow  m_ws.l(dunder.o)
    0x08005228   0x08005228   0x00000010   Code   RO         3720    i.__mathlib_narrow  m_ws.l(narrow.o)
    0x08005238   0x08005238   0x000000bc   Code   RO         3721    i.__mathlib_tofloat  m_ws.l(narrow.o)
    0x080052f4   0x080052f4   0x00000016   Code   RO         3771    i.__support_ldexp   m_ws.l(ldexp.o)
    0x0800530a   0x0800530a   0x0000000e   Code   RO         3437    i._is_digit         c_w.l(__printf_wp.o)
    0x08005318   0x08005318   0x0000002a   Code   RO         3341    i.atof              m_ws.l(atof.o)
    0x08005342   0x08005342   0x00000002   PAD
    0x08005344   0x08005344   0x00000054   Code   RO          514    i.change_baude      dmx512.o
    0x08005398   0x08005398   0x00000028   Code   RO          978    i.debug_send_str    debug.o
    0x080053c0   0x080053c0   0x00000018   Code   RO          719    i.delay_ms          delay.o
    0x080053d8   0x080053d8   0x00000018   Code   RO          720    i.delay_us          delay.o
    0x080053f0   0x080053f0   0x000001ec   Code   RO          515    i.dmx512_init       dmx512.o
    0x080055dc   0x080055dc   0x000000ac   Code   RO          403    i.find_min_current_task  ledpower.o
    0x08005688   0x08005688   0x00000058   Code   RO         3744    i.frexp             m_ws.l(frexp.o)
    0x080056e0   0x080056e0   0x00000164   Code   RO            2    i.handle_dmx_data   main.o
    0x08005844   0x08005844   0x00000074   Code   RO         3772    i.ldexp             m_ws.l(ldexp.o)
    0x080058b8   0x080058b8   0x00000054   Code   RO          404    i.ledpower_init     ledpower.o
    0x0800590c   0x0800590c   0x00000050   Code   RO          405    i.ledpower_task     ledpower.o
    0x0800595c   0x0800595c   0x00000070   Code   RO            3    i.main              main.o
    0x080059cc   0x080059cc   0x0000006c   Code   RO         1034    i.my_mem_free       malloc.o
    0x08005a38   0x08005a38   0x00000044   Code   RO         1035    i.my_mem_init       malloc.o
    0x08005a7c   0x08005a7c   0x000000a8   Code   RO         1036    i.my_mem_malloc     malloc.o
    0x08005b24   0x08005b24   0x00000040   Code   RO         1037    i.my_mem_perused    malloc.o
    0x08005b64   0x08005b64   0x00000024   Code   RO         1038    i.myfree            malloc.o
    0x08005b88   0x08005b88   0x00000028   Code   RO         1039    i.mymalloc          malloc.o
    0x08005bb0   0x08005bb0   0x00000014   Code   RO         1041    i.mymemset          malloc.o
    0x08005bc4   0x08005bc4   0x0000010c   Code   RO          591    i.set_pwm           pwm16.o
    0x08005cd0   0x08005cd0   0x0000008c   Code   RO          474    i.slect_ch          adc.o
    0x08005d5c   0x08005d5c   0x0000012c   Code   RO          979    i.uart_duty         debug.o
    0x08005e88   0x08005e88   0x0000006c   Code   RO          980    i.uart_resiver      debug.o
    0x08005ef4   0x08005ef4   0x0000002c   Code   RO         3597    locale$$code        c_w.l(lc_numeric_c.o)
    0x08005f20   0x08005f20   0x0000002c   Code   RO         3658    locale$$code        c_w.l(lc_ctype_c.o)
    0x08005f4c   0x08005f4c   0x00000062   Code   RO         3278    x$fpl$d2f           fz_ws.l(d2f.o)
    0x08005fae   0x08005fae   0x00000002   PAD
    0x08005fb0   0x08005fb0   0x00000150   Code   RO         3280    x$fpl$dadd          fz_ws.l(daddsub_clz.o)
    0x08006100   0x08006100   0x00000010   Code   RO         3782    x$fpl$dcheck1       fz_ws.l(dcheck1.o)
    0x08006110   0x08006110   0x00000018   Code   RO         3521    x$fpl$dcmpinf       fz_ws.l(dcmpi.o)
    0x08006128   0x08006128   0x000002b0   Code   RO         3287    x$fpl$ddiv          fz_ws.l(ddiv.o)
    0x080063d8   0x080063d8   0x00000078   Code   RO         3741    x$fpl$deqf          fz_ws.l(deqf.o)
    0x08006450   0x08006450   0x0000005a   Code   RO         3290    x$fpl$dfixu         fz_ws.l(dfixu.o)
    0x080064aa   0x080064aa   0x0000002e   Code   RO         3295    x$fpl$dflt          fz_ws.l(dflt_clz.o)
    0x080064d8   0x080064d8   0x00000026   Code   RO         3294    x$fpl$dfltu         fz_ws.l(dflt_clz.o)
    0x080064fe   0x080064fe   0x00000002   PAD
    0x08006500   0x08006500   0x00000078   Code   RO         3300    x$fpl$dleqf         fz_ws.l(dleqf.o)
    0x08006578   0x08006578   0x00000154   Code   RO         3302    x$fpl$dmul          fz_ws.l(dmul.o)
    0x080066cc   0x080066cc   0x0000009c   Code   RO         3523    x$fpl$dnaninf       fz_ws.l(dnaninf.o)
    0x08006768   0x08006768   0x0000000c   Code   RO         3525    x$fpl$dretinf       fz_ws.l(dretinf.o)
    0x08006774   0x08006774   0x0000006c   Code   RO         3304    x$fpl$drleqf        fz_ws.l(drleqf.o)
    0x080067e0   0x080067e0   0x000001d4   Code   RO         3282    x$fpl$dsub          fz_ws.l(daddsub_clz.o)
    0x080069b4   0x080069b4   0x00000056   Code   RO         3306    x$fpl$f2d           fz_ws.l(f2d.o)
    0x08006a0a   0x08006a0a   0x00000002   PAD
    0x08006a0c   0x08006a0c   0x000000c4   Code   RO         3308    x$fpl$fadd          fz_ws.l(faddsub_clz.o)
    0x08006ad0   0x08006ad0   0x00000018   Code   RO         3527    x$fpl$fcmpinf       fz_ws.l(fcmpi.o)
    0x08006ae8   0x08006ae8   0x00000184   Code   RO         3315    x$fpl$fdiv          fz_ws.l(fdiv.o)
    0x08006c6c   0x08006c6c   0x00000068   Code   RO         3318    x$fpl$feqf          fz_ws.l(feqf.o)
    0x08006cd4   0x08006cd4   0x0000003e   Code   RO         3324    x$fpl$ffixu         fz_ws.l(ffixu.o)
    0x08006d12   0x08006d12   0x00000002   PAD
    0x08006d14   0x08006d14   0x00000026   Code   RO         3328    x$fpl$ffltu         fz_ws.l(fflt_clz.o)
    0x08006d3a   0x08006d3a   0x00000002   PAD
    0x08006d3c   0x08006d3c   0x00000068   Code   RO         3334    x$fpl$fleqf         fz_ws.l(fleqf.o)
    0x08006da4   0x08006da4   0x00000102   Code   RO         3336    x$fpl$fmul          fz_ws.l(fmul.o)
    0x08006ea6   0x08006ea6   0x0000008c   Code   RO         3529    x$fpl$fnaninf       fz_ws.l(fnaninf.o)
    0x08006f32   0x08006f32   0x0000000a   Code   RO         3531    x$fpl$fretinf       fz_ws.l(fretinf.o)
    0x08006f3c   0x08006f3c   0x00000062   Code   RO         3338    x$fpl$frleqf        fz_ws.l(frleqf.o)
    0x08006f9e   0x08006f9e   0x00000014   Code   RO         3309    x$fpl$frsb          fz_ws.l(faddsub_clz.o)
    0x08006fb2   0x08006fb2   0x00000002   PAD
    0x08006fb4   0x08006fb4   0x000000ea   Code   RO         3310    x$fpl$fsub          fz_ws.l(faddsub_clz.o)
    0x0800709e   0x0800709e   0x00000006   Code   RO         3678    x$fpl$ieeestatus    fz_ws.l(istatus.o)
    0x080070a4   0x080070a4   0x00000004   Code   RO         3533    x$fpl$printf1       fz_ws.l(printf1.o)
    0x080070a8   0x080070a8   0x00000004   Code   RO         3535    x$fpl$printf2       fz_ws.l(printf2.o)
    0x080070ac   0x080070ac   0x00000064   Code   RO         3799    x$fpl$retnan        fz_ws.l(retnan.o)
    0x08007110   0x08007110   0x0000005c   Code   RO         3768    x$fpl$scalbn        fz_ws.l(scalbn.o)
    0x0800716c   0x0800716c   0x00000004   Code   RO         3610    x$fpl$scanf1        fz_ws.l(scanf1.o)
    0x08007170   0x08007170   0x00000008   Code   RO         3714    x$fpl$scanf2        fz_ws.l(scanf2.o)
    0x08007178   0x08007178   0x00000030   Code   RO         3801    x$fpl$trapveneer    fz_ws.l(trapv.o)
    0x080071a8   0x080071a8   0x00000000   Code   RO         3541    x$fpl$usenofp       fz_ws.l(usenofp.o)
    0x080071a8   0x080071a8   0x00000040   Data   RO          408    .constdata          ledpower.o
    0x080071e8   0x080071e8   0x0000000f   Data   RO          518    .constdata          dmx512.o
    0x080071f7   0x080071f7   0x00000001   PAD
    0x080071f8   0x080071f8   0x00000018   Data   RO         1046    .constdata          malloc.o
    0x08007210   0x08007210   0x0000000c   Data   RO         3184    .constdata          panle.o
    0x0800721c   0x0800721c   0x00000008   Data   RO         3396    .constdata          c_w.l(_printf_wctomb.o)
    0x08007224   0x08007224   0x00000028   Data   RO         3425    .constdata          c_w.l(_printf_hex_int_ll_ptr.o)
    0x0800724c   0x0800724c   0x00000011   Data   RO         3445    .constdata          c_w.l(__printf_flags_ss_wp.o)
    0x0800725d   0x0800725d   0x00000026   Data   RO         3581    .constdata          c_w.l(_printf_fp_hex.o)
    0x08007283   0x08007283   0x00000001   PAD
    0x08007284   0x08007284   0x00000094   Data   RO         3633    .constdata          c_w.l(bigflt0.o)
    0x08007318   0x08007318   0x00000020   Data   RO         3803    Region$$Table       anon$$obj.o
    0x08007338   0x08007338   0x00000008   Data   RO         3710    c$$dinf             fz_ws.l(fpconst.o)
    0x08007340   0x08007340   0x00000008   Data   RO         3713    c$$dmax             fz_ws.l(fpconst.o)
    0x08007348   0x08007348   0x0000001c   Data   RO         3596    locale$$data        c_w.l(lc_numeric_c.o)
    0x08007364   0x08007364   0x00000110   Data   RO         3657    locale$$data        c_w.l(lc_ctype_c.o)


    Execution Region RW_IRAM1 (Exec base: 0x20000000, Load base: 0x08007474, Size: 0x00003200, Max: 0x0000c000, ABSOLUTE, COMPRESSED[0x0000005c])

    Exec Addr    Load Addr    Size         Type   Attr      Idx    E Section Name        Object

    0x20000000   COMPRESSED   0x0000000e   Data   RW            5    .data               main.o
    0x2000000e   COMPRESSED   0x00000002   PAD
    0x20000010   COMPRESSED   0x0000001e   Data   RW          409    .data               ledpower.o
    0x2000002e   COMPRESSED   0x00000002   PAD
    0x20000030   COMPRESSED   0x0000001d   Data   RW          476    .data               adc.o
    0x2000004d   COMPRESSED   0x00000003   PAD
    0x20000050   COMPRESSED   0x00000225   Data   RW          519    .data               dmx512.o
    0x20000275   COMPRESSED   0x00000003   PAD
    0x20000278   COMPRESSED   0x00000004   Data   RW          722    .data               delay.o
    0x2000027c   COMPRESSED   0x00000002   Data   RW          982    .data               debug.o
    0x2000027e   COMPRESSED   0x00000002   PAD
    0x20000280   COMPRESSED   0x0000001c   Data   RW         1047    .data               malloc.o
    0x2000029c   COMPRESSED   0x00000006   Data   RW         1137    .data               rdm_slave.o
    0x200002a2   COMPRESSED   0x00000014   Data   RW         2270    .data               stm32f10x_rcc.o
    0x200002b6   COMPRESSED   0x00000002   PAD
    0x200002b8        -       0x0000007c   Zero   RW            4    .bss                main.o
    0x20000334        -       0x00000040   Zero   RW          294    .bss                scheduler.o
    0x20000374   COMPRESSED   0x00000004   PAD
    0x20000378        -       0x000002e4   Zero   RW          407    .bss                ledpower.o
    0x2000065c        -       0x000000a0   Zero   RW          475    .bss                adc.o
    0x200006fc        -       0x00000800   Zero   RW          641    .bss                stmflash.o
    0x20000efc        -       0x00000148   Zero   RW          981    .bss                debug.o
    0x20001044   COMPRESSED   0x0000001c   PAD
    0x20001060        -       0x00001540   Zero   RW         1045    .bss                malloc.o
    0x200025a0        -       0x00000060   Zero   RW         3545    .bss                c_w.l(libspace.o)
    0x20002600        -       0x00000400   Zero   RW         3177    HEAP                startup_stm32f10x_hd.o
    0x20002a00        -       0x00000800   Zero   RW         3176    STACK               startup_stm32f10x_hd.o



  Load Region LR$$.ARM.__AT_0x68000000 (Base: 0x68000000, Size: 0x00000000, Max: 0x000f0000, ABSOLUTE)

    Execution Region ER$$.ARM.__AT_0x68000000 (Exec base: 0x68000000, Load base: 0x68000000, Size: 0x000f0000, Max: 0x000f0000, ABSOLUTE, UNINIT)

    Exec Addr    Load Addr    Size         Type   Attr      Idx    E Section Name        Object

    0x68000000        -       0x000f0000   Zero   RW         1043    .ARM.__AT_0x68000000  malloc.o



  Load Region LR$$.ARM.__AT_0x680F0000 (Base: 0x680f0000, Size: 0x00000000, Max: 0x0000f000, ABSOLUTE)

    Execution Region ER$$.ARM.__AT_0x680F0000 (Exec base: 0x680f0000, Load base: 0x680f0000, Size: 0x0000f000, Max: 0x0000f000, ABSOLUTE, UNINIT)

    Exec Addr    Load Addr    Size         Type   Attr      Idx    E Section Name        Object

    0x680f0000        -       0x0000f000   Zero   RW         1044    .ARM.__AT_0x680F0000  malloc.o


==============================================================================

Image component sizes


      Code (inc. data)   RO Data    RW Data    ZI Data      Debug   Object Name

      1044        106          0         29        160       3120   adc.o
       788        106          0          2        328       4851   debug.o
       236         18          0          4          0      18347   delay.o
      1312        204         15        549          0       5722   dmx512.o
       524        104         64         30        740       3750   ledpower.o
       576         80          0         14        124     269852   main.o
       504         60         24         28    1049920       5953   malloc.o
       172         22          0          0          0       2017   misc.o
      1230          0          0          0          0       1632   neuralpid.o
        64         18         12          0          0        948   panle.o
      1062         74          0          0          0       4011   pwm16.o
        76          0          0          0          0       1279   rdm.o
       404         22          0          6          0       2795   rdm_slave.o
       594         54          0          0         64       5917   scheduler.o
        64         26        304          0       3072        792   startup_stm32f10x_hd.o
       482         24          0          0          0       7846   stm32f10x_adc.o
       148          6          0          0          0        960   stm32f10x_exti.o
       486         10          0          0          0       3372   stm32f10x_gpio.o
        24          0          0          0          0       3332   stm32f10x_it.o
        16          6          0          0          0        461   stm32f10x_iwdg.o
       404         64          0         20          0       6595   stm32f10x_rcc.o
       952         92          0          0          0      10694   stm32f10x_tim.o
       434          6          0          0          0       5552   stm32f10x_usart.o
       664         66          0          0       2048       7375   stmflash.o
         0          0          0          0          0         32   sys.o
       328         28          0          0          0       1837   system_stm32f10x.o
         8          0          0          0          0        416   wdg.o

    ----------------------------------------------------------------------
     12622       1196        452        696    1056488     379458   Object Totals
         0          0         32          0          0          0   (incl. Generated)
        26          0          1         14         32          0   (incl. Padding)

    ----------------------------------------------------------------------

      Code (inc. data)   RO Data    RW Data    ZI Data      Debug   Library Member Name

        90          0          0          0          0          0   __dczerorl2.o
         8          0          0          0          0         68   __main.o
       392          4         17          0          0         92   __printf_flags_ss_wp.o
        14          0          0          0          0         68   __printf_wp.o
         0          0          0          0          0          0   __rtentry.o
        12          0          0          0          0          0   __rtentry2.o
         6          0          0          0          0          0   __rtentry4.o
        52          8          0          0          0          0   __scatter.o
        28          0          0          0          0          0   __scatter_zi.o
        28          0          0          0          0         68   _chval.o
         6          0          0          0          0          0   _printf_a.o
         6          0          0          0          0          0   _printf_c.o
        44          0          0          0          0        108   _printf_char.o
        48          6          0          0          0         96   _printf_char_common.o
        40          0          0          0          0         68   _printf_charcount.o
         6          0          0          0          0          0   _printf_d.o
       120         16          0          0          0         92   _printf_dec.o
         6          0          0          0          0          0   _printf_e.o
         6          0          0          0          0          0   _printf_f.o
      1054          0          0          0          0        216   _printf_fp_dec.o
       764          8         38          0          0        100   _printf_fp_hex.o
       128         16          0          0          0         84   _printf_fp_infnan.o
         6          0          0          0          0          0   _printf_g.o
       148          4         40          0          0        160   _printf_hex_int_ll_ptr.o
         6          0          0          0          0          0   _printf_i.o
       178          0          0          0          0         88   _printf_intcommon.o
        10          0          0          0          0          0   _printf_l.o
         6          0          0          0          0          0   _printf_lc.o
        10          0          0          0          0          0   _printf_ll.o
         6          0          0          0          0          0   _printf_lld.o
         6          0          0          0          0          0   _printf_lli.o
         6          0          0          0          0          0   _printf_llo.o
         6          0          0          0          0          0   _printf_llu.o
         6          0          0          0          0          0   _printf_llx.o
       124         16          0          0          0         92   _printf_longlong_dec.o
         6          0          0          0          0          0   _printf_ls.o
         6          0          0          0          0          0   _printf_n.o
         6          0          0          0          0          0   _printf_o.o
       112         10          0          0          0        124   _printf_oct_int_ll.o
         6          0          0          0          0          0   _printf_p.o
        78          0          0          0          0        108   _printf_pad.o
         0          0          0          0          0          0   _printf_percent.o
         4          0          0          0          0          0   _printf_percent_end.o
         6          0          0          0          0          0   _printf_s.o
        82          0          0          0          0         80   _printf_str.o
        36          0          0          0          0         84   _printf_truncate.o
         6          0          0          0          0          0   _printf_u.o
        44          0          0          0          0        108   _printf_wchar.o
       188          6          8          0          0         92   _printf_wctomb.o
         6          0          0          0          0          0   _printf_x.o
        22          0          0          0          0        100   _rserrno.o
        64          0          0          0          0         84   _sgetc.o
        10          0          0          0          0         68   _sputc.o
       158          0          0          0          0         92   _strtoul.o
        64          0          0          0          0         92   _wcrtomb.o
        26          0          0          0          0         80   atoi.o
       228          4        148          0          0         96   bigflt0.o
      2152        136          0          0          0        960   btod.o
        10          0          0          0          0         68   defsig_exit.o
        50          0          0          0          0         88   defsig_general.o
        80         58          0          0          0         76   defsig_rtmem_inner.o
        14          0          0          0          0         80   defsig_rtmem_outer.o
        18          0          0          0          0         80   exit.o
        94          0          0          0          0         80   h1_alloc.o
        52          0          0          0          0         68   h1_extend.o
        78          0          0          0          0         80   h1_free.o
        14          0          0          0          0         84   h1_init.o
         6          0          0          0          0        152   heapauxi.o
         4          0          0          0          0        136   hguard.o
         0          0          0          0          0          0   indicate_semi.o
       138          0          0          0          0        168   init_alloc.o
        18          0          0          0          0         76   isspace.o
        44         10        272          0          0         76   lc_ctype_c.o
        44         10         28          0          0         76   lc_numeric_c.o
         2          0          0          0          0          0   libinit.o
        38          0          0          0          0          0   libinit2.o
         2          0          0          0          0          0   libshutdown.o
         2          0          0          0          0          0   libshutdown2.o
         8          4          0          0         96         68   libspace.o
        38          0          0          0          0         68   llshl.o
       138          0          0          0          0         80   lludiv10.o
         0          0          0          0          0          0   maybetermalloc1.o
        88          0          0          0          0         76   memcmp.o
        16          4          0          0          0         76   rt_ctype_table.o
         8          4          0          0          0         68   rt_errno_addr_intlibspace.o
         8          4          0          0          0         68   rt_heap_descriptor_intlibspace.o
         8          4          0          0          0         68   rt_locale_intlibspace.o
       138          0          0          0          0         68   rt_memcpy_v6.o
       100          0          0          0          0         80   rt_memcpy_w.o
         2          0          0          0          0          0   rtexit.o
        10          0          0          0          0          0   rtexit2.o
      1272         16          0          0          0        168   scanf_fp.o
       800         14          0          0          0        100   scanf_hexfp.o
       308         16          0          0          0        100   scanf_infnan.o
       128          0          0          0          0         68   strcmpv7m.o
        36          0          0          0          0         80   strstr.o
       164         14          0          0          0        120   strtod.o
       112          0          0          0          0         88   strtol.o
        12          4          0          0          0         68   sys_exit.o
        74          0          0          0          0         80   sys_stackheap_outer.o
        14          0          0          0          0         76   sys_wrch.o
         2          0          0          0          0         68   use_no_semi.o
        36          4          0          0          0         76   vsprintf.o
        98          4          0          0          0         92   d2f.o
       804         16          0          0          0        272   daddsub_clz.o
        16          4          0          0          0         68   dcheck1.o
        24          0          0          0          0         68   dcmpi.o
       688        140          0          0          0        208   ddiv.o
       120          4          0          0          0         92   deqf.o
        90          4          0          0          0         92   dfixu.o
        84          0          0          0          0        136   dflt_clz.o
       120          4          0          0          0         92   dleqf.o
       340         12          0          0          0        104   dmul.o
       156          4          0          0          0         92   dnaninf.o
        12          0          0          0          0         68   dretinf.o
       108          0          0          0          0         80   drleqf.o
        86          4          0          0          0         84   f2d.o
       450          8          0          0          0        236   faddsub_clz.o
        24          0          0          0          0         68   fcmpi.o
       388         76          0          0          0         96   fdiv.o
       104          4          0          0          0         84   feqf.o
        62          4          0          0          0         84   ffixu.o
        38          0          0          0          0         68   fflt_clz.o
       104          4          0          0          0         84   fleqf.o
       258          4          0          0          0         84   fmul.o
       140          4          0          0          0         84   fnaninf.o
         0          0         16          0          0          0   fpconst.o
        10          0          0          0          0         68   fretinf.o
        98          0          0          0          0         68   frleqf.o
         6          0          0          0          0         68   istatus.o
         4          0          0          0          0         68   printf1.o
         4          0          0          0          0         68   printf2.o
       100          0          0          0          0         68   retnan.o
        92          0          0          0          0         68   scalbn.o
         4          0          0          0          0         68   scanf1.o
         8          0          0          0          0         84   scanf2.o
        48          0          0          0          0         68   trapv.o
         0          0          0          0          0          0   usenofp.o
        42          0          0          0          0         84   atof.o
        30          6          0          0          0        136   dunder.o
        40          0          0          0          0         68   fpclassify.o
        88          8          0          0          0         76   frexp.o
       138          0          0          0          0        160   ldexp.o
       204          4          0          0          0        168   narrow.o

    ----------------------------------------------------------------------
     16170        720        568          0         96      10592   Library Totals
        26          2          1          0          0          0   (incl. Padding)

    ----------------------------------------------------------------------

      Code (inc. data)   RO Data    RW Data    ZI Data      Debug   Library Name

     10914        400        551          0         96       6768   c_w.l
      4688        300         16          0          0       3132   fz_ws.l
       542         18          0          0          0        692   m_ws.l

    ----------------------------------------------------------------------
     16170        720        568          0         96      10592   Library Totals

    ----------------------------------------------------------------------

==============================================================================


      Code (inc. data)   RO Data    RW Data    ZI Data      Debug   

     28792       1916       1020        696    1056584     377254   Grand Totals
     28792       1916       1020         92    1056584     377254   ELF Image Totals (compressed)
     28792       1916       1020         92          0          0   ROM Totals

==============================================================================

    Total RO  Size (Code + RO Data)                29812 (  29.11kB)
    Total RW  Size (RW Data + ZI Data)           1057280 (1032.50kB)
    Total ROM Size (Code + RO Data + RW Data)      29904 (  29.20kB)

==============================================================================

