Component: ARM Compiler 5.06 update 6 (build 750) Tool: armlink [4d35ed]

==============================================================================

Section Cross References

    main.o(i.GPIO_init) refers to stm32f10x_rcc.o(i.RCC_APB2PeriphClockCmd) for RCC_APB2PeriphClockCmd
    main.o(i.GPIO_init) refers to stm32f10x_gpio.o(i.GPIO_PinRemapConfig) for GPIO_PinRemapConfig
    main.o(i.GPIO_init) refers to stm32f10x_gpio.o(i.GPIO_Init) for GPIO_Init
    main.o(i.main) refers to misc.o(i.NVIC_PriorityGroupConfig) for NVIC_PriorityGroupConfig
    main.o(i.main) refers to delay.o(i.SysTick_Configuration) for SysTick_Configuration
    main.o(i.main) refers to main.o(i.GPIO_init) for GPIO_init
    main.o(i.main) refers to pwm16.o(i.PWM16_init) for PWM16_init
    main.o(i.main) refers to stmflash.o(i.LoadConfig) for LoadConfig
    main.o(i.main) refers to adc.o(i.ADC1Init) for ADC1Init
    main.o(i.main) refers to dmx512.o(i.dmx512_init) for dmx512_init
    main.o(i.main) refers to ledpower.o(i.ledpower_init) for ledpower_init
    main.o(i.main) refers to sys.o(i.Debug_printf) for Debug_printf
    main.o(i.main) refers to delay.o(i.delay_ms) for delay_ms
    main.o(i.main) refers to scheduler.o(i.Duty_Loop) for Duty_Loop
    main.o(i.main) refers to main.o(.bss) for Sys
    main.o(i.receiving_dmx_data) refers to dflt_clz.o(x$fpl$dflt) for __aeabi_i2d
    main.o(i.receiving_dmx_data) refers to ddiv.o(x$fpl$ddiv) for __aeabi_ddiv
    main.o(i.receiving_dmx_data) refers to d2f.o(x$fpl$d2f) for __aeabi_d2f
    main.o(i.receiving_dmx_data) refers to ledpower.o(i.SetLedPower) for SetLedPower
    main.o(i.receiving_dmx_data) refers to dfixu.o(x$fpl$dfixu) for __aeabi_d2uiz
    main.o(i.receiving_dmx_data) refers to ledpower.o(i.SetLedPowerOpen) for SetLedPowerOpen
    main.o(i.receiving_dmx_data) refers to pwm16.o(i.set_pwm) for set_pwm
    main.o(i.receiving_dmx_data) refers to main.o(.bss) for Sys
    main.o(i.receiving_dmx_data) refers to dmx512.o(.bss) for DMX512_RX_BUF
    main.o(i.receiving_dmx_data) refers to main.o(.data) for max_current
    system_stm32f10x.o(i.SetSysClock) refers to system_stm32f10x.o(i.SetSysClockTo72) for SetSysClockTo72
    system_stm32f10x.o(i.SystemCoreClockUpdate) refers to system_stm32f10x.o(.data) for SystemCoreClock
    system_stm32f10x.o(i.SystemInit) refers to system_stm32f10x.o(i.SetSysClock) for SetSysClock
    scheduler.o(i.Duty_10ms) refers to delay.o(i.GetSysTime_us) for GetSysTime_us
    scheduler.o(i.Duty_10ms) refers to fflt_clz.o(x$fpl$ffltu) for __aeabi_ui2f
    scheduler.o(i.Duty_10ms) refers to fdiv.o(x$fpl$fdiv) for __aeabi_fdiv
    scheduler.o(i.Duty_10ms) refers to faddsub_clz.o(x$fpl$fsub) for __aeabi_fsub
    scheduler.o(i.Duty_10ms) refers to ledpower.o(i.find_min_current_task) for find_min_current_task
    scheduler.o(i.Duty_10ms) refers to scheduler.o(.bss) for duty_time
    scheduler.o(i.Duty_1ms) refers to delay.o(i.GetSysTime_us) for GetSysTime_us
    scheduler.o(i.Duty_1ms) refers to fflt_clz.o(x$fpl$ffltu) for __aeabi_ui2f
    scheduler.o(i.Duty_1ms) refers to fdiv.o(x$fpl$fdiv) for __aeabi_fdiv
    scheduler.o(i.Duty_1ms) refers to faddsub_clz.o(x$fpl$fsub) for __aeabi_fsub
    scheduler.o(i.Duty_1ms) refers to wdg.o(i.IWDG_Feed) for IWDG_Feed
    scheduler.o(i.Duty_1ms) refers to scheduler.o(.bss) for duty_time
    scheduler.o(i.Duty_20ms) refers to delay.o(i.GetSysTime_us) for GetSysTime_us
    scheduler.o(i.Duty_20ms) refers to fflt_clz.o(x$fpl$ffltu) for __aeabi_ui2f
    scheduler.o(i.Duty_20ms) refers to fdiv.o(x$fpl$fdiv) for __aeabi_fdiv
    scheduler.o(i.Duty_20ms) refers to main.o(i.receiving_dmx_data) for receiving_dmx_data
    scheduler.o(i.Duty_20ms) refers to faddsub_clz.o(x$fpl$fsub) for __aeabi_fsub
    scheduler.o(i.Duty_20ms) refers to scheduler.o(.bss) for duty_time
    scheduler.o(i.Duty_2ms) refers to delay.o(i.GetSysTime_us) for GetSysTime_us
    scheduler.o(i.Duty_2ms) refers to fflt_clz.o(x$fpl$ffltu) for __aeabi_ui2f
    scheduler.o(i.Duty_2ms) refers to fdiv.o(x$fpl$fdiv) for __aeabi_fdiv
    scheduler.o(i.Duty_2ms) refers to faddsub_clz.o(x$fpl$fsub) for __aeabi_fsub
    scheduler.o(i.Duty_2ms) refers to scheduler.o(.bss) for duty_time
    scheduler.o(i.Duty_50ms) refers to delay.o(i.GetSysTime_us) for GetSysTime_us
    scheduler.o(i.Duty_50ms) refers to fflt_clz.o(x$fpl$ffltu) for __aeabi_ui2f
    scheduler.o(i.Duty_50ms) refers to fdiv.o(x$fpl$fdiv) for __aeabi_fdiv
    scheduler.o(i.Duty_50ms) refers to faddsub_clz.o(x$fpl$fsub) for __aeabi_fsub
    scheduler.o(i.Duty_50ms) refers to scheduler.o(.bss) for duty_time
    scheduler.o(i.Duty_5ms) refers to delay.o(i.GetSysTime_us) for GetSysTime_us
    scheduler.o(i.Duty_5ms) refers to fflt_clz.o(x$fpl$ffltu) for __aeabi_ui2f
    scheduler.o(i.Duty_5ms) refers to fdiv.o(x$fpl$fdiv) for __aeabi_fdiv
    scheduler.o(i.Duty_5ms) refers to faddsub_clz.o(x$fpl$fsub) for __aeabi_fsub
    scheduler.o(i.Duty_5ms) refers to ledpower.o(i.ledpower_task) for ledpower_task
[...]
    __rt_entry_main                          0x0800026b   Thumb Code     0  __rtentry2.o(.ARM.Collect$$rtentry$$0000000D)
    __rt_entry_postli_1                      0x0800026b   Thumb Code     0  __rtentry2.o(.ARM.Collect$$rtentry$$0000000C)
    __rt_exit                                0x08000273   Thumb Code     0  rtexit.o(.ARM.Collect$$rtexit$$00000000)
    __rt_exit_ls                             0x08000275   Thumb Code     0  rtexit2.o(.ARM.Collect$$rtexit$$00000003)
    __rt_exit_prels_1                        0x08000275   Thumb Code     0  rtexit2.o(.ARM.Collect$$rtexit$$00000002)
    __rt_exit_exit                           0x08000279   Thumb Code     0  rtexit2.o(.ARM.Collect$$rtexit$$00000004)
    Reset_Handler                            0x08000281   Thumb Code     8  startup_stm32f10x_hd.o(.text)
    _maybe_terminate_alloc                   0x08000281   Thumb Code     0  maybetermalloc1.o(.emb_text)
    ADC1_2_IRQHandler                        0x0800029b   Thumb Code     0  startup_stm32f10x_hd.o(.text)
    ADC3_IRQHandler                          0x0800029b   Thumb Code     0  startup_stm32f10x_hd.o(.text)
    CAN1_RX1_IRQHandler                      0x0800029b   Thumb Code     0  startup_stm32f10x_hd.o(.text)
    CAN1_SCE_IRQHandler                      0x0800029b   Thumb Code     0  startup_stm32f10x_hd.o(.text)
    DMA1_Channel2_IRQHandler                 0x0800029b   Thumb Code     0  startup_stm32f10x_hd.o(.text)
    DMA1_Channel3_IRQHandler                 0x0800029b   Thumb Code     0  startup_stm32f10x_hd.o(.text)
    DMA1_Channel4_IRQHandler                 0x0800029b   Thumb Code     0  startup_stm32f10x_hd.o(.text)
    DMA1_Channel5_IRQHandler                 0x0800029b   Thumb Code     0  startup_stm32f10x_hd.o(.text)
    DMA1_Channel6_IRQHandler                 0x0800029b   Thumb Code     0  startup_stm32f10x_hd.o(.text)
    DMA1_Channel7_IRQHandler                 0x0800029b   Thumb Code     0  startup_stm32f10x_hd.o(.text)
    DMA2_Channel1_IRQHandler                 0x0800029b   Thumb Code     0  startup_stm32f10x_hd.o(.text)
    DMA2_Channel2_IRQHandler                 0x0800029b   Thumb Code     0  startup_stm32f10x_hd.o(.text)
    DMA2_Channel3_IRQHandler                 0x0800029b   Thumb Code     0  startup_stm32f10x_hd.o(.text)
    DMA2_Channel4_5_IRQHandler               0x0800029b   Thumb Code     0  startup_stm32f10x_hd.o(.text)
    EXTI0_IRQHandler                         0x0800029b   Thumb Code     0  startup_stm32f10x_hd.o(.text)
    EXTI15_10_IRQHandler                     0x0800029b   Thumb Code     0  startup_stm32f10x_hd.o(.text)
    EXTI1_IRQHandler                         0x0800029b   Thumb Code     0  startup_stm32f10x_hd.o(.text)
    EXTI2_IRQHandler                         0x0800029b   Thumb Code     0  startup_stm32f10x_hd.o(.text)
    EXTI4_IRQHandler                         0x0800029b   Thumb Code     0  startup_stm32f10x_hd.o(.text)
    EXTI9_5_IRQHandler                       0x0800029b   Thumb Code     0  startup_stm32f10x_hd.o(.text)
    FLASH_IRQHandler                         0x0800029b   Thumb Code     0  startup_stm32f10x_hd.o(.text)
    FSMC_IRQHandler                          0x0800029b   Thumb Code     0  startup_stm32f10x_hd.o(.text)
    I2C1_ER_IRQHandler                       0x0800029b   Thumb Code     0  startup_stm32f10x_hd.o(.text)
    I2C1_EV_IRQHandler                       0x0800029b   Thumb Code     0  startup_stm32f10x_hd.o(.text)
    I2C2_ER_IRQHandler                       0x0800029b   Thumb Code     0  startup_stm32f10x_hd.o(.text)
    I2C2_EV_IRQHandler                       0x0800029b   Thumb Code     0  startup_stm32f10x_hd.o(.text)
    PVD_IRQHandler                           0x0800029b   Thumb Code     0  startup_stm32f10x_hd.o(.text)
    RCC_IRQHandler                           0x0800029b   Thumb Code     0  startup_stm32f10x_hd.o(.text)
    RTCAlarm_IRQHandler                      0x0800029b   Thumb Code     0  startup_stm32f10x_hd.o(.text)
    RTC_IRQHandler                           0x0800029b   Thumb Code     0  startup_stm32f10x_hd.o(.text)
    SDIO_IRQHandler                          0x0800029b   Thumb Code     0  startup_stm32f10x_hd.o(.text)
    SPI1_IRQHandler                          0x0800029b   Thumb Code     0  startup_stm32f10x_hd.o(.text)
    SPI2_IRQHandler                          0x0800029b   Thumb Code     0  startup_stm32f10x_hd.o(.text)
    SPI3_IRQHandler                          0x0800029b   Thumb Code     0  startup_stm32f10x_hd.o(.text)
    TAMPER_IRQHandler                        0x0800029b   Thumb Code     0  startup_stm32f10x_hd.o(.text)
    TIM1_BRK_IRQHandler                      0x0800029b   Thumb Code     0  startup_stm32f10x_hd.o(.text)
    TIM1_CC_IRQHandler                       0x0800029b   Thumb Code     0  startup_stm32f10x_hd.o(.text)
    TIM1_TRG_COM_IRQHandler                  0x0800029b   Thumb Code     0  startup_stm32f10x_hd.o(.text)
    TIM1_UP_IRQHandler                       0x0800029b   Thumb Code     0  startup_stm32f10x_hd.o(.text)
    TIM2_IRQHandler                          0x0800029b   Thumb Code     0  startup_stm32f10x_hd.o(.text)
    TIM3_IRQHandler                          0x0800029b   Thumb Code     0  startup_stm32f10x_hd.o(.text)
    TIM4_IRQHandler                          0x0800029b   Thumb Code     0  startup_stm32f10x_hd.o(.text)
    TIM5_IRQHandler                          0x0800029b   Thumb Code     0  startup_stm32f10x_hd.o(.text)
    TIM7_IRQHandler                          0x0800029b   Thumb Code     0  startup_stm32f10x_hd.o(.text)
    TIM8_BRK_IRQHandler                      0x0800029b   Thumb Code     0  startup_stm32f10x_hd.o(.text)
    TIM8_CC_IRQHandler                       0x0800029b   Thumb Code     0  startup_stm32f10x_hd.o(.text)
    TIM8_TRG_COM_IRQHandler                  0x0800029b   Thumb Code     0  startup_stm32f10x_hd.o(.text)
    TIM8_UP_IRQHandler                       0x0800029b   Thumb Code     0  startup_stm32f10x_hd.o(.text)
    UART4_IRQHandler                         0x0800029b   Thumb Code     0  startup_stm32f10x_hd.o(.text)
    UART5_IRQHandler                         0x0800029b   Thumb Code     0  startup_stm32f10x_hd.o(.text)
    USART1_IRQHandler                        0x0800029b   Thumb Code     0  startup_stm32f10x_hd.o(.text)
    USART3_IRQHandler                        0x0800029b   Thumb Code     0  startup_stm32f10x_hd.o(.text)
    USBWakeUp_IRQHandler                     0x0800029b   Thumb Code     0  startup_stm32f10x_hd.o(.text)
    USB_HP_CAN1_TX_IRQHandler                0x0800029b   Thumb Code     0  startup_stm32f10x_hd.o(.text)
    USB_LP_CAN1_RX0_IRQHandler               0x0800029b   Thumb Code     0  startup_stm32f10x_hd.o(.text)
    WWDG_IRQHandler                          0x0800029b   Thumb Code     0  startup_stm32f10x_hd.o(.text)
    __user_initial_stackheap                 0x0800029d   Thumb Code     0  startup_stm32f10x_hd.o(.text)
    malloc                                   0x080002c1   Thumb Code    94  h1_alloc.o(.text)
    free                                     0x0800031f   Thumb Code    78  h1_free.o(.text)
    vsprintf                                 0x0800036d   Thumb Code    32  vsprintf.o(.text)
    __2sprintf                               0x08000391   Thumb Code    38  __2sprintf.o(.text)
    _printf_int_dec                          0x080003bd   Thumb Code   104  _printf_dec.o(.text)
    __printf                                 0x08000435   Thumb Code   388  __printf_flags_ss_wp.o(.text)
    atoi                                     0x080005bd   Thumb Code    26  atoi.o(.text)
    strstr                                   0x080005d7   Thumb Code    36  strstr.o(.text)
    __aeabi_memcpy4                          0x080005fb   Thumb Code     0  rt_memcpy_w.o(.text)
    __aeabi_memcpy8                          0x080005fb   Thumb Code     0  rt_memcpy_w.o(.text)
    __rt_memcpy_w                            0x080005fb   Thumb Code   100  rt_memcpy_w.o(.text)
    _memcpy_lastbytes_aligned                0x08000643   Thumb Code     0  rt_memcpy_w.o(.text)
    __use_two_region_memory                  0x0800065f   Thumb Code     2  heapauxi.o(.text)
    __rt_heap_escrow                         0x08000661   Thumb Code     2  heapauxi.o(.text)
    __rt_heap_expand                         0x08000663   Thumb Code     2  heapauxi.o(.text)
    __rt_heap_descriptor                     0x08000665   Thumb Code     8  rt_heap_descriptor_intlibspace.o(.text)
    __aeabi_errno_addr                       0x0800066d   Thumb Code     8  rt_errno_addr_intlibspace.o(.text)
    __errno$intlibspace                      0x0800066d   Thumb Code     0  rt_errno_addr_intlibspace.o(.text)
    __rt_errno_addr$intlibspace              0x0800066d   Thumb Code     0  rt_errno_addr_intlibspace.o(.text)
    __use_no_heap                            0x08000675   Thumb Code     2  hguard.o(.text)
    __heap$guard                             0x08000677   Thumb Code     2  hguard.o(.text)
    _terminate_user_alloc                    0x08000679   Thumb Code     2  init_alloc.o(.text)
    _init_user_alloc                         0x0800067b   Thumb Code     2  init_alloc.o(.text)
    __Heap_Full                              0x0800067d   Thumb Code    34  init_alloc.o(.text)
    __Heap_Broken                            0x0800069f   Thumb Code     6  init_alloc.o(.text)
    _init_alloc                              0x080006a5   Thumb Code    94  init_alloc.o(.text)
    __Heap_Initialize                        0x08000703   Thumb Code    10  h1_init.o(.text)
    __Heap_DescSize                          0x0800070d   Thumb Code     4  h1_init.o(.text)
    __read_errno                             0x08000711   Thumb Code    10  _rserrno.o(.text)
    __set_errno                              0x0800071b   Thumb Code    12  _rserrno.o(.text)
    _printf_pre_padding                      0x08000727   Thumb Code    44  _printf_pad.o(.text)
    _printf_post_padding                     0x08000753   Thumb Code    34  _printf_pad.o(.text)
    _printf_truncate_signed                  0x08000775   Thumb Code    18  _printf_truncate.o(.text)
    _printf_truncate_unsigned                0x08000787   Thumb Code    18  _printf_truncate.o(.text)
    _printf_str                              0x08000799   Thumb Code    82  _printf_str.o(.text)
    _printf_int_common                       0x080007eb   Thumb Code   178  _printf_intcommon.o(.text)
    _printf_charcount                        0x0800089d   Thumb Code    40  _printf_charcount.o(.text)
    __lib_sel_fp_printf                      0x080008c5   Thumb Code     2  _printf_fp_dec.o(.text)
    _printf_fp_dec_real                      0x08000a77   Thumb Code   620  _printf_fp_dec.o(.text)
    _printf_char_common                      0x08000cef   Thumb Code    32  _printf_char_common.o(.text)
    _sputc                                   0x08000d15   Thumb Code    10  _sputc.o(.text)
    _printf_wctomb                           0x08000d21   Thumb Code   182  _printf_wctomb.o(.text)
    _printf_longlong_dec                     0x08000ddd   Thumb Code   108  _printf_longlong_dec.o(.text)
    _printf_longlong_oct                     0x08000e59   Thumb Code    66  _printf_oct_int_ll.o(.text)
    _printf_int_oct                          0x08000e9b   Thumb Code    24  _printf_oct_int_ll.o(.text)
    _printf_ll_oct                           0x08000eb3   Thumb Code    12  _printf_oct_int_ll.o(.text)
    _printf_longlong_hex                     0x08000ec9   Thumb Code    86  _printf_hex_int_ll_ptr.o(.text)
    _printf_int_hex                          0x08000f1f   Thumb Code    28  _printf_hex_int_ll_ptr.o(.text)
    _printf_ll_hex                           0x08000f3b   Thumb Code    12  _printf_hex_int_ll_ptr.o(.text)
    _printf_hex_ptr                          0x08000f47   Thumb Code    18  _printf_hex_int_ll_ptr.o(.text)
    __strtod_int                             0x08000f99   Thumb Code    90  strtod.o(.text)
    strtol                                   0x08001001   Thumb Code   112  strtol.o(.text)
    __user_libspace                          0x08001071   Thumb Code     8  libspace.o(.text)
    __user_perproc_libspace                  0x08001071   Thumb Code     0  libspace.o(.text)
    __user_perthread_libspace                0x08001071   Thumb Code     0  libspace.o(.text)
    __rt_ctype_table                         0x08001079   Thumb Code    16  rt_ctype_table.o(.text)
    __rt_locale                              0x08001089   Thumb Code     8  rt_locale_intlibspace.o(.text)
    __Heap_ProvideMemory                     0x08001091   Thumb Code    52  h1_extend.o(.text)
    _ll_udiv10                               0x080010c5   Thumb Code   138  lludiv10.o(.text)
    isspace                                  0x0800114f   Thumb Code    18  isspace.o(.text)
    _printf_fp_hex_real                      0x08001161   Thumb Code   756  _printf_fp_hex.o(.text)
    _printf_fp_infnan                        0x0800145d   Thumb Code   112  _printf_fp_infnan.o(.text)
    _printf_cs_common                        0x080014dd   Thumb Code    20  _printf_char.o(.text)
    _printf_char                             0x080014f1   Thumb Code    16  _printf_char.o(.text)
    _printf_string                           0x08001501   Thumb Code     8  _printf_char.o(.text)
    _printf_lcs_common                       0x08001509   Thumb Code    20  _printf_wchar.o(.text)
    _printf_wchar                            0x0800151d   Thumb Code    16  _printf_wchar.o(.text)
    _printf_wstring                          0x0800152d   Thumb Code     8  _printf_wchar.o(.text)
    _sgetc                                   0x08001535   Thumb Code    30  _sgetc.o(.text)
    _sbackspace                              0x08001553   Thumb Code    34  _sgetc.o(.text)
    _strtoul                                 0x08001575   Thumb Code   158  _strtoul.o(.text)
    _btod_etento                             0x08001615   Thumb Code   224  bigflt0.o(.text)
    _wcrtomb                                 0x080016f9   Thumb Code    64  _wcrtomb.o(.text)
    __rt_SIGRTMEM                            0x08001739   Thumb Code    14  defsig_rtmem_outer.o(.text)
    __I$use$semihosting                      0x08001747   Thumb Code     0  use_no_semi.o(.text)
    __use_no_semihosting_swi                 0x08001747   Thumb Code     2  use_no_semi.o(.text)
    __semihosting_library_function           0x08001749   Thumb Code     0  indicate_semi.o(.text)
    __user_setup_stackheap                   0x08001749   Thumb Code    74  sys_stackheap_outer.o(.text)
    _chval                                   0x08001793   Thumb Code    28  _chval.o(.text)
    _scanf_really_real                       0x080019fd   Thumb Code   684  scanf_fp.o(.text)
    exit                                     0x08001ca9   Thumb Code    18  exit.o(.text)
    __sig_exit                               0x08001cbb   Thumb Code    10  defsig_exit.o(.text)
    __rt_SIGRTMEM_inner                      0x08001cc5   Thumb Code    22  defsig_rtmem_inner.o(.text)
    strcmp                                   0x08001d15   Thumb Code   128  strcmpv7m.o(.text)
    _sys_exit                                0x08001d95   Thumb Code     8  sys_exit.o(.text)
    __default_signal_display                 0x08001da1   Thumb Code    50  defsig_general.o(.text)
    _ttywrch                                 0x08001dd3   Thumb Code    14  sys_wrch.o(.text)
    _scanf_really_hex_real                   0x08001de1   Thumb Code   786  scanf_hexfp.o(.text)
    _scanf_really_infnan                     0x08002101   Thumb Code   292  scanf_infnan.o(.text)
    __aeabi_llsl                             0x08002235   Thumb Code     0  llshl.o(.text)
    _ll_shift_l                              0x08002235   Thumb Code    38  llshl.o(.text)
    _btod_d2e                                0x0800225b   Thumb Code    62  btod.o(CL$$btod_d2e)
    _d2e_denorm_low                          0x08002299   Thumb Code    70  btod.o(CL$$btod_d2e_denorm_low)
    _d2e_norm_op1                            0x080022df   Thumb Code    96  btod.o(CL$$btod_d2e_norm_op1)
    __btod_div_common                        0x0800233f   Thumb Code   696  btod.o(CL$$btod_div_common)
    _e2d                                     0x08002679   Thumb Code   122  btod.o(CL$$btod_e2d)
    _e2e                                     0x080026fd   Thumb Code   220  btod.o(CL$$btod_e2e)
    _btod_ediv                               0x080027d9   Thumb Code    42  btod.o(CL$$btod_ediv)
    _btod_edivd                              0x08002803   Thumb Code    42  btod.o(CL$$btod_edivd)
    _btod_emul                               0x0800282d   Thumb Code    42  btod.o(CL$$btod_emul)
    _btod_emuld                              0x08002857   Thumb Code    42  btod.o(CL$$btod_emuld)
    __btod_mult_common                       0x08002881   Thumb Code   580  btod.o(CL$$btod_mult_common)
    ADC1Init                                 0x08002ac5   Thumb Code   270  adc.o(i.ADC1Init)
    ADC_Cmd                                  0x08002be5   Thumb Code    22  stm32f10x_adc.o(i.ADC_Cmd)
    ADC_DMACmd                               0x08002bfb   Thumb Code    22  stm32f10x_adc.o(i.ADC_DMACmd)
    ADC_DeInit                               0x08002c11   Thumb Code    78  stm32f10x_adc.o(i.ADC_DeInit)
    ADC_GetCalibrationStatus                 0x08002c6d   Thumb Code    20  stm32f10x_adc.o(i.ADC_GetCalibrationStatus)
    ADC_GetResetCalibrationStatus            0x08002c81   Thumb Code    20  stm32f10x_adc.o(i.ADC_GetResetCalibrationStatus)
    ADC_Init                                 0x08002c95   Thumb Code    70  stm32f10x_adc.o(i.ADC_Init)
    ADC_RegularChannelConfig                 0x08002ce5   Thumb Code   184  stm32f10x_adc.o(i.ADC_RegularChannelConfig)
    ADC_ResetCalibration                     0x08002d9d   Thumb Code    10  stm32f10x_adc.o(i.ADC_ResetCalibration)
    ADC_SoftwareStartConvCmd                 0x08002da7   Thumb Code    22  stm32f10x_adc.o(i.ADC_SoftwareStartConvCmd)
    ADC_StartCalibration                     0x08002dbd   Thumb Code    10  stm32f10x_adc.o(i.ADC_StartCalibration)
    BusFault_Handler                         0x08002dc7   Thumb Code     4  stm32f10x_it.o(i.BusFault_Handler)
    DMA1_Channel1_IRQHandler                 0x08002dcd   Thumb Code   508  adc.o(i.DMA1_Channel1_IRQHandler)
    DMX512_handle                            0x0800300d   Thumb Code     2  dmx512.o(i.DMX512_handle)
    DebugMon_Handler                         0x0800300f   Thumb Code     2  stm32f10x_it.o(i.DebugMon_Handler)
    Debug_printf                             0x08003011   Thumb Code    56  sys.o(i.Debug_printf)
    Duty_10ms                                0x08003049   Thumb Code    64  scheduler.o(i.Duty_10ms)
    Duty_1ms                                 0x08003091   Thumb Code    64  scheduler.o(i.Duty_1ms)
    Duty_20ms                                0x080030d9   Thumb Code    64  scheduler.o(i.Duty_20ms)
    Duty_2ms                                 0x08003121   Thumb Code    60  scheduler.o(i.Duty_2ms)
    Duty_50ms                                0x08003165   Thumb Code    60  scheduler.o(i.Duty_50ms)
    Duty_5ms                                 0x080031a9   Thumb Code    74  scheduler.o(i.Duty_5ms)
    Duty_Loop                                0x080031fd   Thumb Code   122  scheduler.o(i.Duty_Loop)
    EXTI3_IRQHandler                         0x0800327d   Thumb Code   122  dmx512.o(i.EXTI3_IRQHandler)
    EXTI_Init                                0x08003325   Thumb Code   142  stm32f10x_exti.o(i.EXTI_Init)
    GPIO_EXTILineConfig                      0x080033b9   Thumb Code    60  stm32f10x_gpio.o(i.GPIO_EXTILineConfig)
    GPIO_Init                                0x080033f9   Thumb Code   278  stm32f10x_gpio.o(i.GPIO_Init)
    GPIO_PinRemapConfig                      0x08003511   Thumb Code   138  stm32f10x_gpio.o(i.GPIO_PinRemapConfig)
    GPIO_init                                0x080035a1   Thumb Code    88  main.o(i.GPIO_init)
    GetSysTime_us                            0x0800360d   Thumb Code    48  delay.o(i.GetSysTime_us)
    HardFault_Handler                        0x08003641   Thumb Code     4  stm32f10x_it.o(i.HardFault_Handler)
    IWDG_Feed                                0x08003645   Thumb Code     8  wdg.o(i.IWDG_Feed)
    IWDG_ReloadCounter                       0x0800364d   Thumb Code    10  stm32f10x_iwdg.o(i.IWDG_ReloadCounter)
    LoadConfig                               0x0800365d   Thumb Code    46  stmflash.o(i.LoadConfig)
    Loop_check                               0x08003699   Thumb Code    86  scheduler.o(i.Loop_check)
    MemManage_Handler                        0x080036f5   Thumb Code     4  stm32f10x_it.o(i.MemManage_Handler)
    NMI_Handler                              0x080036f9   Thumb Code     2  stm32f10x_it.o(i.NMI_Handler)
    NVIC_Init                                0x080036fd   Thumb Code   100  misc.o(i.NVIC_Init)
    NVIC_PriorityGroupConfig                 0x0800376d   Thumb Code    10  misc.o(i.NVIC_PriorityGroupConfig)
    NeuralPID_SetExp                         0x08003781   Thumb Code     4  neuralpid.o(i.NeuralPID_SetExp)
    PWM16_init                               0x08003785   Thumb Code    46  pwm16.o(i.PWM16_init)
    PendSV_Handler                           0x080037b3   Thumb Code     2  stm32f10x_it.o(i.PendSV_Handler)
    RCC_ADCCLKConfig                         0x080037b5   Thumb Code    18  stm32f10x_rcc.o(i.RCC_ADCCLKConfig)
    RCC_AHBPeriphClockCmd                    0x080037cd   Thumb Code    26  stm32f10x_rcc.o(i.RCC_AHBPeriphClockCmd)
    RCC_APB1PeriphClockCmd                   0x080037ed   Thumb Code    26  stm32f10x_rcc.o(i.RCC_APB1PeriphClockCmd)
    RCC_APB1PeriphResetCmd                   0x0800380d   Thumb Code    26  stm32f10x_rcc.o(i.RCC_APB1PeriphResetCmd)
    RCC_APB2PeriphClockCmd                   0x0800382d   Thumb Code    26  stm32f10x_rcc.o(i.RCC_APB2PeriphClockCmd)
    RCC_APB2PeriphResetCmd                   0x0800384d   Thumb Code    26  stm32f10x_rcc.o(i.RCC_APB2PeriphResetCmd)
    RCC_GetClocksFreq                        0x0800386d   Thumb Code   192  stm32f10x_rcc.o(i.RCC_GetClocksFreq)
    STMFLASH_ErasePage                       0x08003949   Thumb Code    72  stmflash.o(i.STMFLASH_ErasePage)
    STMFLASH_GetStatus                       0x08003995   Thumb Code    38  stmflash.o(i.STMFLASH_GetStatus)
    STMFLASH_Lock                            0x080039c1   Thumb Code    14  stmflash.o(i.STMFLASH_Lock)
    STMFLASH_Read                            0x080039d5   Thumb Code    34  stmflash.o(i.STMFLASH_Read)
    STMFLASH_ReadHalfWord                    0x080039f7   Thumb Code     6  stmflash.o(i.STMFLASH_ReadHalfWord)
    STMFLASH_Unlock                          0x080039fd   Thumb Code    12  stmflash.o(i.STMFLASH_Unlock)
    STMFLASH_WaitDone                        0x08003a15   Thumb Code    42  stmflash.o(i.STMFLASH_WaitDone)
    STMFLASH_Write                           0x08003a41   Thumb Code   224  stmflash.o(i.STMFLASH_Write)
    STMFLASH_WriteHalfWord                   0x08003b29   Thumb Code    58  stmflash.o(i.STMFLASH_WriteHalfWord)
    STMFLASH_Write_NoCheck                   0x08003b69   Thumb Code    38  stmflash.o(i.STMFLASH_Write_NoCheck)
    SVC_Handler                              0x08003b8f   Thumb Code     2  stm32f10x_it.o(i.SVC_Handler)
    SaveConfig                               0x08003b91   Thumb Code    14  stmflash.o(i.SaveConfig)
    SetLedPower                              0x08003ba9   Thumb Code   114  ledpower.o(i.SetLedPower)
    SetLedPowerOpen                          0x08003c39   Thumb Code    40  ledpower.o(i.SetLedPowerOpen)
    SignleNeuralAdaptivPID                   0x08003d4d   Thumb Code  1226  neuralpid.o(i.SignleNeuralAdaptivPID)
    SysTick_CLKSourceConfig                  0x08004217   Thumb Code    40  misc.o(i.SysTick_CLKSourceConfig)
    SysTick_Configuration                    0x08004241   Thumb Code   104  delay.o(i.SysTick_Configuration)
    SysTick_Handler                          0x080042b1   Thumb Code    18  delay.o(i.SysTick_Handler)
    SystemInit                               0x080042c9   Thumb Code    78  system_stm32f10x.o(i.SystemInit)
    TIM2_PWM_Init                            0x08004329   Thumb Code   200  pwm16.o(i.TIM2_PWM_Init)
    TIM3_PWM_Init                            0x080043fd   Thumb Code   174  pwm16.o(i.TIM3_PWM_Init)
    TIM4_PWM_Init                            0x080044b9   Thumb Code   166  pwm16.o(i.TIM4_PWM_Init)
    TIM5_PWM_Init                            0x08004569   Thumb Code   164  pwm16.o(i.TIM5_PWM_Init)
    TIM6_IRQHandler                          0x08004615   Thumb Code    32  dmx512.o(i.TIM6_IRQHandler)
    TIM_ClearITPendingBit                    0x0800463d   Thumb Code     6  stm32f10x_tim.o(i.TIM_ClearITPendingBit)
    TIM_Cmd                                  0x08004643   Thumb Code    24  stm32f10x_tim.o(i.TIM_Cmd)
    TIM_GetITStatus                          0x0800465b   Thumb Code    34  stm32f10x_tim.o(i.TIM_GetITStatus)
    TIM_ITConfig                             0x0800467d   Thumb Code    18  stm32f10x_tim.o(i.TIM_ITConfig)
    TIM_OC1Init                              0x08004691   Thumb Code   132  stm32f10x_tim.o(i.TIM_OC1Init)
    TIM_OC1PreloadConfig                     0x08004729   Thumb Code    18  stm32f10x_tim.o(i.TIM_OC1PreloadConfig)
    TIM_OC2Init                              0x0800473d   Thumb Code   154  stm32f10x_tim.o(i.TIM_OC2Init)
    TIM_OC2PreloadConfig                     0x080047e1   Thumb Code    26  stm32f10x_tim.o(i.TIM_OC2PreloadConfig)
    TIM_OC3Init                              0x080047fd   Thumb Code   150  stm32f10x_tim.o(i.TIM_OC3Init)
    TIM_OC3PreloadConfig                     0x0800489d   Thumb Code    18  stm32f10x_tim.o(i.TIM_OC3PreloadConfig)
    TIM_OC4Init                              0x080048b1   Thumb Code   114  stm32f10x_tim.o(i.TIM_OC4Init)
    TIM_OC4PreloadConfig                     0x0800492d   Thumb Code    26  stm32f10x_tim.o(i.TIM_OC4PreloadConfig)
    TIM_SetCompare1                          0x08004947   Thumb Code     4  stm32f10x_tim.o(i.TIM_SetCompare1)
    TIM_SetCompare2                          0x0800494b   Thumb Code     4  stm32f10x_tim.o(i.TIM_SetCompare2)
    TIM_SetCompare3                          0x0800494f   Thumb Code     4  stm32f10x_tim.o(i.TIM_SetCompare3)
    TIM_SetCompare4                          0x08004953   Thumb Code     6  stm32f10x_tim.o(i.TIM_SetCompare4)
    TIM_TimeBaseInit                         0x08004959   Thumb Code   122  stm32f10x_tim.o(i.TIM_TimeBaseInit)
    USART2_IRQHandler                        0x080049fd   Thumb Code   146  dmx512.o(i.USART2_IRQHandler)
    USART_Cmd                                0x08004aa1   Thumb Code    24  stm32f10x_usart.o(i.USART_Cmd)
    USART_GetFlagStatus                      0x08004ab9   Thumb Code    26  stm32f10x_usart.o(i.USART_GetFlagStatus)
    USART_GetITStatus                        0x08004ad3   Thumb Code    84  stm32f10x_usart.o(i.USART_GetITStatus)
    USART_ITConfig                           0x08004b27   Thumb Code    74  stm32f10x_usart.o(i.USART_ITConfig)
    USART_Init                               0x08004b71   Thumb Code   210  stm32f10x_usart.o(i.USART_Init)
    USART_ReceiveData                        0x08004c49   Thumb Code    10  stm32f10x_usart.o(i.USART_ReceiveData)
    UsageFault_Handler                       0x08004c53   Thumb Code     4  stm32f10x_it.o(i.UsageFault_Handler)
    __ARM_fpclassify                         0x08004c57   Thumb Code    40  fpclassify.o(i.__ARM_fpclassify)
    __mathlib_dbl_overflow                   0x08004c7f   Thumb Code    14  dunder.o(i.__mathlib_dbl_overflow)
    __mathlib_dbl_underflow                  0x08004c8d   Thumb Code    10  dunder.o(i.__mathlib_dbl_underflow)
    __mathlib_narrow                         0x08004c9d   Thumb Code    16  narrow.o(i.__mathlib_narrow)
    __mathlib_tofloat                        0x08004cad   Thumb Code   184  narrow.o(i.__mathlib_tofloat)
    __support_ldexp                          0x08004d69   Thumb Code    22  ldexp.o(i.__support_ldexp)
    _is_digit                                0x08004d7f   Thumb Code    14  __printf_wp.o(i._is_digit)
    atof                                     0x08004d8d   Thumb Code    42  atof.o(i.atof)
    delay_ms                                 0x08004db7   Thumb Code    24  delay.o(i.delay_ms)
    delay_us                                 0x08004dcf   Thumb Code    24  delay.o(i.delay_us)
    dmx512_init                              0x08004de9   Thumb Code   366  dmx512.o(i.dmx512_init)
    find_min_current_task                    0x08004f6d   Thumb Code   144  ledpower.o(i.find_min_current_task)
    frexp                                    0x08005019   Thumb Code    80  frexp.o(i.frexp)
    ldexp                                    0x08005071   Thumb Code   116  ldexp.o(i.ldexp)
    ledpower_init                            0x080050e5   Thumb Code    58  ledpower.o(i.ledpower_init)
    ledpower_task                            0x08005139   Thumb Code    64  ledpower.o(i.ledpower_task)
    main                                     0x08005189   Thumb Code    74  main.o(i.main)
    receiving_dmx_data                       0x080051f1   Thumb Code   278  main.o(i.receiving_dmx_data)
    rs485_send_str                           0x08005321   Thumb Code    60  dmx512.o(i.rs485_send_str)
    set_pwm                                  0x08005365   Thumb Code   254  pwm16.o(i.set_pwm)
    slect_ch                                 0x08005471   Thumb Code   130  adc.o(i.slect_ch)
    uart_duty                                0x080054fd   Thumb Code   492  dmx512.o(i.uart_duty)
    uart_resiver                             0x080057a1   Thumb Code   100  dmx512.o(i.uart_resiver)
    _get_lc_numeric                          0x0800580d   Thumb Code    44  lc_numeric_c.o(locale$$code)
    _get_lc_ctype                            0x08005839   Thumb Code    44  lc_ctype_c.o(locale$$code)
    __aeabi_d2f                              0x08005865   Thumb Code     0  d2f.o(x$fpl$d2f)
    _d2f                                     0x08005865   Thumb Code    98  d2f.o(x$fpl$d2f)
    __aeabi_dadd                             0x080058c9   Thumb Code     0  daddsub_clz.o(x$fpl$dadd)
    _dadd                                    0x080058c9   Thumb Code   332  daddsub_clz.o(x$fpl$dadd)
    __fpl_dcheck_NaN1                        0x08005a19   Thumb Code    10  dcheck1.o(x$fpl$dcheck1)
    __fpl_dcmp_Inf                           0x08005a29   Thumb Code    24  dcmpi.o(x$fpl$dcmpinf)
    __aeabi_ddiv                             0x08005a41   Thumb Code     0  ddiv.o(x$fpl$ddiv)
    _ddiv                                    0x08005a41   Thumb Code   552  ddiv.o(x$fpl$ddiv)
    __aeabi_cdcmpeq                          0x08005cf1   Thumb Code     0  deqf.o(x$fpl$deqf)
    _dcmpeq                                  0x08005cf1   Thumb Code   120  deqf.o(x$fpl$deqf)
    __aeabi_d2uiz                            0x08005d69   Thumb Code     0  dfixu.o(x$fpl$dfixu)
    _dfixu                                   0x08005d69   Thumb Code    90  dfixu.o(x$fpl$dfixu)
    __aeabi_i2d                              0x08005dc3   Thumb Code     0  dflt_clz.o(x$fpl$dflt)
    _dflt                                    0x08005dc3   Thumb Code    46  dflt_clz.o(x$fpl$dflt)
    __aeabi_ui2d                             0x08005df1   Thumb Code     0  dflt_clz.o(x$fpl$dfltu)
    _dfltu                                   0x08005df1   Thumb Code    38  dflt_clz.o(x$fpl$dfltu)
    __aeabi_cdcmple                          0x08005e19   Thumb Code     0  dleqf.o(x$fpl$dleqf)
    _dcmple                                  0x08005e19   Thumb Code   120  dleqf.o(x$fpl$dleqf)
    __fpl_dcmple_InfNaN                      0x08005e7b   Thumb Code     0  dleqf.o(x$fpl$dleqf)
    __aeabi_dmul                             0x08005e91   Thumb Code     0  dmul.o(x$fpl$dmul)
    _dmul                                    0x08005e91   Thumb Code   332  dmul.o(x$fpl$dmul)
    __fpl_dnaninf                            0x08005fe5   Thumb Code   156  dnaninf.o(x$fpl$dnaninf)
    __fpl_dretinf                            0x08006081   Thumb Code    12  dretinf.o(x$fpl$dretinf)
    __aeabi_cdrcmple                         0x0800608d   Thumb Code     0  drleqf.o(x$fpl$drleqf)
    _drcmple                                 0x0800608d   Thumb Code   108  drleqf.o(x$fpl$drleqf)
    __aeabi_dsub                             0x080060f9   Thumb Code     0  daddsub_clz.o(x$fpl$dsub)
    _dsub                                    0x080060f9   Thumb Code   464  daddsub_clz.o(x$fpl$dsub)
    __aeabi_f2d                              0x080062cd   Thumb Code     0  f2d.o(x$fpl$f2d)
    _f2d                                     0x080062cd   Thumb Code    86  f2d.o(x$fpl$f2d)
    __aeabi_fadd                             0x08006325   Thumb Code     0  faddsub_clz.o(x$fpl$fadd)
    _fadd                                    0x08006325   Thumb Code   196  faddsub_clz.o(x$fpl$fadd)
    __fpl_fcmp_Inf                           0x080063e9   Thumb Code    24  fcmpi.o(x$fpl$fcmpinf)
    __aeabi_fdiv                             0x08006401   Thumb Code     0  fdiv.o(x$fpl$fdiv)
    _fdiv                                    0x08006401   Thumb Code   384  fdiv.o(x$fpl$fdiv)
    __aeabi_f2uiz                            0x08006585   Thumb Code     0  ffixu.o(x$fpl$ffixu)
    _ffixu                                   0x08006585   Thumb Code    62  ffixu.o(x$fpl$ffixu)
    __aeabi_ui2f                             0x080065c5   Thumb Code     0  fflt_clz.o(x$fpl$ffltu)
    _ffltu                                   0x080065c5   Thumb Code    38  fflt_clz.o(x$fpl$ffltu)
    __aeabi_cfcmple                          0x080065ed   Thumb Code     0  fleqf.o(x$fpl$fleqf)
    _fcmple                                  0x080065ed   Thumb Code   104  fleqf.o(x$fpl$fleqf)
    __fpl_fcmple_InfNaN                      0x0800663f   Thumb Code     0  fleqf.o(x$fpl$fleqf)
    __aeabi_fmul                             0x08006655   Thumb Code     0  fmul.o(x$fpl$fmul)
    _fmul                                    0x08006655   Thumb Code   258  fmul.o(x$fpl$fmul)
    __fpl_fnaninf                            0x08006757   Thumb Code   140  fnaninf.o(x$fpl$fnaninf)
    __fpl_fretinf                            0x080067e3   Thumb Code    10  fretinf.o(x$fpl$fretinf)
    __aeabi_cfrcmple                         0x080067ed   Thumb Code     0  frleqf.o(x$fpl$frleqf)
    _frcmple                                 0x080067ed   Thumb Code    98  frleqf.o(x$fpl$frleqf)
    __aeabi_frsub                            0x0800684f   Thumb Code     0  faddsub_clz.o(x$fpl$frsb)
    _frsb                                    0x0800684f   Thumb Code    20  faddsub_clz.o(x$fpl$frsb)
    __aeabi_fsub                             0x08006865   Thumb Code     0  faddsub_clz.o(x$fpl$fsub)
    _fsub                                    0x08006865   Thumb Code   234  faddsub_clz.o(x$fpl$fsub)
    __ieee_status                            0x0800694f   Thumb Code     6  istatus.o(x$fpl$ieeestatus)
    _printf_fp_dec                           0x08006955   Thumb Code     4  printf1.o(x$fpl$printf1)
    _printf_fp_hex                           0x08006959   Thumb Code     4  printf2.o(x$fpl$printf2)
    __fpl_return_NaN                         0x0800695d   Thumb Code   100  retnan.o(x$fpl$retnan)
    __ARM_scalbn                             0x080069c1   Thumb Code    92  scalbn.o(x$fpl$scalbn)
    _scanf_real                              0x08006a1d   Thumb Code     4  scanf1.o(x$fpl$scanf1)
    _scanf_hex_real                          0x08006a21   Thumb Code     4  scanf2.o(x$fpl$scanf2)
    _scanf_infnan                            0x08006a25   Thumb Code     4  scanf2.o(x$fpl$scanf2)
    __fpl_cmpreturn                          0x08006a29   Thumb Code    48  trapv.o(x$fpl$trapveneer)
    Initnpid                                 0x08006a58   Data          64  ledpower.o(.constdata)
    __I$use$fp                               0x08006a58   Number         0  usenofp.o(x$fpl$usenofp)
    Region$$Table$$Base                      0x08006b98   Number         0  anon$$obj.o(Region$$Table)
    Region$$Table$$Limit                     0x08006bb8   Number         0  anon$$obj.o(Region$$Table)
    __aeabi_HUGE_VAL                         0x08006bb8   Data           0  fpconst.o(c$$dinf)
    __aeabi_HUGE_VALL                        0x08006bb8   Data           0  fpconst.o(c$$dinf)
    __aeabi_INFINITY                         0x08006bb8   Data           0  fpconst.o(c$$dinf)
    __dInf                                   0x08006bb8   Data           0  fpconst.o(c$$dinf)
    __huge_val                               0x08006bb8   Data           0  fpconst.o(c$$dinf)
    __dbl_max                                0x08006bc0   Data           0  fpconst.o(c$$dmax)
    __ctype                                  0x08006bf1   Data           0  lc_ctype_c.o(locale$$data)
    max_current                              0x20000000   Data          10  main.o(.data)
    MIN_CURRENT                              0x2000000c   Data          20  ledpower.o(.data)
    CURRENT_MIN_PWM                          0x20000020   Data          10  ledpower.o(.data)
    adc_data                                 0x2000002c   Data           4  adc.o(.data)
    last_t                                   0x20000030   Data           2  adc.o(.data)
    tim1                                     0x20000032   Data           2  adc.o(.data)
    tim_over                                 0x20000038   Data           4  dmx512.o(.data)
    break_tim                                0x2000003c   Data           4  dmx512.o(.data)
    DMX512_RX_CNT                            0x20000040   Data           2  dmx512.o(.data)
    TEST_SUM                                 0x20000042   Data           1  dmx512.o(.data)
    SUM_CNT                                  0x20000044   Data           4  dmx512.o(.data)
    tim                                      0x20000048   Data           2  dmx512.o(.data)
    USART_RX_STA                             0x2000004a   Data           2  dmx512.o(.data)
    sysTickUptime                            0x20000050   Data           4  delay.o(.data)
    default_data                             0x20000068   Data          16  main.o(.bss)
    Sys                                      0x20000078   Data          24  main.o(.bss)
    EXP_PWM                                  0x20000090   Data          10  main.o(.bss)
    DMX_CTL_I                                0x2000009c   Data          20  main.o(.bss)
    EXP_OUT_I                                0x200000b0   Data          20  main.o(.bss)
    loop                                     0x200000c4   Data          16  scheduler.o(.bss)
    duty_time                                0x200000d4   Data          48  scheduler.o(.bss)
    Pid_I_true                               0x20000108   Data         200  ledpower.o(.bss)
    Pid_I_lpf                                0x200001d0   Data         200  ledpower.o(.bss)
    pwm_out                                  0x20000298   Data          20  ledpower.o(.bss)
    I_npid                                   0x200002ac   Data         320  ledpower.o(.bss)
    ADC1_BUFFER                              0x200003ec   Data          60  adc.o(.bss)
    ADCH                                     0x20000428   Data          20  adc.o(.bss)
    ADCM                                     0x2000043c   Data          20  adc.o(.bss)
    ADCL                                     0x20000450   Data          20  adc.o(.bss)
    I_true                                   0x20000464   Data          20  adc.o(.bss)
    I_lpf                                    0x20000478   Data          20  adc.o(.bss)
    DMX512_RX_BUF                            0x2000048c   Data         513  dmx512.o(.bss)
    USART_RX_BUF                             0x2000068d   Data         200  dmx512.o(.bss)
    pwm                                      0x20000758   Data         128  dmx512.o(.bss)
    STMFLASH_BUF                             0x200007d8   Data        2048  stmflash.o(.bss)
    __libspace_start                         0x20000fd8   Data          96  libspace.o(.bss)
    __temporary_stack_top$libspace           0x20001038   Data           0  libspace.o(.bss)



==============================================================================

Memory Map of the image

  Image Entry point : 0x08000131

  Load Region LR_IROM1 (Base: 0x08000000, Size: 0x00006d5c, Max: 0x00040000, ABSOLUTE)

    Execution Region ER_IROM1 (Exec base: 0x08000000, Load base: 0x08000000, Size: 0x00006cf4, Max: 0x00040000, ABSOLUTE)

    Exec Addr    Load Addr    Size         Type   Attr      Idx    E Section Name        Object

    0x08000000   0x08000000   0x00000130   Data   RO         2969    RESET               startup_stm32f10x_hd.o
    0x08000130   0x08000130   0x00000008   Code   RO         3079  * !!!main             c_w.l(__main.o)
    0x08000138   0x08000138   0x00000034   Code   RO         3581    !!!scatter          c_w.l(__scatter.o)
    0x0800016c   0x0800016c   0x0000001a   Code   RO         3583    !!handler_copy      c_w.l(__scatter_copy.o)
    0x08000186   0x08000186   0x00000002   PAD
    0x08000188   0x08000188   0x0000001c   Code   RO         3585    !!handler_zi        c_w.l(__scatter_zi.o)
    0x080001a4   0x080001a4   0x00000000   Code   RO         3070    .ARM.Collect$$_printf_percent$$00000000  c_w.l(_printf_percent.o)
    0x080001a4   0x080001a4   0x00000006   Code   RO         3234    .ARM.Collect$$_printf_percent$$00000001  c_w.l(_printf_n.o)
    0x080001aa   0x080001aa   0x00000006   Code   RO         3236    .ARM.Collect$$_printf_percent$$00000002  c_w.l(_printf_p.o)
    0x080001b0   0x080001b0   0x00000006   Code   RO         3069    .ARM.Collect$$_printf_percent$$00000003  c_w.l(_printf_f.o)
    0x080001b6   0x080001b6   0x00000006   Code   RO         3240    .ARM.Collect$$_printf_percent$$00000004  c_w.l(_printf_e.o)
    0x080001bc   0x080001bc   0x00000006   Code   RO         3241    .ARM.Collect$$_printf_percent$$00000005  c_w.l(_printf_g.o)
    0x080001c2   0x080001c2   0x00000006   Code   RO         3242    .ARM.Collect$$_printf_percent$$00000006  c_w.l(_printf_a.o)
    0x080001c8   0x080001c8   0x0000000a   Code   RO         3247    .ARM.Collect$$_printf_percent$$00000007  c_w.l(_printf_ll.o)
    0x080001d2   0x080001d2   0x00000006   Code   RO         3238    .ARM.Collect$$_printf_percent$$00000008  c_w.l(_printf_i.o)
    0x080001d8   0x080001d8   0x00000006   Code   RO         3068    .ARM.Collect$$_printf_percent$$00000009  c_w.l(_printf_d.o)
    0x080001de   0x080001de   0x00000006   Code   RO         3239    .ARM.Collect$$_printf_percent$$0000000A  c_w.l(_printf_u.o)
    0x080001e4   0x080001e4   0x00000006   Code   RO         3237    .ARM.Collect$$_printf_percent$$0000000B  c_w.l(_printf_o.o)
    0x080001ea   0x080001ea   0x00000006   Code   RO         3235    .ARM.Collect$$_printf_percent$$0000000C  c_w.l(_printf_x.o)
    0x080001f0   0x080001f0   0x00000006   Code   RO         3244    .ARM.Collect$$_printf_percent$$0000000D  c_w.l(_printf_lli.o)
    0x080001f6   0x080001f6   0x00000006   Code   RO         3245    .ARM.Collect$$_printf_percent$$0000000E  c_w.l(_printf_lld.o)
    0x080001fc   0x080001fc   0x00000006   Code   RO         3246    .ARM.Collect$$_printf_percent$$0000000F  c_w.l(_printf_llu.o)
    0x08000202   0x08000202   0x00000006   Code   RO         3251    .ARM.Collect$$_printf_percent$$00000010  c_w.l(_printf_llo.o)
    0x08000208   0x08000208   0x00000006   Code   RO         3252    .ARM.Collect$$_printf_percent$$00000011  c_w.l(_printf_llx.o)
    0x0800020e   0x0800020e   0x0000000a   Code   RO         3248    .ARM.Collect$$_printf_percent$$00000012  c_w.l(_printf_l.o)
    0x08000218   0x08000218   0x00000006   Code   RO         3232    .ARM.Collect$$_printf_percent$$00000013  c_w.l(_printf_c.o)
    0x0800021e   0x0800021e   0x00000006   Code   RO         3233    .ARM.Collect$$_printf_percent$$00000014  c_w.l(_printf_s.o)
    0x08000224   0x08000224   0x00000006   Code   RO         3249    .ARM.Collect$$_printf_percent$$00000015  c_w.l(_printf_lc.o)
    0x0800022a   0x0800022a   0x00000006   Code   RO         3250    .ARM.Collect$$_printf_percent$$00000016  c_w.l(_printf_ls.o)
    0x08000230   0x08000230   0x00000004   Code   RO         3243    .ARM.Collect$$_printf_percent$$00000017  c_w.l(_printf_percent_end.o)
    0x08000234   0x08000234   0x00000002   Code   RO         3457    .ARM.Collect$$libinit$$00000000  c_w.l(libinit.o)
    0x08000236   0x08000236   0x00000000   Code   RO         3260    .ARM.Collect$$libinit$$00000002  c_w.l(libinit2.o)
    0x08000236   0x08000236   0x00000000   Code   RO         3262    .ARM.Collect$$libinit$$00000004  c_w.l(libinit2.o)
    0x08000236   0x08000236   0x00000008   Code   RO         3263    .ARM.Collect$$libinit$$00000005  c_w.l(libinit2.o)
    0x0800023e   0x0800023e   0x00000000   Code   RO         3265    .ARM.Collect$$libinit$$0000000A  c_w.l(libinit2.o)
    0x0800023e   0x0800023e   0x00000000   Code   RO         3267    .ARM.Collect$$libinit$$0000000C  c_w.l(libinit2.o)
    0x0800023e   0x0800023e   0x00000000   Code   RO         3269    .ARM.Collect$$libinit$$0000000E  c_w.l(libinit2.o)
    0x0800023e   0x0800023e   0x00000006   Code   RO         3270    .ARM.Collect$$libinit$$0000000F  c_w.l(libinit2.o)
    0x08000244   0x08000244   0x00000000   Code   RO         3272    .ARM.Collect$$libinit$$00000011  c_w.l(libinit2.o)
    0x08000244   0x08000244   0x0000000c   Code   RO         3273    .ARM.Collect$$libinit$$00000012  c_w.l(libinit2.o)
    0x08000250   0x08000250   0x00000000   Code   RO         3274    .ARM.Collect$$libinit$$00000013  c_w.l(libinit2.o)
    0x08000250   0x08000250   0x00000000   Code   RO         3276    .ARM.Collect$$libinit$$00000015  c_w.l(libinit2.o)
    0x08000250   0x08000250   0x0000000a   Code   RO         3277    .ARM.Collect$$libinit$$00000016  c_w.l(libinit2.o)
    0x0800025a   0x0800025a   0x00000000   Code   RO         3278    .ARM.Collect$$libinit$$00000017  c_w.l(libinit2.o)
    0x0800025a   0x0800025a   0x00000000   Code   RO         3280    .ARM.Collect$$libinit$$00000019  c_w.l(libinit2.o)
    0x0800025a   0x0800025a   0x00000000   Code   RO         3282    .ARM.Collect$$libinit$$0000001B  c_w.l(libinit2.o)
    0x0800025a   0x0800025a   0x00000000   Code   RO         3284    .ARM.Collect$$libinit$$0000001D  c_w.l(libinit2.o)
    0x0800025a   0x0800025a   0x00000000   Code   RO         3286    .ARM.Collect$$libinit$$0000001F  c_w.l(libinit2.o)
    0x0800025a   0x0800025a   0x00000000   Code   RO         3288    .ARM.Collect$$libinit$$00000021  c_w.l(libinit2.o)
    0x0800025a   0x0800025a   0x00000000   Code   RO         3290    .ARM.Collect$$libinit$$00000023  c_w.l(libinit2.o)
    0x0800025a   0x0800025a   0x00000000   Code   RO         3292    .ARM.Collect$$libinit$$00000025  c_w.l(libinit2.o)
    0x0800025a   0x0800025a   0x00000000   Code   RO         3296    .ARM.Collect$$libinit$$0000002C  c_w.l(libinit2.o)
    0x0800025a   0x0800025a   0x00000000   Code   RO         3298    .ARM.Collect$$libinit$$0000002E  c_w.l(libinit2.o)
    0x0800025a   0x0800025a   0x00000000   Code   RO         3300    .ARM.Collect$$libinit$$00000030  c_w.l(libinit2.o)
    0x0800025a   0x0800025a   0x00000000   Code   RO         3302    .ARM.Collect$$libinit$$00000032  c_w.l(libinit2.o)
    0x0800025a   0x0800025a   0x00000002   Code   RO         3303    .ARM.Collect$$libinit$$00000033  c_w.l(libinit2.o)
    0x0800025c   0x0800025c   0x00000002   Code   RO         3543    .ARM.Collect$$libshutdown$$00000000  c_w.l(libshutdown.o)
    0x0800025e   0x0800025e   0x00000000   Code   RO         3471    .ARM.Collect$$libshutdown$$00000002  c_w.l(libshutdown2.o)
    0x0800025e   0x0800025e   0x00000000   Code   RO         3473    .ARM.Collect$$libshutdown$$00000004  c_w.l(libshutdown2.o)
    0x0800025e   0x0800025e   0x00000000   Code   RO         3476    .ARM.Collect$$libshutdown$$00000007  c_w.l(libshutdown2.o)
    0x0800025e   0x0800025e   0x00000000   Code   RO         3479    .ARM.Collect$$libshutdown$$0000000A  c_w.l(libshutdown2.o)
    0x0800025e   0x0800025e   0x00000000   Code   RO         3481    .ARM.Collect$$libshutdown$$0000000C  c_w.l(libshutdown2.o)
    0x0800025e   0x0800025e   0x00000000   Code   RO         3484    .ARM.Collect$$libshutdown$$0000000F  c_w.l(libshutdown2.o)
    0x0800025e   0x0800025e   0x00000002   Code   RO         3485    .ARM.Collect$$libshutdown$$00000010  c_w.l(libshutdown2.o)
    0x08000260   0x08000260   0x00000000   Code   RO         3151    .ARM.Collect$$rtentry$$00000000  c_w.l(__rtentry.o)
    0x08000260   0x08000260   0x00000000   Code   RO         3329    .ARM.Collect$$rtentry$$00000002  c_w.l(__rtentry2.o)
    0x08000260   0x08000260   0x00000006   Code   RO         3341    .ARM.Collect$$rtentry$$00000004  c_w.l(__rtentry4.o)
    0x08000266   0x08000266   0x00000000   Code   RO         3331    .ARM.Collect$$rtentry$$00000009  c_w.l(__rtentry2.o)
    0x08000266   0x08000266   0x00000004   Code   RO         3332    .ARM.Collect$$rtentry$$0000000A  c_w.l(__rtentry2.o)
    0x0800026a   0x0800026a   0x00000000   Code   RO         3334    .ARM.Collect$$rtentry$$0000000C  c_w.l(__rtentry2.o)
    0x0800026a   0x0800026a   0x00000008   Code   RO         3335    .ARM.Collect$$rtentry$$0000000D  c_w.l(__rtentry2.o)
    0x08000272   0x08000272   0x00000002   Code   RO         3460    .ARM.Collect$$rtexit$$00000000  c_w.l(rtexit.o)
    0x08000274   0x08000274   0x00000000   Code   RO         3505    .ARM.Collect$$rtexit$$00000002  c_w.l(rtexit2.o)
    0x08000274   0x08000274   0x00000004   Code   RO         3506    .ARM.Collect$$rtexit$$00000003  c_w.l(rtexit2.o)
    0x08000278   0x08000278   0x00000006   Code   RO         3507    .ARM.Collect$$rtexit$$00000004  c_w.l(rtexit2.o)
    0x0800027e   0x0800027e   0x00000002   PAD
    0x08000280   0x08000280   0x00000000   Code   RO         3352    .emb_text           c_w.l(maybetermalloc1.o)
    0x08000280   0x08000280   0x00000040   Code   RO         2970    .text               startup_stm32f10x_hd.o
    0x080002c0   0x080002c0   0x0000005e   Code   RO         2980    .text               c_w.l(h1_alloc.o)
    0x0800031e   0x0800031e   0x0000004e   Code   RO         2982    .text               c_w.l(h1_free.o)
    0x0800036c   0x0800036c   0x00000024   Code   RO         3038    .text               c_w.l(vsprintf.o)
    0x08000390   0x08000390   0x0000002c   Code   RO         3040    .text               c_w.l(__2sprintf.o)
    0x080003bc   0x080003bc   0x00000078   Code   RO         3046    .text               c_w.l(_printf_dec.o)
    0x08000434   0x08000434   0x00000188   Code   RO         3065    .text               c_w.l(__printf_flags_ss_wp.o)
    0x080005bc   0x080005bc   0x0000001a   Code   RO         3071    .text               c_w.l(atoi.o)
    0x080005d6   0x080005d6   0x00000024   Code   RO         3073    .text               c_w.l(strstr.o)
    0x080005fa   0x080005fa   0x00000064   Code   RO         3075    .text               c_w.l(rt_memcpy_w.o)
    0x0800065e   0x0800065e   0x00000006   Code   RO         3077    .text               c_w.l(heapauxi.o)
    0x08000664   0x08000664   0x00000008   Code   RO         3155    .text               c_w.l(rt_heap_descriptor_intlibspace.o)
    0x0800066c   0x0800066c   0x00000008   Code   RO         3160    .text               c_w.l(rt_errno_addr_intlibspace.o)
    0x08000674   0x08000674   0x00000004   Code   RO         3162    .text               c_w.l(hguard.o)
    0x08000678   0x08000678   0x0000008a   Code   RO         3164    .text               c_w.l(init_alloc.o)
    0x08000702   0x08000702   0x0000000e   Code   RO         3168    .text               c_w.l(h1_init.o)
    0x08000710   0x08000710   0x00000016   Code   RO         3182    .text               c_w.l(_rserrno.o)
    0x08000726   0x08000726   0x0000004e   Code   RO         3184    .text               c_w.l(_printf_pad.o)
    0x08000774   0x08000774   0x00000024   Code   RO         3186    .text               c_w.l(_printf_truncate.o)
    0x08000798   0x08000798   0x00000052   Code   RO         3188    .text               c_w.l(_printf_str.o)
    0x080007ea   0x080007ea   0x000000b2   Code   RO         3190    .text               c_w.l(_printf_intcommon.o)
    0x0800089c   0x0800089c   0x00000028   Code   RO         3192    .text               c_w.l(_printf_charcount.o)
    0x080008c4   0x080008c4   0x0000041e   Code   RO         3194    .text               c_w.l(_printf_fp_dec.o)
    0x08000ce2   0x08000ce2   0x00000002   PAD
    0x08000ce4   0x08000ce4   0x00000030   Code   RO         3196    .text               c_w.l(_printf_char_common.o)
    0x08000d14   0x08000d14   0x0000000a   Code   RO         3198    .text               c_w.l(_sputc.o)
    0x08000d1e   0x08000d1e   0x00000002   PAD
    0x08000d20   0x08000d20   0x000000bc   Code   RO         3200    .text               c_w.l(_printf_wctomb.o)
    0x08000ddc   0x08000ddc   0x0000007c   Code   RO         3203    .text               c_w.l(_printf_longlong_dec.o)
    0x08000e58   0x08000e58   0x00000070   Code   RO         3209    .text               c_w.l(_printf_oct_int_ll.o)
    0x08000ec8   0x08000ec8   0x00000094   Code   RO         3229    .text               c_w.l(_printf_hex_int_ll_ptr.o)
    0x08000f5c   0x08000f5c   0x000000a4   Code   RO         3253    .text               c_w.l(strtod.o)
    0x08001000   0x08001000   0x00000070   Code   RO         3255    .text               c_w.l(strtol.o)
    0x08001070   0x08001070   0x00000008   Code   RO         3325    .text               c_w.l(libspace.o)
    0x08001078   0x08001078   0x00000010   Code   RO         3343    .text               c_w.l(rt_ctype_table.o)
    0x08001088   0x08001088   0x00000008   Code   RO         3348    .text               c_w.l(rt_locale_intlibspace.o)
    0x08001090   0x08001090   0x00000034   Code   RO         3354    .text               c_w.l(h1_extend.o)
    0x080010c4   0x080010c4   0x0000008a   Code   RO         3358    .text               c_w.l(lludiv10.o)
    0x0800114e   0x0800114e   0x00000012   Code   RO         3360    .text               c_w.l(isspace.o)
    0x08001160   0x08001160   0x000002fc   Code   RO         3362    .text               c_w.l(_printf_fp_hex.o)
    0x0800145c   0x0800145c   0x00000080   Code   RO         3365    .text               c_w.l(_printf_fp_infnan.o)
    0x080014dc   0x080014dc   0x0000002c   Code   RO         3369    .text               c_w.l(_printf_char.o)
    0x08001508   0x08001508   0x0000002c   Code   RO         3371    .text               c_w.l(_printf_wchar.o)
    0x08001534   0x08001534   0x00000040   Code   RO         3373    .text               c_w.l(_sgetc.o)
    0x08001574   0x08001574   0x0000009e   Code   RO         3375    .text               c_w.l(_strtoul.o)
    0x08001612   0x08001612   0x00000002   PAD
    0x08001614   0x08001614   0x000000e4   Code   RO         3377    .text               c_w.l(bigflt0.o)
    0x080016f8   0x080016f8   0x00000040   Code   RO         3402    .text               c_w.l(_wcrtomb.o)
    0x08001738   0x08001738   0x0000000e   Code   RO         3407    .text               c_w.l(defsig_rtmem_outer.o)
    0x08001746   0x08001746   0x00000002   Code   RO         3424    .text               c_w.l(use_no_semi.o)
    0x08001748   0x08001748   0x00000000   Code   RO         3426    .text               c_w.l(indicate_semi.o)
    0x08001748   0x08001748   0x0000004a   Code   RO         3427    .text               c_w.l(sys_stackheap_outer.o)
    0x08001792   0x08001792   0x0000001c   Code   RO         3433    .text               c_w.l(_chval.o)
    0x080017ae   0x080017ae   0x00000002   PAD
    0x080017b0   0x080017b0   0x000004f8   Code   RO         3435    .text               c_w.l(scanf_fp.o)
    0x08001ca8   0x08001ca8   0x00000012   Code   RO         3440    .text               c_w.l(exit.o)
    0x08001cba   0x08001cba   0x0000000a   Code   RO         3442    .text               c_w.l(defsig_exit.o)
    0x08001cc4   0x08001cc4   0x00000050   Code   RO         3444    .text               c_w.l(defsig_rtmem_inner.o)
    0x08001d14   0x08001d14   0x00000080   Code   RO         3446    .text               c_w.l(strcmpv7m.o)
    0x08001d94   0x08001d94   0x0000000c   Code   RO         3458    .text               c_w.l(sys_exit.o)
    0x08001da0   0x08001da0   0x00000032   Code   RO         3468    .text               c_w.l(defsig_general.o)
    0x08001dd2   0x08001dd2   0x0000000e   Code   RO         3502    .text               c_w.l(sys_wrch.o)
    0x08001de0   0x08001de0   0x00000320   Code   RO         3511    .text               c_w.l(scanf_hexfp.o)
    0x08002100   0x08002100   0x00000134   Code   RO         3513    .text               c_w.l(scanf_infnan.o)
    0x08002234   0x08002234   0x00000026   Code   RO         3523    .text               c_w.l(llshl.o)
    0x0800225a   0x0800225a   0x0000003e   Code   RO         3380    CL$$btod_d2e        c_w.l(btod.o)
    0x08002298   0x08002298   0x00000046   Code   RO         3382    CL$$btod_d2e_denorm_low  c_w.l(btod.o)
    0x080022de   0x080022de   0x00000060   Code   RO         3381    CL$$btod_d2e_norm_op1  c_w.l(btod.o)
    0x0800233e   0x0800233e   0x00000338   Code   RO         3390    CL$$btod_div_common  c_w.l(btod.o)
    0x08002676   0x08002676   0x00000002   PAD
    0x08002678   0x08002678   0x00000084   Code   RO         3388    CL$$btod_e2d        c_w.l(btod.o)
    0x080026fc   0x080026fc   0x000000dc   Code   RO         3387    CL$$btod_e2e        c_w.l(btod.o)
    0x080027d8   0x080027d8   0x0000002a   Code   RO         3384    CL$$btod_ediv       c_w.l(btod.o)
    0x08002802   0x08002802   0x0000002a   Code   RO         3386    CL$$btod_edivd      c_w.l(btod.o)
    0x0800282c   0x0800282c   0x0000002a   Code   RO         3383    CL$$btod_emul       c_w.l(btod.o)
    0x08002856   0x08002856   0x0000002a   Code   RO         3385    CL$$btod_emuld      c_w.l(btod.o)
    0x08002880   0x08002880   0x00000244   Code   RO         3389    CL$$btod_mult_common  c_w.l(btod.o)
    0x08002ac4   0x08002ac4   0x00000120   Code   RO          458    i.ADC1Init          adc.o
    0x08002be4   0x08002be4   0x00000016   Code   RO          997    i.ADC_Cmd           stm32f10x_adc.o
    0x08002bfa   0x08002bfa   0x00000016   Code   RO          998    i.ADC_DMACmd        stm32f10x_adc.o
    0x08002c10   0x08002c10   0x0000005c   Code   RO          999    i.ADC_DeInit        stm32f10x_adc.o
    0x08002c6c   0x08002c6c   0x00000014   Code   RO         1005    i.ADC_GetCalibrationStatus  stm32f10x_adc.o
    0x08002c80   0x08002c80   0x00000014   Code   RO         1011    i.ADC_GetResetCalibrationStatus  stm32f10x_adc.o
    0x08002c94   0x08002c94   0x00000050   Code   RO         1015    i.ADC_Init          stm32f10x_adc.o
    0x08002ce4   0x08002ce4   0x000000b8   Code   RO         1019    i.ADC_RegularChannelConfig  stm32f10x_adc.o
    0x08002d9c   0x08002d9c   0x0000000a   Code   RO         1020    i.ADC_ResetCalibration  stm32f10x_adc.o
    0x08002da6   0x08002da6   0x00000016   Code   RO         1022    i.ADC_SoftwareStartConvCmd  stm32f10x_adc.o
    0x08002dbc   0x08002dbc   0x0000000a   Code   RO         1024    i.ADC_StartCalibration  stm32f10x_adc.o
    0x08002dc6   0x08002dc6   0x00000004   Code   RO          215    i.BusFault_Handler  stm32f10x_it.o
    0x08002dca   0x08002dca   0x00000002   PAD
    0x08002dcc   0x08002dcc   0x00000240   Code   RO          459    i.DMA1_Channel1_IRQHandler  adc.o
    0x0800300c   0x0800300c   0x00000002   Code   RO          493    i.DMX512_handle     dmx512.o
    0x0800300e   0x0800300e   0x00000002   Code   RO          216    i.DebugMon_Handler  stm32f10x_it.o
    0x08003010   0x08003010   0x00000038   Code   RO          740    i.Debug_printf      sys.o
    0x08003048   0x08003048   0x00000048   Code   RO          272    i.Duty_10ms         scheduler.o
    0x08003090   0x08003090   0x00000048   Code   RO          273    i.Duty_1ms          scheduler.o
    0x080030d8   0x080030d8   0x00000048   Code   RO          274    i.Duty_20ms         scheduler.o
    0x08003120   0x08003120   0x00000044   Code   RO          275    i.Duty_2ms          scheduler.o
    0x08003164   0x08003164   0x00000044   Code   RO          276    i.Duty_50ms         scheduler.o
    0x080031a8   0x080031a8   0x00000054   Code   RO          277    i.Duty_5ms          scheduler.o
    0x080031fc   0x080031fc   0x00000080   Code   RO          278    i.Duty_Loop         scheduler.o
    0x0800327c   0x0800327c   0x000000a8   Code   RO          494    i.EXTI3_IRQHandler  dmx512.o
    0x08003324   0x08003324   0x00000094   Code   RO         1501    i.EXTI_Init         stm32f10x_exti.o
    0x080033b8   0x080033b8   0x00000040   Code   RO         1726    i.GPIO_EXTILineConfig  stm32f10x_gpio.o
    0x080033f8   0x080033f8   0x00000116   Code   RO         1729    i.GPIO_Init         stm32f10x_gpio.o
    0x0800350e   0x0800350e   0x00000002   PAD
    0x08003510   0x08003510   0x00000090   Code   RO         1731    i.GPIO_PinRemapConfig  stm32f10x_gpio.o
    0x080035a0   0x080035a0   0x0000006c   Code   RO            1    i.GPIO_init         main.o
    0x0800360c   0x0800360c   0x00000034   Code   RO          690    i.GetSysTime_us     delay.o
    0x08003640   0x08003640   0x00000004   Code   RO          217    i.HardFault_Handler  stm32f10x_it.o
    0x08003644   0x08003644   0x00000008   Code   RO          937    i.IWDG_Feed         wdg.o
    0x0800364c   0x0800364c   0x00000010   Code   RO         1839    i.IWDG_ReloadCounter  stm32f10x_iwdg.o
    0x0800365c   0x0800365c   0x0000003c   Code   RO          602    i.LoadConfig        stmflash.o
    0x08003698   0x08003698   0x0000005c   Code   RO          279    i.Loop_check        scheduler.o
    0x080036f4   0x080036f4   0x00000004   Code   RO          218    i.MemManage_Handler  stm32f10x_it.o
    0x080036f8   0x080036f8   0x00000002   Code   RO          219    i.NMI_Handler       stm32f10x_it.o
    0x080036fa   0x080036fa   0x00000002   PAD
    0x080036fc   0x080036fc   0x00000070   Code   RO          955    i.NVIC_Init         misc.o
    0x0800376c   0x0800376c   0x00000014   Code   RO          956    i.NVIC_PriorityGroupConfig  misc.o
    0x08003780   0x08003780   0x00000004   Code   RO          440    i.NeuralPID_SetExp  neuralpid.o
    0x08003784   0x08003784   0x0000002e   Code   RO          560    i.PWM16_init        pwm16.o
    0x080037b2   0x080037b2   0x00000002   Code   RO          220    i.PendSV_Handler    stm32f10x_it.o
    0x080037b4   0x080037b4   0x00000018   Code   RO         2029    i.RCC_ADCCLKConfig  stm32f10x_rcc.o
    0x080037cc   0x080037cc   0x00000020   Code   RO         2030    i.RCC_AHBPeriphClockCmd  stm32f10x_rcc.o
    0x080037ec   0x080037ec   0x00000020   Code   RO         2031    i.RCC_APB1PeriphClockCmd  stm32f10x_rcc.o
    0x0800380c   0x0800380c   0x00000020   Code   RO         2032    i.RCC_APB1PeriphResetCmd  stm32f10x_rcc.o
    0x0800382c   0x0800382c   0x00000020   Code   RO         2033    i.RCC_APB2PeriphClockCmd  stm32f10x_rcc.o
    0x0800384c   0x0800384c   0x00000020   Code   RO         2034    i.RCC_APB2PeriphResetCmd  stm32f10x_rcc.o
    0x0800386c   0x0800386c   0x000000dc   Code   RO         2041    i.RCC_GetClocksFreq  stm32f10x_rcc.o
    0x08003948   0x08003948   0x0000004c   Code   RO          603    i.STMFLASH_ErasePage  stmflash.o
    0x08003994   0x08003994   0x0000002c   Code   RO          604    i.STMFLASH_GetStatus  stmflash.o
    0x080039c0   0x080039c0   0x00000014   Code   RO          605    i.STMFLASH_Lock     stmflash.o
    0x080039d4   0x080039d4   0x00000022   Code   RO          606    i.STMFLASH_Read     stmflash.o
    0x080039f6   0x080039f6   0x00000006   Code   RO          607    i.STMFLASH_ReadHalfWord  stmflash.o
    0x080039fc   0x080039fc   0x00000018   Code   RO          608    i.STMFLASH_Unlock   stmflash.o
    0x08003a14   0x08003a14   0x0000002a   Code   RO          609    i.STMFLASH_WaitDone  stmflash.o
    0x08003a3e   0x08003a3e   0x00000002   PAD
    0x08003a40   0x08003a40   0x000000e8   Code   RO          610    i.STMFLASH_Write    stmflash.o
    0x08003b28   0x08003b28   0x00000040   Code   RO          611    i.STMFLASH_WriteHalfWord  stmflash.o
    0x08003b68   0x08003b68   0x00000026   Code   RO          612    i.STMFLASH_Write_NoCheck  stmflash.o
    0x08003b8e   0x08003b8e   0x00000002   Code   RO          221    i.SVC_Handler       stm32f10x_it.o
    0x08003b90   0x08003b90   0x00000018   Code   RO          613    i.SaveConfig        stmflash.o
    0x08003ba8   0x08003ba8   0x00000090   Code   RO          387    i.SetLedPower       ledpower.o
    0x08003c38   0x08003c38   0x0000002c   Code   RO          388    i.SetLedPowerOpen   ledpower.o
    0x08003c64   0x08003c64   0x00000008   Code   RO          181    i.SetSysClock       system_stm32f10x.o
    0x08003c6c   0x08003c6c   0x000000e0   Code   RO          182    i.SetSysClockTo72   system_stm32f10x.o
    0x08003d4c   0x08003d4c   0x000004ca   Code   RO          441    i.SignleNeuralAdaptivPID  neuralpid.o
    0x08004216   0x08004216   0x00000028   Code   RO          959    i.SysTick_CLKSourceConfig  misc.o
    0x0800423e   0x0800423e   0x00000002   PAD
    0x08004240   0x08004240   0x00000070   Code   RO          691    i.SysTick_Configuration  delay.o
    0x080042b0   0x080042b0   0x00000018   Code   RO          692    i.SysTick_Handler   delay.o
    0x080042c8   0x080042c8   0x00000060   Code   RO          184    i.SystemInit        system_stm32f10x.o
    0x08004328   0x08004328   0x000000d4   Code   RO          561    i.TIM2_PWM_Init     pwm16.o
    0x080043fc   0x080043fc   0x000000bc   Code   RO          562    i.TIM3_PWM_Init     pwm16.o
    0x080044b8   0x080044b8   0x000000b0   Code   RO          563    i.TIM4_PWM_Init     pwm16.o
    0x08004568   0x08004568   0x000000ac   Code   RO          564    i.TIM5_PWM_Init     pwm16.o
    0x08004614   0x08004614   0x00000028   Code   RO          495    i.TIM6_IRQHandler   dmx512.o
    0x0800463c   0x0800463c   0x00000006   Code   RO         2240    i.TIM_ClearITPendingBit  stm32f10x_tim.o
    0x08004642   0x08004642   0x00000018   Code   RO         2245    i.TIM_Cmd           stm32f10x_tim.o
    0x0800465a   0x0800465a   0x00000022   Code   RO         2266    i.TIM_GetITStatus   stm32f10x_tim.o
    0x0800467c   0x0800467c   0x00000012   Code   RO         2270    i.TIM_ITConfig      stm32f10x_tim.o
    0x0800468e   0x0800468e   0x00000002   PAD
    0x08004690   0x08004690   0x00000098   Code   RO         2274    i.TIM_OC1Init       stm32f10x_tim.o
    0x08004728   0x08004728   0x00000012   Code   RO         2277    i.TIM_OC1PreloadConfig  stm32f10x_tim.o
    0x0800473a   0x0800473a   0x00000002   PAD
    0x0800473c   0x0800473c   0x000000a4   Code   RO         2279    i.TIM_OC2Init       stm32f10x_tim.o
    0x080047e0   0x080047e0   0x0000001a   Code   RO         2282    i.TIM_OC2PreloadConfig  stm32f10x_tim.o
    0x080047fa   0x080047fa   0x00000002   PAD
    0x080047fc   0x080047fc   0x000000a0   Code   RO         2284    i.TIM_OC3Init       stm32f10x_tim.o
    0x0800489c   0x0800489c   0x00000012   Code   RO         2287    i.TIM_OC3PreloadConfig  stm32f10x_tim.o
    0x080048ae   0x080048ae   0x00000002   PAD
    0x080048b0   0x080048b0   0x0000007c   Code   RO         2289    i.TIM_OC4Init       stm32f10x_tim.o
    0x0800492c   0x0800492c   0x0000001a   Code   RO         2291    i.TIM_OC4PreloadConfig  stm32f10x_tim.o
    0x08004946   0x08004946   0x00000004   Code   RO         2306    i.TIM_SetCompare1   stm32f10x_tim.o
    0x0800494a   0x0800494a   0x00000004   Code   RO         2307    i.TIM_SetCompare2   stm32f10x_tim.o
    0x0800494e   0x0800494e   0x00000004   Code   RO         2308    i.TIM_SetCompare3   stm32f10x_tim.o
    0x08004952   0x08004952   0x00000006   Code   RO         2309    i.TIM_SetCompare4   stm32f10x_tim.o
    0x08004958   0x08004958   0x000000a4   Code   RO         2316    i.TIM_TimeBaseInit  stm32f10x_tim.o
    0x080049fc   0x080049fc   0x000000a4   Code   RO          496    i.USART2_IRQHandler  dmx512.o
    0x08004aa0   0x08004aa0   0x00000018   Code   RO         2781    i.USART_Cmd         stm32f10x_usart.o
    0x08004ab8   0x08004ab8   0x0000001a   Code   RO         2784    i.USART_GetFlagStatus  stm32f10x_usart.o
    0x08004ad2   0x08004ad2   0x00000054   Code   RO         2785    i.USART_GetITStatus  stm32f10x_usart.o
    0x08004b26   0x08004b26   0x0000004a   Code   RO         2787    i.USART_ITConfig    stm32f10x_usart.o
    0x08004b70   0x08004b70   0x000000d8   Code   RO         2788    i.USART_Init        stm32f10x_usart.o
    0x08004c48   0x08004c48   0x0000000a   Code   RO         2795    i.USART_ReceiveData  stm32f10x_usart.o
    0x08004c52   0x08004c52   0x00000004   Code   RO          222    i.UsageFault_Handler  stm32f10x_it.o
    0x08004c56   0x08004c56   0x00000028   Code   RO         3422    i.__ARM_fpclassify  m_ws.l(fpclassify.o)
    0x08004c7e   0x08004c7e   0x0000000e   Code   RO         3564    i.__mathlib_dbl_overflow  m_ws.l(dunder.o)
    0x08004c8c   0x08004c8c   0x00000010   Code   RO         3566    i.__mathlib_dbl_underflow  m_ws.l(dunder.o)
    0x08004c9c   0x08004c9c   0x00000010   Code   RO         3496    i.__mathlib_narrow  m_ws.l(narrow.o)
    0x08004cac   0x08004cac   0x000000bc   Code   RO         3497    i.__mathlib_tofloat  m_ws.l(narrow.o)
    0x08004d68   0x08004d68   0x00000016   Code   RO         3547    i.__support_ldexp   m_ws.l(ldexp.o)
    0x08004d7e   0x08004d7e   0x0000000e   Code   RO         3058    i._is_digit         c_w.l(__printf_wp.o)
    0x08004d8c   0x08004d8c   0x0000002a   Code   RO         3146    i.atof              m_ws.l(atof.o)
    0x08004db6   0x08004db6   0x00000018   Code   RO          693    i.delay_ms          delay.o
    0x08004dce   0x08004dce   0x00000018   Code   RO          694    i.delay_us          delay.o
    0x08004de6   0x08004de6   0x00000002   PAD
    0x08004de8   0x08004de8   0x00000184   Code   RO          497    i.dmx512_init       dmx512.o
    0x08004f6c   0x08004f6c   0x000000ac   Code   RO          389    i.find_min_current_task  ledpower.o
    0x08005018   0x08005018   0x00000058   Code   RO         3520    i.frexp             m_ws.l(frexp.o)
    0x08005070   0x08005070   0x00000074   Code   RO         3548    i.ldexp             m_ws.l(ldexp.o)
    0x080050e4   0x080050e4   0x00000054   Code   RO          390    i.ledpower_init     ledpower.o
    0x08005138   0x08005138   0x00000050   Code   RO          391    i.ledpower_task     ledpower.o
    0x08005188   0x08005188   0x00000068   Code   RO            2    i.main              main.o
    0x080051f0   0x080051f0   0x00000130   Code   RO            3    i.receiving_dmx_data  main.o
    0x08005320   0x08005320   0x00000044   Code   RO          499    i.rs485_send_str    dmx512.o
    0x08005364   0x08005364   0x0000010c   Code   RO          565    i.set_pwm           pwm16.o
    0x08005470   0x08005470   0x0000008c   Code   RO          460    i.slect_ch          adc.o
    0x080054fc   0x080054fc   0x000002a4   Code   RO          500    i.uart_duty         dmx512.o
    0x080057a0   0x080057a0   0x0000006c   Code   RO          501    i.uart_resiver      dmx512.o
    0x0800580c   0x0800580c   0x0000002c   Code   RO         3405    locale$$code        c_w.l(lc_numeric_c.o)
    0x08005838   0x08005838   0x0000002c   Code   RO         3438    locale$$code        c_w.l(lc_ctype_c.o)
    0x08005864   0x08005864   0x00000062   Code   RO         3081    x$fpl$d2f           fz_ws.l(d2f.o)
    0x080058c6   0x080058c6   0x00000002   PAD
    0x080058c8   0x080058c8   0x00000150   Code   RO         3083    x$fpl$dadd          fz_ws.l(daddsub_clz.o)
    0x08005a18   0x08005a18   0x00000010   Code   RO         3558    x$fpl$dcheck1       fz_ws.l(dcheck1.o)
    0x08005a28   0x08005a28   0x00000018   Code   RO         3304    x$fpl$dcmpinf       fz_ws.l(dcmpi.o)
    0x08005a40   0x08005a40   0x000002b0   Code   RO         3090    x$fpl$ddiv          fz_ws.l(ddiv.o)
    0x08005cf0   0x08005cf0   0x00000078   Code   RO         3517    x$fpl$deqf          fz_ws.l(deqf.o)
    0x08005d68   0x08005d68   0x0000005a   Code   RO         3093    x$fpl$dfixu         fz_ws.l(dfixu.o)
    0x08005dc2   0x08005dc2   0x0000002e   Code   RO         3098    x$fpl$dflt          fz_ws.l(dflt_clz.o)
    0x08005df0   0x08005df0   0x00000026   Code   RO         3097    x$fpl$dfltu         fz_ws.l(dflt_clz.o)
    0x08005e16   0x08005e16   0x00000002   PAD
    0x08005e18   0x08005e18   0x00000078   Code   RO         3103    x$fpl$dleqf         fz_ws.l(dleqf.o)
    0x08005e90   0x08005e90   0x00000154   Code   RO         3105    x$fpl$dmul          fz_ws.l(dmul.o)
    0x08005fe4   0x08005fe4   0x0000009c   Code   RO         3306    x$fpl$dnaninf       fz_ws.l(dnaninf.o)
    0x08006080   0x08006080   0x0000000c   Code   RO         3308    x$fpl$dretinf       fz_ws.l(dretinf.o)
    0x0800608c   0x0800608c   0x0000006c   Code   RO         3107    x$fpl$drleqf        fz_ws.l(drleqf.o)
    0x080060f8   0x080060f8   0x000001d4   Code   RO         3085    x$fpl$dsub          fz_ws.l(daddsub_clz.o)
    0x080062cc   0x080062cc   0x00000056   Code   RO         3109    x$fpl$f2d           fz_ws.l(f2d.o)
    0x08006322   0x08006322   0x00000002   PAD
    0x08006324   0x08006324   0x000000c4   Code   RO         3111    x$fpl$fadd          fz_ws.l(faddsub_clz.o)
    0x080063e8   0x080063e8   0x00000018   Code   RO         3310    x$fpl$fcmpinf       fz_ws.l(fcmpi.o)
    0x08006400   0x08006400   0x00000184   Code   RO         3118    x$fpl$fdiv          fz_ws.l(fdiv.o)
    0x08006584   0x08006584   0x0000003e   Code   RO         3127    x$fpl$ffixu         fz_ws.l(ffixu.o)
    0x080065c2   0x080065c2   0x00000002   PAD
    0x080065c4   0x080065c4   0x00000026   Code   RO         3131    x$fpl$ffltu         fz_ws.l(fflt_clz.o)
    0x080065ea   0x080065ea   0x00000002   PAD
    0x080065ec   0x080065ec   0x00000068   Code   RO         3137    x$fpl$fleqf         fz_ws.l(fleqf.o)
    0x08006654   0x08006654   0x00000102   Code   RO         3139    x$fpl$fmul          fz_ws.l(fmul.o)
    0x08006756   0x08006756   0x0000008c   Code   RO         3312    x$fpl$fnaninf       fz_ws.l(fnaninf.o)
    0x080067e2   0x080067e2   0x0000000a   Code   RO         3314    x$fpl$fretinf       fz_ws.l(fretinf.o)
    0x080067ec   0x080067ec   0x00000062   Code   RO         3141    x$fpl$frleqf        fz_ws.l(frleqf.o)
    0x0800684e   0x0800684e   0x00000014   Code   RO         3112    x$fpl$frsb          fz_ws.l(faddsub_clz.o)
    0x08006862   0x08006862   0x00000002   PAD
    0x08006864   0x08006864   0x000000ea   Code   RO         3113    x$fpl$fsub          fz_ws.l(faddsub_clz.o)
    0x0800694e   0x0800694e   0x00000006   Code   RO         3418    x$fpl$ieeestatus    fz_ws.l(istatus.o)
    0x08006954   0x08006954   0x00000004   Code   RO         3143    x$fpl$printf1       fz_ws.l(printf1.o)
    0x08006958   0x08006958   0x00000004   Code   RO         3316    x$fpl$printf2       fz_ws.l(printf2.o)
    0x0800695c   0x0800695c   0x00000064   Code   RO         3575    x$fpl$retnan        fz_ws.l(retnan.o)
    0x080069c0   0x080069c0   0x0000005c   Code   RO         3544    x$fpl$scalbn        fz_ws.l(scalbn.o)
    0x08006a1c   0x08006a1c   0x00000004   Code   RO         3420    x$fpl$scanf1        fz_ws.l(scanf1.o)
    0x08006a20   0x08006a20   0x00000008   Code   RO         3490    x$fpl$scanf2        fz_ws.l(scanf2.o)
    0x08006a28   0x08006a28   0x00000030   Code   RO         3577    x$fpl$trapveneer    fz_ws.l(trapv.o)
    0x08006a58   0x08006a58   0x00000000   Code   RO         3322    x$fpl$usenofp       fz_ws.l(usenofp.o)
    0x08006a58   0x08006a58   0x00000040   Data   RO          394    .constdata          ledpower.o
    0x08006a98   0x08006a98   0x00000011   Data   RO         3066    .constdata          c_w.l(__printf_flags_ss_wp.o)
    0x08006aa9   0x08006aa9   0x00000003   PAD
    0x08006aac   0x08006aac   0x00000008   Data   RO         3201    .constdata          c_w.l(_printf_wctomb.o)
    0x08006ab4   0x08006ab4   0x00000028   Data   RO         3230    .constdata          c_w.l(_printf_hex_int_ll_ptr.o)
    0x08006adc   0x08006adc   0x00000026   Data   RO         3363    .constdata          c_w.l(_printf_fp_hex.o)
    0x08006b02   0x08006b02   0x00000002   PAD
    0x08006b04   0x08006b04   0x00000094   Data   RO         3378    .constdata          c_w.l(bigflt0.o)
    0x08006b98   0x08006b98   0x00000020   Data   RO         3579    Region$$Table       anon$$obj.o
    0x08006bb8   0x08006bb8   0x00000008   Data   RO         3486    c$$dinf             fz_ws.l(fpconst.o)
    0x08006bc0   0x08006bc0   0x00000008   Data   RO         3489    c$$dmax             fz_ws.l(fpconst.o)
    0x08006bc8   0x08006bc8   0x0000001c   Data   RO         3404    locale$$data        c_w.l(lc_numeric_c.o)
    0x08006be4   0x08006be4   0x00000110   Data   RO         3437    locale$$data        c_w.l(lc_ctype_c.o)


    Execution Region RW_IRAM1 (Exec base: 0x20000000, Load base: 0x08006cf4, Size: 0x00001c38, Max: 0x0000c000, ABSOLUTE)

    Exec Addr    Load Addr    Size         Type   Attr      Idx    E Section Name        Object

    0x20000000   0x08006cf4   0x0000000a   Data   RW            5    .data               main.o
    0x2000000a   0x08006cfe   0x00000002   PAD
    0x2000000c   0x08006d00   0x0000001e   Data   RW          395    .data               ledpower.o
    0x2000002a   0x08006d1e   0x00000002   PAD
    0x2000002c   0x08006d20   0x00000009   Data   RW          462    .data               adc.o
    0x20000035   0x08006d29   0x00000003   PAD
    0x20000038   0x08006d2c   0x00000015   Data   RW          503    .data               dmx512.o
    0x2000004d   0x08006d41   0x00000003   PAD
    0x20000050   0x08006d44   0x00000004   Data   RW          696    .data               delay.o
    0x20000054   0x08006d48   0x00000014   Data   RW         2061    .data               stm32f10x_rcc.o
    0x20000068        -       0x0000005c   Zero   RW            4    .bss                main.o
    0x200000c4        -       0x00000040   Zero   RW          280    .bss                scheduler.o
    0x20000104   0x08006d5c   0x00000004   PAD
    0x20000108        -       0x000002e4   Zero   RW          393    .bss                ledpower.o
    0x200003ec        -       0x000000a0   Zero   RW          461    .bss                adc.o
    0x2000048c        -       0x0000034c   Zero   RW          502    .bss                dmx512.o
    0x200007d8        -       0x00000800   Zero   RW          615    .bss                stmflash.o
    0x20000fd8        -       0x00000060   Zero   RW         3326    .bss                c_w.l(libspace.o)
    0x20001038        -       0x00000400   Zero   RW         2968    HEAP                startup_stm32f10x_hd.o
    0x20001438        -       0x00000800   Zero   RW         2967    STACK               startup_stm32f10x_hd.o


==============================================================================

Image component sizes


      Code (inc. data)   RO Data    RW Data    ZI Data      Debug   Object Name

      1004        102          0          9        160       3096   adc.o
       236         18          0          4          0      18347   delay.o
      1614        294          0         21        844       5847   dmx512.o
       524        104         64         30        740       3794   ledpower.o
       516         76          0         10         92     268532   main.o
       172         22          0          0          0       2017   misc.o
      1230          0          0          0          0       1632   neuralpid.o
      1062         74          0          0          0       4011   pwm16.o
       656         62          0          0         64       5957   scheduler.o
        64         26        304          0       3072        792   startup_stm32f10x_hd.o
       482         24          0          0          0       7846   stm32f10x_adc.o
       148          6          0          0          0        960   stm32f10x_exti.o
       486         10          0          0          0       3372   stm32f10x_gpio.o
        24          0          0          0          0       3332   stm32f10x_it.o
        16          6          0          0          0        461   stm32f10x_iwdg.o
       404         64          0         20          0       6595   stm32f10x_rcc.o
       952         92          0          0          0      10694   stm32f10x_tim.o
       434          6          0          0          0       5552   stm32f10x_usart.o
       664         66          0          0       2048       7375   stmflash.o
        56          0          0          0          0       1707   sys.o
       328         28          0          0          0       1837   system_stm32f10x.o
         8          0          0          0          0        416   wdg.o

    ----------------------------------------------------------------------
     11100       1080        400        104       7024     364172   Object Totals
         0          0         32          0          0          0   (incl. Generated)
        20          0          0         10          4          0   (incl. Padding)

    ----------------------------------------------------------------------

      Code (inc. data)   RO Data    RW Data    ZI Data      Debug   Library Member Name

        44          6          0          0          0         84   __2sprintf.o
         8          0          0          0          0         68   __main.o
       392          4         17          0          0         92   __printf_flags_ss_wp.o
        14          0          0          0          0         68   __printf_wp.o
         0          0          0          0          0          0   __rtentry.o
        12          0          0          0          0          0   __rtentry2.o
         6          0          0          0          0          0   __rtentry4.o
        52          8          0          0          0          0   __scatter.o
        26          0          0          0          0          0   __scatter_copy.o
        28          0          0          0          0          0   __scatter_zi.o
        28          0          0          0          0         68   _chval.o
         6          0          0          0          0          0   _printf_a.o
         6          0          0          0          0          0   _printf_c.o
        44          0          0          0          0        108   _printf_char.o
        48          6          0          0          0         96   _printf_char_common.o
        40          0          0          0          0         68   _printf_charcount.o
         6          0          0          0          0          0   _printf_d.o
       120         16          0          0          0         92   _printf_dec.o
         6          0          0          0          0          0   _printf_e.o
         6          0          0          0          0          0   _printf_f.o
      1054          0          0          0          0        216   _printf_fp_dec.o
       764          8         38          0          0        100   _printf_fp_hex.o
       128         16          0          0          0         84   _printf_fp_infnan.o
         6          0          0          0          0          0   _printf_g.o
       148          4         40          0          0        160   _printf_hex_int_ll_ptr.o
         6          0          0          0          0          0   _printf_i.o
       178          0          0          0          0         88   _printf_intcommon.o
        10          0          0          0          0          0   _printf_l.o
         6          0          0          0          0          0   _printf_lc.o
        10          0          0          0          0          0   _printf_ll.o
         6          0          0          0          0          0   _printf_lld.o
         6          0          0          0          0          0   _printf_lli.o
         6          0          0          0          0          0   _printf_llo.o
         6          0          0          0          0          0   _printf_llu.o
         6          0          0          0          0          0   _printf_llx.o
       124         16          0          0          0         92   _printf_longlong_dec.o
         6          0          0          0          0          0   _printf_ls.o
         6          0          0          0          0          0   _printf_n.o
         6          0          0          0          0          0   _printf_o.o
       112         10          0          0          0        124   _printf_oct_int_ll.o
         6          0          0          0          0          0   _printf_p.o
        78          0          0          0          0        108   _printf_pad.o
         0          0          0          0          0          0   _printf_percent.o
         4          0          0          0          0          0   _printf_percent_end.o
         6          0          0          0          0          0   _printf_s.o
        82          0          0          0          0         80   _printf_str.o
        36          0          0          0          0         84   _printf_truncate.o
         6          0          0          0          0          0   _printf_u.o
        44          0          0          0          0        108   _printf_wchar.o
       188          6          8          0          0         92   _printf_wctomb.o
         6          0          0          0          0          0   _printf_x.o
        22          0          0          0          0        100   _rserrno.o
        64          0          0          0          0         84   _sgetc.o
        10          0          0          0          0         68   _sputc.o
       158          0          0          0          0         92   _strtoul.o
        64          0          0          0          0         92   _wcrtomb.o
        26          0          0          0          0         80   atoi.o
       228          4        148          0          0         96   bigflt0.o
      2152        136          0          0          0        960   btod.o
        10          0          0          0          0         68   defsig_exit.o
        50          0          0          0          0         88   defsig_general.o
        80         58          0          0          0         76   defsig_rtmem_inner.o
        14          0          0          0          0         80   defsig_rtmem_outer.o
        18          0          0          0          0         80   exit.o
        94          0          0          0          0         80   h1_alloc.o
        52          0          0          0          0         68   h1_extend.o
        78          0          0          0          0         80   h1_free.o
        14          0          0          0          0         84   h1_init.o
         6          0          0          0          0        152   heapauxi.o
         4          0          0          0          0        136   hguard.o
         0          0          0          0          0          0   indicate_semi.o
       138          0          0          0          0        168   init_alloc.o
        18          0          0          0          0         76   isspace.o
        44         10        272          0          0         76   lc_ctype_c.o
        44         10         28          0          0         76   lc_numeric_c.o
         2          0          0          0          0          0   libinit.o
        38          0          0          0          0          0   libinit2.o
         2          0          0          0          0          0   libshutdown.o
         2          0          0          0          0          0   libshutdown2.o
         8          4          0          0         96         68   libspace.o
        38          0          0          0          0         68   llshl.o
       138          0          0          0          0         80   lludiv10.o
         0          0          0          0          0          0   maybetermalloc1.o
        16          4          0          0          0         76   rt_ctype_table.o
         8          4          0          0          0         68   rt_errno_addr_intlibspace.o
         8          4          0          0          0         68   rt_heap_descriptor_intlibspace.o
         8          4          0          0          0         68   rt_locale_intlibspace.o
       100          0          0          0          0         80   rt_memcpy_w.o
         2          0          0          0          0          0   rtexit.o
        10          0          0          0          0          0   rtexit2.o
      1272         16          0          0          0        168   scanf_fp.o
       800         14          0          0          0        100   scanf_hexfp.o
       308         16          0          0          0        100   scanf_infnan.o
       128          0          0          0          0         68   strcmpv7m.o
        36          0          0          0          0         80   strstr.o
       164         14          0          0          0        120   strtod.o
       112          0          0          0          0         88   strtol.o
        12          4          0          0          0         68   sys_exit.o
        74          0          0          0          0         80   sys_stackheap_outer.o
        14          0          0          0          0         76   sys_wrch.o
         2          0          0          0          0         68   use_no_semi.o
        36          4          0          0          0         76   vsprintf.o
        98          4          0          0          0         92   d2f.o
       804         16          0          0          0        272   daddsub_clz.o
        16          4          0          0          0         68   dcheck1.o
        24          0          0          0          0         68   dcmpi.o
       688        140          0          0          0        208   ddiv.o
       120          4          0          0          0         92   deqf.o
        90          4          0          0          0         92   dfixu.o
        84          0          0          0          0        136   dflt_clz.o
       120          4          0          0          0         92   dleqf.o
       340         12          0          0          0        104   dmul.o
       156          4          0          0          0         92   dnaninf.o
        12          0          0          0          0         68   dretinf.o
       108          0          0          0          0         80   drleqf.o
        86          4          0          0          0         84   f2d.o
       450          8          0          0          0        236   faddsub_clz.o
        24          0          0          0          0         68   fcmpi.o
       388         76          0          0          0         96   fdiv.o
        62          4          0          0          0         84   ffixu.o
        38          0          0          0          0         68   fflt_clz.o
       104          4          0          0          0         84   fleqf.o
       258          4          0          0          0         84   fmul.o
       140          4          0          0          0         84   fnaninf.o
         0          0         16          0          0          0   fpconst.o
        10          0          0          0          0         68   fretinf.o
        98          0          0          0          0         68   frleqf.o
         6          0          0          0          0         68   istatus.o
         4          0          0          0          0         68   printf1.o
         4          0          0          0          0         68   printf2.o
       100          0          0          0          0         68   retnan.o
        92          0          0          0          0         68   scalbn.o
         4          0          0          0          0         68   scanf1.o
         8          0          0          0          0         84   scanf2.o
        48          0          0          0          0         68   trapv.o
         0          0          0          0          0          0   usenofp.o
        42          0          0          0          0         84   atof.o
        30          6          0          0          0        136   dunder.o
        40          0          0          0          0         68   fpclassify.o
        88          8          0          0          0         76   frexp.o
       138          0          0          0          0        160   ldexp.o
       204          4          0          0          0        168   narrow.o

    ----------------------------------------------------------------------
     15820        722        572          0         96      10448   Library Totals
        26          2          5          0          0          0   (incl. Padding)

    ----------------------------------------------------------------------

      Code (inc. data)   RO Data    RW Data    ZI Data      Debug   Library Name

     10668        406        551          0         96       6708   c_w.l
      4584        296         16          0          0       3048   fz_ws.l
       542         18          0          0          0        692   m_ws.l

    ----------------------------------------------------------------------
     15820        722        572          0         96      10448   Library Totals

    ----------------------------------------------------------------------

==============================================================================


      Code (inc. data)   RO Data    RW Data    ZI Data      Debug   

     26920       1802        972        104       7120     362864   Grand Totals
     26920       1802        972        104       7120     362864   ELF Image Totals
     26920       1802        972        104          0          0   ROM Totals

==============================================================================

    Total RO  Size (Code + RO Data)                27892 (  27.24kB)
    Total RW  Size (RW Data + ZI Data)              7224 (   7.05kB)
    Total ROM Size (Code + RO Data + RW Data)      27996 (  27.34kB)

==============================================================================

